Archive member included to satisfy reference by file (symbol)

C:/STM_IDE/STM32CubeIDE_1.16.1/STM32CubeIDE/plugins/com.st.stm32cube.ide.mcu.externaltools.gnu-tools-for-stm32.12.3.rel1.win32_1.0.200.202406191623/tools/bin/../lib/gcc/arm-none-eabi/12.3.1/../../../../arm-none-eabi/lib/thumb/v7e-m+fp/hard\libc_nano.a(libc_a-exit.o)
                              C:/STM_IDE/STM32CubeIDE_1.16.1/STM32CubeIDE/plugins/com.st.stm32cube.ide.mcu.externaltools.gnu-tools-for-stm32.12.3.rel1.win32_1.0.200.202406191623/tools/bin/../lib/gcc/arm-none-eabi/12.3.1/../../../../arm-none-eabi/lib/thumb/v7e-m+fp/hard/crt0.o (exit)
C:/STM_IDE/STM32CubeIDE_1.16.1/STM32CubeIDE/plugins/com.st.stm32cube.ide.mcu.externaltools.gnu-tools-for-stm32.12.3.rel1.win32_1.0.200.202406191623/tools/bin/../lib/gcc/arm-none-eabi/12.3.1/../../../../arm-none-eabi/lib/thumb/v7e-m+fp/hard\libc_nano.a(libc_a-nano-vfprintf_float.o)
                              (_printf_float)
C:/STM_IDE/STM32CubeIDE_1.16.1/STM32CubeIDE/plugins/com.st.stm32cube.ide.mcu.externaltools.gnu-tools-for-stm32.12.3.rel1.win32_1.0.200.202406191623/tools/bin/../lib/gcc/arm-none-eabi/12.3.1/../../../../arm-none-eabi/lib/thumb/v7e-m+fp/hard\libc_nano.a(libc_a-nano-vfprintf_i.o)
                              C:/STM_IDE/STM32CubeIDE_1.16.1/STM32CubeIDE/plugins/com.st.stm32cube.ide.mcu.externaltools.gnu-tools-for-stm32.12.3.rel1.win32_1.0.200.202406191623/tools/bin/../lib/gcc/arm-none-eabi/12.3.1/../../../../arm-none-eabi/lib/thumb/v7e-m+fp/hard\libc_nano.a(libc_a-nano-vfprintf_float.o) (_printf_common)
C:/STM_IDE/STM32CubeIDE_1.16.1/STM32CubeIDE/plugins/com.st.stm32cube.ide.mcu.externaltools.gnu-tools-for-stm32.12.3.rel1.win32_1.0.200.202406191623/tools/bin/../lib/gcc/arm-none-eabi/12.3.1/../../../../arm-none-eabi/lib/thumb/v7e-m+fp/hard\libc_nano.a(libc_a-findfp.o)
                              C:/STM_IDE/STM32CubeIDE_1.16.1/STM32CubeIDE/plugins/com.st.stm32cube.ide.mcu.externaltools.gnu-tools-for-stm32.12.3.rel1.win32_1.0.200.202406191623/tools/bin/../lib/gcc/arm-none-eabi/12.3.1/../../../../arm-none-eabi/lib/thumb/v7e-m+fp/hard\libc_nano.a(libc_a-exit.o) (__stdio_exit_handler)
C:/STM_IDE/STM32CubeIDE_1.16.1/STM32CubeIDE/plugins/com.st.stm32cube.ide.mcu.externaltools.gnu-tools-for-stm32.12.3.rel1.win32_1.0.200.202406191623/tools/bin/../lib/gcc/arm-none-eabi/12.3.1/../../../../arm-none-eabi/lib/thumb/v7e-m+fp/hard\libc_nano.a(libc_a-fwalk.o)
                              C:/STM_IDE/STM32CubeIDE_1.16.1/STM32CubeIDE/plugins/com.st.stm32cube.ide.mcu.externaltools.gnu-tools-for-stm32.12.3.rel1.win32_1.0.200.202406191623/tools/bin/../lib/gcc/arm-none-eabi/12.3.1/../../../../arm-none-eabi/lib/thumb/v7e-m+fp/hard\libc_nano.a(libc_a-findfp.o) (_fwalk_sglue)
C:/STM_IDE/STM32CubeIDE_1.16.1/STM32CubeIDE/plugins/com.st.stm32cube.ide.mcu.externaltools.gnu-tools-for-stm32.12.3.rel1.win32_1.0.200.202406191623/tools/bin/../lib/gcc/arm-none-eabi/12.3.1/../../../../arm-none-eabi/lib/thumb/v7e-m+fp/hard\libc_nano.a(libc_a-printf.o)
                              ./Core/Src/bms_data/bms_data.o (printf)
C:/STM_IDE/STM32CubeIDE_1.16.1/STM32CubeIDE/plugins/com.st.stm32cube.ide.mcu.externaltools.gnu-tools-for-stm32.12.3.rel1.win32_1.0.200.202406191623/tools/bin/../lib/gcc/arm-none-eabi/12.3.1/../../../../arm-none-eabi/lib/thumb/v7e-m+fp/hard\libc_nano.a(libc_a-snprintf.o)
                              ./Core/Src/display/oled_display.o (snprintf)
C:/STM_IDE/STM32CubeIDE_1.16.1/STM32CubeIDE/plugins/com.st.stm32cube.ide.mcu.externaltools.gnu-tools-for-stm32.12.3.rel1.win32_1.0.200.202406191623/tools/bin/../lib/gcc/arm-none-eabi/12.3.1/../../../../arm-none-eabi/lib/thumb/v7e-m+fp/hard\libc_nano.a(libc_a-sprintf.o)
                              ./Core/Src/display/oled_display.o (sprintf)
C:/STM_IDE/STM32CubeIDE_1.16.1/STM32CubeIDE/plugins/com.st.stm32cube.ide.mcu.externaltools.gnu-tools-for-stm32.12.3.rel1.win32_1.0.200.202406191623/tools/bin/../lib/gcc/arm-none-eabi/12.3.1/../../../../arm-none-eabi/lib/thumb/v7e-m+fp/hard\libc_nano.a(libc_a-stdio.o)
                              C:/STM_IDE/STM32CubeIDE_1.16.1/STM32CubeIDE/plugins/com.st.stm32cube.ide.mcu.externaltools.gnu-tools-for-stm32.12.3.rel1.win32_1.0.200.202406191623/tools/bin/../lib/gcc/arm-none-eabi/12.3.1/../../../../arm-none-eabi/lib/thumb/v7e-m+fp/hard\libc_nano.a(libc_a-findfp.o) (__sread)
C:/STM_IDE/STM32CubeIDE_1.16.1/STM32CubeIDE/plugins/com.st.stm32cube.ide.mcu.externaltools.gnu-tools-for-stm32.12.3.rel1.win32_1.0.200.202406191623/tools/bin/../lib/gcc/arm-none-eabi/12.3.1/../../../../arm-none-eabi/lib/thumb/v7e-m+fp/hard\libc_nano.a(libc_a-memset.o)
                              C:/STM_IDE/STM32CubeIDE_1.16.1/STM32CubeIDE/plugins/com.st.stm32cube.ide.mcu.externaltools.gnu-tools-for-stm32.12.3.rel1.win32_1.0.200.202406191623/tools/bin/../lib/gcc/arm-none-eabi/12.3.1/../../../../arm-none-eabi/lib/thumb/v7e-m+fp/hard/crt0.o (memset)
[...]
Memory Configuration

Name             Origin             Length             Attributes
CCMRAM           0x10000000         0x00010000         xrw
RAM              0x20000000         0x00020000         xrw
FLASH            0x08000000         0x00100000         xr
*default*        0x00000000         0xffffffff

Linker script and memory map

LOAD C:/STM_IDE/STM32CubeIDE_1.16.1/STM32CubeIDE/plugins/com.st.stm32cube.ide.mcu.externaltools.gnu-tools-for-stm32.12.3.rel1.win32_1.0.200.202406191623/tools/bin/../lib/gcc/arm-none-eabi/12.3.1/thumb/v7e-m+fp/hard/crti.o
LOAD C:/STM_IDE/STM32CubeIDE_1.16.1/STM32CubeIDE/plugins/com.st.stm32cube.ide.mcu.externaltools.gnu-tools-for-stm32.12.3.rel1.win32_1.0.200.202406191623/tools/bin/../lib/gcc/arm-none-eabi/12.3.1/thumb/v7e-m+fp/hard/crtbegin.o
LOAD C:/STM_IDE/STM32CubeIDE_1.16.1/STM32CubeIDE/plugins/com.st.stm32cube.ide.mcu.externaltools.gnu-tools-for-stm32.12.3.rel1.win32_1.0.200.202406191623/tools/bin/../lib/gcc/arm-none-eabi/12.3.1/../../../../arm-none-eabi/lib/thumb/v7e-m+fp/hard/crt0.o
LOAD ./Core/Src/bms_data/bms_data.o
LOAD ./Core/Src/buzzer/buzzer.o
LOAD ./Core/Src/display/oled_display.o
LOAD ./Core/Src/display/ssd1306.o
LOAD ./Core/Src/display/ssd1306_fonts.o
LOAD ./Core/Src/eeprom_at24c16/epprom_processings.o
LOAD ./Core/Src/main.o
LOAD ./Core/Src/stm32f4xx_hal_msp.o
LOAD ./Core/Src/stm32f4xx_it.o
LOAD ./Core/Src/syscalls.o
LOAD ./Core/Src/sysmem.o
LOAD ./Core/Src/system_stm32f4xx.o
LOAD ./Core/Src/processings/processings.o
LOAD ./Core/Src/sensing/sensing.o
LOAD ./Core/Startup/startup_stm32f407vgtx.o
LOAD ./Drivers/STM32F4xx_HAL_Driver/Src/stm32f4xx_hal.o
LOAD ./Drivers/STM32F4xx_HAL_Driver/Src/stm32f4xx_hal_adc.o
LOAD ./Drivers/STM32F4xx_HAL_Driver/Src/stm32f4xx_hal_adc_ex.o
LOAD ./Drivers/STM32F4xx_HAL_Driver/Src/stm32f4xx_hal_cortex.o
LOAD ./Drivers/STM32F4xx_HAL_Driver/Src/stm32f4xx_hal_dma.o
LOAD ./Drivers/STM32F4xx_HAL_Driver/Src/stm32f4xx_hal_dma_ex.o
LOAD ./Drivers/STM32F4xx_HAL_Driver/Src/stm32f4xx_hal_exti.o
LOAD ./Drivers/STM32F4xx_HAL_Driver/Src/stm32f4xx_hal_flash.o
LOAD ./Drivers/STM32F4xx_HAL_Driver/Src/stm32f4xx_hal_flash_ex.o
LOAD ./Drivers/STM32F4xx_HAL_Driver/Src/stm32f4xx_hal_flash_ramfunc.o
LOAD ./Drivers/STM32F4xx_HAL_Driver/Src/stm32f4xx_hal_gpio.o
LOAD ./Drivers/STM32F4xx_HAL_Driver/Src/stm32f4xx_hal_i2c.o
LOAD ./Drivers/STM32F4xx_HAL_Driver/Src/stm32f4xx_hal_i2c_ex.o
LOAD ./Drivers/STM32F4xx_HAL_Driver/Src/stm32f4xx_hal_pwr.o
LOAD ./Drivers/STM32F4xx_HAL_Driver/Src/stm32f4xx_hal_pwr_ex.o
LOAD ./Drivers/STM32F4xx_HAL_Driver/Src/stm32f4xx_hal_rcc.o
LOAD ./Drivers/STM32F4xx_HAL_Driver/Src/stm32f4xx_hal_rcc_ex.o
LOAD ./Drivers/STM32F4xx_HAL_Driver/Src/stm32f4xx_hal_tim.o
LOAD ./Drivers/STM32F4xx_HAL_Driver/Src/stm32f4xx_hal_tim_ex.o
LOAD ./Drivers/STM32F4xx_HAL_Driver/Src/stm32f4xx_ll_adc.o
START GROUP
LOAD C:/STM_IDE/STM32CubeIDE_1.16.1/STM32CubeIDE/plugins/com.st.stm32cube.ide.mcu.externaltools.gnu-tools-for-stm32.12.3.rel1.win32_1.0.200.202406191623/tools/bin/../lib/gcc/arm-none-eabi/12.3.1/../../../../arm-none-eabi/lib/thumb/v7e-m+fp/hard\libc_nano.a
LOAD C:/STM_IDE/STM32CubeIDE_1.16.1/STM32CubeIDE/plugins/com.st.stm32cube.ide.mcu.externaltools.gnu-tools-for-stm32.12.3.rel1.win32_1.0.200.202406191623/tools/bin/../lib/gcc/arm-none-eabi/12.3.1/../../../../arm-none-eabi/lib/thumb/v7e-m+fp/hard\libm.a
END GROUP
START GROUP
LOAD C:/STM_IDE/STM32CubeIDE_1.16.1/STM32CubeIDE/plugins/com.st.stm32cube.ide.mcu.externaltools.gnu-tools-for-stm32.12.3.rel1.win32_1.0.200.202406191623/tools/bin/../lib/gcc/arm-none-eabi/12.3.1/thumb/v7e-m+fp/hard\libgcc.a
LOAD C:/STM_IDE/STM32CubeIDE_1.16.1/STM32CubeIDE/plugins/com.st.stm32cube.ide.mcu.externaltools.gnu-tools-for-stm32.12.3.rel1.win32_1.0.200.202406191623/tools/bin/../lib/gcc/arm-none-eabi/12.3.1/../../../../arm-none-eabi/lib/thumb/v7e-m+fp/hard\libc_nano.a
END GROUP
START GROUP
LOAD C:/STM_IDE/STM32CubeIDE_1.16.1/STM32CubeIDE/plugins/com.st.stm32cube.ide.mcu.externaltools.gnu-tools-for-stm32.12.3.rel1.win32_1.0.200.202406191623/tools/bin/../lib/gcc/arm-none-eabi/12.3.1/thumb/v7e-m+fp/hard\libgcc.a
LOAD C:/STM_IDE/STM32CubeIDE_1.16.1/STM32CubeIDE/plugins/com.st.stm32cube.ide.mcu.externaltools.gnu-tools-for-stm32.12.3.rel1.win32_1.0.200.202406191623/tools/bin/../lib/gcc/arm-none-eabi/12.3.1/../../../../arm-none-eabi/lib/thumb/v7e-m+fp/hard\libc_nano.a
LOAD C:/STM_IDE/STM32CubeIDE_1.16.1/STM32CubeIDE/plugins/com.st.stm32cube.ide.mcu.externaltools.gnu-tools-for-stm32.12.3.rel1.win32_1.0.200.202406191623/tools/bin/../lib/gcc/arm-none-eabi/12.3.1/../../../../arm-none-eabi/lib/thumb/v7e-m+fp/hard\libnosys.a
END GROUP
START GROUP
LOAD C:/STM_IDE/STM32CubeIDE_1.16.1/STM32CubeIDE/plugins/com.st.stm32cube.ide.mcu.externaltools.gnu-tools-for-stm32.12.3.rel1.win32_1.0.200.202406191623/tools/bin/../lib/gcc/arm-none-eabi/12.3.1/thumb/v7e-m+fp/hard\libgcc.a
LOAD C:/STM_IDE/STM32CubeIDE_1.16.1/STM32CubeIDE/plugins/com.st.stm32cube.ide.mcu.externaltools.gnu-tools-for-stm32.12.3.rel1.win32_1.0.200.202406191623/tools/bin/../lib/gcc/arm-none-eabi/12.3.1/../../../../arm-none-eabi/lib/thumb/v7e-m+fp/hard\libc_nano.a
LOAD C:/STM_IDE/STM32CubeIDE_1.16.1/STM32CubeIDE/plugins/com.st.stm32cube.ide.mcu.externaltools.gnu-tools-for-stm32.12.3.rel1.win32_1.0.200.202406191623/tools/bin/../lib/gcc/arm-none-eabi/12.3.1/../../../../arm-none-eabi/lib/thumb/v7e-m+fp/hard\libnosys.a
END GROUP
LOAD C:/STM_IDE/STM32CubeIDE_1.16.1/STM32CubeIDE/plugins/com.st.stm32cube.ide.mcu.externaltools.gnu-tools-for-stm32.12.3.rel1.win32_1.0.200.202406191623/tools/bin/../lib/gcc/arm-none-eabi/12.3.1/thumb/v7e-m+fp/hard/crtend.o
LOAD C:/STM_IDE/STM32CubeIDE_1.16.1/STM32CubeIDE/plugins/com.st.stm32cube.ide.mcu.externaltools.gnu-tools-for-stm32.12.3.rel1.win32_1.0.200.202406191623/tools/bin/../lib/gcc/arm-none-eabi/12.3.1/thumb/v7e-m+fp/hard/crtn.o
                0x20020000                        _estack = (ORIGIN (RAM) + LENGTH (RAM))
                0x00000200                        _Min_Heap_Size = 0x200
                0x00000400                        _Min_Stack_Size = 0x400

.isr_vector     0x08000000      0x188
                0x08000000                        . = ALIGN (0x4)
 *(.isr_vector)
 .isr_vector    0x08000000      0x188 ./Core/Startup/startup_stm32f407vgtx.o
                0x08000000                g_pfnVectors
                0x08000188                        . = ALIGN (0x4)

.text           0x08000190     0xa6ec
                0x08000190                        . = ALIGN (0x4)
 *(.text)
 .text          0x08000190       0x40 C:/STM_IDE/STM32CubeIDE_1.16.1/STM32CubeIDE/plugins/com.st.stm32cube.ide.mcu.externaltools.gnu-tools-for-stm32.12.3.rel1.win32_1.0.200.202406191623/tools/bin/../lib/gcc/arm-none-eabi/12.3.1/thumb/v7e-m+fp/hard/crtbegin.o
 .text          0x080001d0       0xa0 C:/STM_IDE/STM32CubeIDE_1.16.1/STM32CubeIDE/plugins/com.st.stm32cube.ide.mcu.externaltools.gnu-tools-for-stm32.12.3.rel1.win32_1.0.200.202406191623/tools/bin/../lib/gcc/arm-none-eabi/12.3.1/../../../../arm-none-eabi/lib/thumb/v7e-m+fp/hard\libc_nano.a(libc_a-memchr.o)
                0x080001d0                memchr
 .text          0x08000270       0x10 C:/STM_IDE/STM32CubeIDE_1.16.1/STM32CubeIDE/plugins/com.st.stm32cube.ide.mcu.externaltools.gnu-tools-for-stm32.12.3.rel1.win32_1.0.200.202406191623/tools/bin/../lib/gcc/arm-none-eabi/12.3.1/../../../../arm-none-eabi/lib/thumb/v7e-m+fp/hard\libc_nano.a(libc_a-strlen.o)
                0x08000270                strlen
 .text          0x08000280      0x378 C:/STM_IDE/STM32CubeIDE_1.16.1/STM32CubeIDE/plugins/com.st.stm32cube.ide.mcu.externaltools.gnu-tools-for-stm32.12.3.rel1.win32_1.0.200.202406191623/tools/bin/../lib/gcc/arm-none-eabi/12.3.1/thumb/v7e-m+fp/hard\libgcc.a(_arm_addsubdf3.o)
                0x08000280                __aeabi_drsub
                0x08000288                __aeabi_dsub
                0x08000288                __subdf3
                0x0800028c                __aeabi_dadd
                0x0800028c                __adddf3
                0x08000504                __floatunsidf
                0x08000504                __aeabi_ui2d
                0x08000524                __floatsidf
                0x08000524                __aeabi_i2d
                0x08000548                __aeabi_f2d
                0x08000548                __extendsfdf2
                0x0800058c                __floatundidf
                0x0800058c                __aeabi_ul2d
                0x0800059c                __floatdidf
                0x0800059c                __aeabi_l2d
 .text          0x080005f8      0x424 C:/STM_IDE/STM32CubeIDE_1.16.1/STM32CubeIDE/plugins/com.st.stm32cube.ide.mcu.externaltools.gnu-tools-for-stm32.12.3.rel1.win32_1.0.200.202406191623/tools/bin/../lib/gcc/arm-none-eabi/12.3.1/thumb/v7e-m+fp/hard\libgcc.a(_arm_muldivdf3.o)
                0x080005f8                __aeabi_dmul
                0x080005f8                __muldf3
                0x0800084c                __divdf3
                0x0800084c                __aeabi_ddiv
 .text          0x08000a1c      0x110 C:/STM_IDE/STM32CubeIDE_1.16.1/STM32CubeIDE/plugins/com.st.stm32cube.ide.mcu.externaltools.gnu-tools-for-stm32.12.3.rel1.win32_1.0.200.202406191623/tools/bin/../lib/gcc/arm-none-eabi/12.3.1/thumb/v7e-m+fp/hard\libgcc.a(_arm_cmpdf2.o)
                0x08000a1c                __gtdf2
                0x08000a1c                __gedf2
                0x08000a24                __ltdf2
                0x08000a24                __ledf2
                0x08000a2c                __nedf2
                0x08000a2c                __eqdf2
                0x08000a2c                __cmpdf2
                0x08000aa8                __aeabi_cdrcmple
                0x08000ab8                __aeabi_cdcmpeq
                0x08000ab8                __aeabi_cdcmple
                0x08000ac8                __aeabi_dcmpeq
                0x08000adc                __aeabi_dcmplt
                0x08000af0                __aeabi_dcmple
                0x08000b04                __aeabi_dcmpge
                0x08000b18                __aeabi_dcmpgt
 .text          0x08000b2c       0x2c C:/STM_IDE/STM32CubeIDE_1.16.1/STM32CubeIDE/plugins/com.st.stm32cube.ide.mcu.externaltools.gnu-tools-for-stm32.12.3.rel1.win32_1.0.200.202406191623/tools/bin/../lib/gcc/arm-none-eabi/12.3.1/thumb/v7e-m+fp/hard\libgcc.a(_arm_unorddf2.o)
                0x08000b2c                __unorddf2
                0x08000b2c                __aeabi_dcmpun
 .text          0x08000b58       0x50 C:/STM_IDE/STM32CubeIDE_1.16.1/STM32CubeIDE/plugins/com.st.stm32cube.ide.mcu.externaltools.gnu-tools-for-stm32.12.3.rel1.win32_1.0.200.202406191623/tools/bin/../lib/gcc/arm-none-eabi/12.3.1/thumb/v7e-m+fp/hard\libgcc.a(_arm_fixdfsi.o)
                0x08000b58                __aeabi_d2iz
                0x08000b58                __fixdfsi
 .text          0x08000ba8       0xa0 C:/STM_IDE/STM32CubeIDE_1.16.1/STM32CubeIDE/plugins/com.st.stm32cube.ide.mcu.externaltools.gnu-tools-for-stm32.12.3.rel1.win32_1.0.200.202406191623/tools/bin/../lib/gcc/arm-none-eabi/12.3.1/thumb/v7e-m+fp/hard\libgcc.a(_arm_truncdfsf2.o)
                0x08000ba8                __truncdfsf2
                0x08000ba8                __aeabi_d2f
 .text          0x08000c48       0x30 C:/STM_IDE/STM32CubeIDE_1.16.1/STM32CubeIDE/plugins/com.st.stm32cube.ide.mcu.externaltools.gnu-tools-for-stm32.12.3.rel1.win32_1.0.200.202406191623/tools/bin/../lib/gcc/arm-none-eabi/12.3.1/thumb/v7e-m+fp/hard\libgcc.a(_aeabi_uldivmod.o)
                0x08000c48                __aeabi_uldivmod
 .text          0x08000c78      0x2bc C:/STM_IDE/STM32CubeIDE_1.16.1/STM32CubeIDE/plugins/com.st.stm32cube.ide.mcu.externaltools.gnu-tools-for-stm32.12.3.rel1.win32_1.0.200.202406191623/tools/bin/../lib/gcc/arm-none-eabi/12.3.1/thumb/v7e-m+fp/hard\libgcc.a(_udivmoddi4.o)
                0x08000c78                __udivmoddi4
 .text          0x08000f34        0x4 C:/STM_IDE/STM32CubeIDE_1.16.1/STM32CubeIDE/plugins/com.st.stm32cube.ide.mcu.externaltools.gnu-tools-for-stm32.12.3.rel1.win32_1.0.200.202406191623/tools/bin/../lib/gcc/arm-none-eabi/12.3.1/thumb/v7e-m+fp/hard\libgcc.a(_dvmd_tls.o)
                0x08000f34                __aeabi_idiv0
                0x08000f34                __aeabi_ldiv0
 *(.text*)
 .text.BMS_Init
                0x08000f38       0x68 ./Core/Src/bms_data/bms_data.o
                0x08000f38                BMS_Init
 .text.BMS_Data_Received_Init
                0x08000fa0       0x18 ./Core/Src/bms_data/bms_data.o
                0x08000fa0                BMS_Data_Received_Init
 .text.BMS_SaveToEEPROM
                0x08000fb8      0x1f8 ./Core/Src/bms_data/bms_data.o
                0x08000fb8                BMS_SaveToEEPROM
 .text.BMS_LoadFromEEPROM
                0x080011b0      0x198 ./Core/Src/bms_data/bms_data.o
                0x080011b0                BMS_LoadFromEEPROM
 .text.buzzer_init
                0x08001348       0x68 ./Core/Src/buzzer/buzzer.o
                0x08001348                buzzer_init
 .text.batteryStatusToString
                0x080013b0       0x48 ./Core/Src/display/oled_display.o
                0x080013b0                batteryStatusToString
 .text.oled_init
                0x080013f8        0xc ./Core/Src/display/oled_display.o
                0x080013f8                oled_init
 .text.oled_display
                0x08001404      0x1a0 ./Core/Src/display/oled_display.o
                0x08001404                oled_display
 .text.ssd1306_Reset
                0x080015a4        0xe ./Core/Src/display/ssd1306.o
                0x080015a4                ssd1306_Reset
 *fill*         0x080015b2        0x2 
 .text.ssd1306_WriteCommand
                0x080015b4       0x30 ./Core/Src/display/ssd1306.o
                0x080015b4                ssd1306_WriteCommand
 .text.ssd1306_WriteData
                0x080015e4       0x34 ./Core/Src/display/ssd1306.o
                0x080015e4                ssd1306_WriteData
 .text.ssd1306_Init
                0x08001618       0xd4 ./Core/Src/display/ssd1306.o
                0x08001618                ssd1306_Init
 .text.ssd1306_Fill
                0x080016ec       0x30 ./Core/Src/display/ssd1306.o
                0x080016ec                ssd1306_Fill
 .text.ssd1306_UpdateScreen
                0x0800171c       0x50 ./Core/Src/display/ssd1306.o
                0x0800171c                ssd1306_UpdateScreen
 .text.ssd1306_DrawPixel
                0x0800176c       0xa8 ./Core/Src/display/ssd1306.o
                0x0800176c                ssd1306_DrawPixel
 .text.ssd1306_WriteChar
                0x08001814      0x120 ./Core/Src/display/ssd1306.o
                0x08001814                ssd1306_WriteChar
 .text.ssd1306_WriteString
                0x08001934       0x4c ./Core/Src/display/ssd1306.o
                0x08001934                ssd1306_WriteString
 .text.ssd1306_SetCursor
                0x08001980       0x30 ./Core/Src/display/ssd1306.o
                0x08001980                ssd1306_SetCursor
 .text.ssd1306_SetContrast
                0x080019b0       0x26 ./Core/Src/display/ssd1306.o
                0x080019b0                ssd1306_SetContrast
 *fill*         0x080019d6        0x2 
 .text.ssd1306_SetDisplayOn
                0x080019d8       0x3c ./Core/Src/display/ssd1306.o
                0x080019d8                ssd1306_SetDisplayOn
 .text.EEPROM_WritePage
                0x08001a14       0x78 ./Core/Src/eeprom_at24c16/epprom_processings.o
                0x08001a14                EEPROM_WritePage
 .text.EEPROM_ReadPage
                0x08001a8c       0x6c ./Core/Src/eeprom_at24c16/epprom_processings.o
                0x08001a8c                EEPROM_ReadPage
 .text.main     0x08001af8      0x168 ./Core/Src/main.o
                0x08001af8                main
 .text.SystemClock_Config
                0x08001c60       0xd4 ./Core/Src/main.o
                0x08001c60                SystemClock_Config
 .text.MX_ADC1_Init
                0x08001d34       0xd4 ./Core/Src/main.o
                0x08001d34                MX_ADC1_Init
 .text.MX_ADC2_Init
                0x08001e08       0x94 ./Core/Src/main.o
 .text.MX_I2C1_Init
                0x08001e9c       0x5c ./Core/Src/main.o
 .text.MX_TIM2_Init
                0x08001ef8       0x9c ./Core/Src/main.o
 .text.MX_DMA_Init
                0x08001f94       0x40 ./Core/Src/main.o
 .text.MX_GPIO_Init
                0x08001fd4      0x298 ./Core/Src/main.o
 .text.Error_Handler
                0x0800226c        0xc ./Core/Src/main.o
                0x0800226c                Error_Handler
 .text.HAL_MspInit
                0x08002278       0x50 ./Core/Src/stm32f4xx_hal_msp.o
                0x08002278                HAL_MspInit
 .text.HAL_ADC_MspInit
                0x080022c8      0x178 ./Core/Src/stm32f4xx_hal_msp.o
                0x080022c8                HAL_ADC_MspInit
 .text.HAL_ADC_MspDeInit
                0x08002440       0x68 ./Core/Src/stm32f4xx_hal_msp.o
                0x08002440                HAL_ADC_MspDeInit
 .text.HAL_I2C_MspInit
                0x080024a8       0x90 ./Core/Src/stm32f4xx_hal_msp.o
                0x080024a8                HAL_I2C_MspInit
 .text.HAL_TIM_Base_MspInit
                0x08002538       0x40 ./Core/Src/stm32f4xx_hal_msp.o
                0x08002538                HAL_TIM_Base_MspInit
 .text.NMI_Handler
                0x08002578        0x8 ./Core/Src/stm32f4xx_it.o
                0x08002578                NMI_Handler
 .text.HardFault_Handler
                0x08002580        0x8 ./Core/Src/stm32f4xx_it.o
                0x08002580                HardFault_Handler
 .text.MemManage_Handler
                0x08002588        0x8 ./Core/Src/stm32f4xx_it.o
                0x08002588                MemManage_Handler
 .text.BusFault_Handler
                0x08002590        0x8 ./Core/Src/stm32f4xx_it.o
                0x08002590                BusFault_Handler
 .text.UsageFault_Handler
                0x08002598        0x8 ./Core/Src/stm32f4xx_it.o
                0x08002598                UsageFault_Handler
 .text.SVC_Handler
                0x080025a0        0xe ./Core/Src/stm32f4xx_it.o
                0x080025a0                SVC_Handler
 .text.DebugMon_Handler
                0x080025ae        0xe ./Core/Src/stm32f4xx_it.o
                0x080025ae                DebugMon_Handler
 .text.PendSV_Handler
                0x080025bc        0xe ./Core/Src/stm32f4xx_it.o
                0x080025bc                PendSV_Handler
 .text.SysTick_Handler
                0x080025ca        0xc ./Core/Src/stm32f4xx_it.o
                0x080025ca                SysTick_Handler
 *fill*         0x080025d6        0x2 
 .text.DMA2_Stream0_IRQHandler
                0x080025d8       0x14 ./Core/Src/stm32f4xx_it.o
                0x080025d8                DMA2_Stream0_IRQHandler
 .text.HAL_ADC_ConvCpltCallback
                0x080025ec       0x54 ./Core/Src/stm32f4xx_it.o
                0x080025ec                HAL_ADC_ConvCpltCallback
 .text.ITM_SendChar
                0x08002640       0x4e ./Core/Src/syscalls.o
 .text._getpid  0x0800268e       0x10 ./Core/Src/syscalls.o
                0x0800268e                _getpid
 .text._kill    0x0800269e       0x20 ./Core/Src/syscalls.o
                0x0800269e                _kill
 .text._exit    0x080026be       0x16 ./Core/Src/syscalls.o
                0x080026be                _exit
 .text._read    0x080026d4       0x3a ./Core/Src/syscalls.o
                0x080026d4                _read
 .text._write   0x0800270e       0x38 ./Core/Src/syscalls.o
                0x0800270e                _write
 .text._close   0x08002746       0x18 ./Core/Src/syscalls.o
                0x08002746                _close
 .text._fstat   0x0800275e       0x20 ./Core/Src/syscalls.o
                0x0800275e                _fstat
 .text._isatty  0x0800277e       0x16 ./Core/Src/syscalls.o
                0x0800277e                _isatty
 .text._lseek   0x08002794       0x1a ./Core/Src/syscalls.o
                0x08002794                _lseek
 .text.__io_putchar
                0x080027ae       0x1a ./Core/Src/syscalls.o
                0x080027ae                __io_putchar
 .text._sbrk    0x080027c8       0x6c ./Core/Src/sysmem.o
                0x080027c8                _sbrk
 .text.SystemInit
                0x08002834       0x2c ./Core/Src/system_stm32f4xx.o
                0x08002834                SystemInit
 .text.processing
                0x08002860      0x130 ./Core/Src/processings/processings.o
                0x08002860                processing
 .text.determine_status
                0x08002990      0x110 ./Core/Src/processings/processings.o
 .text.calculate_soc
                0x08002aa0       0x60 ./Core/Src/processings/processings.o
 .text.calculate_soh
                0x08002b00       0x7c ./Core/Src/processings/processings.o
 .text.calculate_power
                0x08002b7c       0x40 ./Core/Src/processings/processings.o
 *fill*         0x08002bbc        0x4 
 .text.calculate_remaining_time
                0x08002bc0      0x144 ./Core/Src/processings/processings.o
 .text.calculate_average_voltage
                0x08002d04       0x5c ./Core/Src/processings/processings.o
 .text.calculate_average_current
                0x08002d60       0x5c ./Core/Src/processings/processings.o
 .text.calculate_average_temperature
                0x08002dbc       0x80 ./Core/Src/processings/processings.o
 .text.calculate_average_power
                0x08002e3c       0x68 ./Core/Src/processings/processings.o
 *fill*         0x08002ea4        0x4 
 .text.calculate_total_energy_charged
                0x08002ea8       0xc8 ./Core/Src/processings/processings.o
 .text.track_maximum_voltage_current_temperature
                0x08002f70       0xb0 ./Core/Src/processings/processings.o
 .text.record_total_charging_time
                0x08003020       0x3c ./Core/Src/processings/processings.o
 .text.detect_overvoltage
                0x0800305c       0x38 ./Core/Src/processings/processings.o
 .text.detect_undervoltage
                0x08003094       0x38 ./Core/Src/processings/processings.o
 .text.detect_overcurrent
                0x080030cc       0x38 ./Core/Src/processings/processings.o
 .text.detect_short_circuit
                0x08003104       0x58 ./Core/Src/processings/processings.o
 .text.reconfigure_to_dual_mode
                0x0800315c       0x38 ./Core/Src/sensing/sensing.o
                0x0800315c                reconfigure_to_dual_mode
 .text.reconfigure_to_temperature_channel
                0x08003194       0xe0 ./Core/Src/sensing/sensing.o
                0x08003194                reconfigure_to_temperature_channel
 .text.read_temperature
                0x08003274       0x50 ./Core/Src/sensing/sensing.o
                0x08003274                read_temperature
 *fill*         0x080032c4        0x4 
 .text.convert_adc_raw_voltage_in_mV
                0x080032c8       0x90 ./Core/Src/sensing/sensing.o
 .text.convert_adc_raw_current_in_mA
                0x08003358       0xbc ./Core/Src/sensing/sensing.o
 *fill*         0x08003414        0x4 
 .text.convert_adc_raw_temperature
                0x08003418      0x140 ./Core/Src/sensing/sensing.o
 .text.process_voltage_and_current_data
                0x08003558       0xc8 ./Core/Src/sensing/sensing.o
                0x08003558                process_voltage_and_current_data
 .text.Reset_Handler
                0x08003620       0x50 ./Core/Startup/startup_stm32f407vgtx.o
                0x08003620                Reset_Handler
 .text.Default_Handler
                0x08003670        0x2 ./Core/Startup/startup_stm32f407vgtx.o
                0x08003670                RTC_Alarm_IRQHandler
                0x08003670                HASH_RNG_IRQHandler
                0x08003670                EXTI2_IRQHandler
                0x08003670                TIM8_CC_IRQHandler
                0x08003670                TIM1_CC_IRQHandler
                0x08003670                DMA2_Stream5_IRQHandler
                0x08003670                DMA1_Stream5_IRQHandler
                0x08003670                PVD_IRQHandler
                0x08003670                SDIO_IRQHandler
                0x08003670                TAMP_STAMP_IRQHandler
                0x08003670                CAN2_RX1_IRQHandler
                0x08003670                EXTI3_IRQHandler
                0x08003670                TIM8_TRG_COM_TIM14_IRQHandler
                0x08003670                TIM1_UP_TIM10_IRQHandler
                0x08003670                TIM8_UP_TIM13_IRQHandler
                0x08003670                I2C3_ER_IRQHandler
                0x08003670                EXTI0_IRQHandler
                0x08003670                I2C2_EV_IRQHandler
                0x08003670                DMA1_Stream2_IRQHandler
                0x08003670                CAN1_RX0_IRQHandler
                0x08003670                FPU_IRQHandler
                0x08003670                OTG_HS_WKUP_IRQHandler
                0x08003670                CAN2_SCE_IRQHandler
                0x08003670                DMA2_Stream2_IRQHandler
                0x08003670                SPI1_IRQHandler
                0x08003670                TIM6_DAC_IRQHandler
                0x08003670                TIM1_BRK_TIM9_IRQHandler
                0x08003670                DCMI_IRQHandler
                0x08003670                CAN2_RX0_IRQHandler
                0x08003670                DMA2_Stream3_IRQHandler
                0x08003670                USART6_IRQHandler
                0x08003670                USART3_IRQHandler
                0x08003670                CAN1_RX1_IRQHandler
                0x08003670                UART5_IRQHandler
                0x08003670                TIM4_IRQHandler
                0x08003670                I2C1_EV_IRQHandler
                0x08003670                DMA1_Stream6_IRQHandler
                0x08003670                DMA1_Stream1_IRQHandler
                0x08003670                UART4_IRQHandler
                0x08003670                TIM3_IRQHandler
                0x08003670                RCC_IRQHandler
                0x08003670                TIM8_BRK_TIM12_IRQHandler
                0x08003670                Default_Handler
                0x08003670                EXTI15_10_IRQHandler
                0x08003670                ADC_IRQHandler
                0x08003670                DMA1_Stream7_IRQHandler
                0x08003670                TIM7_IRQHandler
                0x08003670                CAN2_TX_IRQHandler
                0x08003670                TIM5_IRQHandler
                0x08003670                DMA2_Stream7_IRQHandler
                0x08003670                I2C3_EV_IRQHandler
                0x08003670                EXTI9_5_IRQHandler
                0x08003670                RTC_WKUP_IRQHandler
                0x08003670                ETH_WKUP_IRQHandler
                0x08003670                SPI2_IRQHandler
                0x08003670                OTG_HS_EP1_IN_IRQHandler
                0x08003670                DMA1_Stream0_IRQHandler
                0x08003670                CAN1_TX_IRQHandler
                0x08003670                EXTI4_IRQHandler
                0x08003670                FSMC_IRQHandler
                0x08003670                ETH_IRQHandler
                0x08003670                OTG_HS_EP1_OUT_IRQHandler
                0x08003670                WWDG_IRQHandler
                0x08003670                TIM2_IRQHandler
                0x08003670                OTG_FS_WKUP_IRQHandler
                0x08003670                TIM1_TRG_COM_TIM11_IRQHandler
                0x08003670                OTG_HS_IRQHandler
                0x08003670                EXTI1_IRQHandler
                0x08003670                USART2_IRQHandler
                0x08003670                I2C2_ER_IRQHandler
                0x08003670                DMA2_Stream1_IRQHandler
                0x08003670                CAN1_SCE_IRQHandler
                0x08003670                FLASH_IRQHandler
                0x08003670                DMA2_Stream4_IRQHandler
                0x08003670                USART1_IRQHandler
                0x08003670                OTG_FS_IRQHandler
                0x08003670                SPI3_IRQHandler
                0x08003670                DMA1_Stream4_IRQHandler
                0x08003670                I2C1_ER_IRQHandler
                0x08003670                DMA2_Stream6_IRQHandler
                0x08003670                DMA1_Stream3_IRQHandler
 *fill*         0x08003672        0x2 
 .text.HAL_Init
                0x08003674       0x44 ./Drivers/STM32F4xx_HAL_Driver/Src/stm32f4xx_hal.o
                0x08003674                HAL_Init
 .text.HAL_InitTick
                0x080036b8       0x60 ./Drivers/STM32F4xx_HAL_Driver/Src/stm32f4xx_hal.o
                0x080036b8                HAL_InitTick
 .text.HAL_IncTick
                0x08003718       0x28 ./Drivers/STM32F4xx_HAL_Driver/Src/stm32f4xx_hal.o
                0x08003718                HAL_IncTick
 .text.HAL_GetTick
                0x08003740       0x18 ./Drivers/STM32F4xx_HAL_Driver/Src/stm32f4xx_hal.o
                0x08003740                HAL_GetTick
 .text.HAL_Delay
                0x08003758       0x48 ./Drivers/STM32F4xx_HAL_Driver/Src/stm32f4xx_hal.o
                0x08003758                HAL_Delay
 .text.HAL_ADC_Init
                0x080037a0       0x86 ./Drivers/STM32F4xx_HAL_Driver/Src/stm32f4xx_hal_adc.o
                0x080037a0                HAL_ADC_Init
 .text.HAL_ADC_DeInit
                0x08003826       0x64 ./Drivers/STM32F4xx_HAL_Driver/Src/stm32f4xx_hal_adc.o
                0x08003826                HAL_ADC_DeInit
 *fill*         0x0800388a        0x2 
 .text.HAL_ADC_Start
                0x0800388c      0x1a4 ./Drivers/STM32F4xx_HAL_Driver/Src/stm32f4xx_hal_adc.o
                0x0800388c                HAL_ADC_Start
 .text.HAL_ADC_Stop
                0x08003a30       0x66 ./Drivers/STM32F4xx_HAL_Driver/Src/stm32f4xx_hal_adc.o
                0x08003a30                HAL_ADC_Stop
 .text.HAL_ADC_PollForConversion
                0x08003a96      0x116 ./Drivers/STM32F4xx_HAL_Driver/Src/stm32f4xx_hal_adc.o
                0x08003a96                HAL_ADC_PollForConversion
 .text.HAL_ADC_Start_DMA
                0x08003bac      0x240 ./Drivers/STM32F4xx_HAL_Driver/Src/stm32f4xx_hal_adc.o
                0x08003bac                HAL_ADC_Start_DMA
 .text.HAL_ADC_Stop_DMA
                0x08003dec       0xb4 ./Drivers/STM32F4xx_HAL_Driver/Src/stm32f4xx_hal_adc.o
                0x08003dec                HAL_ADC_Stop_DMA
 .text.HAL_ADC_GetValue
                0x08003ea0       0x1a ./Drivers/STM32F4xx_HAL_Driver/Src/stm32f4xx_hal_adc.o
                0x08003ea0                HAL_ADC_GetValue
 .text.HAL_ADC_ConvHalfCpltCallback
                0x08003eba       0x14 ./Drivers/STM32F4xx_HAL_Driver/Src/stm32f4xx_hal_adc.o
                0x08003eba                HAL_ADC_ConvHalfCpltCallback
 .text.HAL_ADC_ErrorCallback
                0x08003ece       0x14 ./Drivers/STM32F4xx_HAL_Driver/Src/stm32f4xx_hal_adc.o
                0x08003ece                HAL_ADC_ErrorCallback
 *fill*         0x08003ee2        0x2 
 .text.HAL_ADC_ConfigChannel
                0x08003ee4      0x244 ./Drivers/STM32F4xx_HAL_Driver/Src/stm32f4xx_hal_adc.o
                0x08003ee4                HAL_ADC_ConfigChannel
 .text.ADC_Init
                0x08004128      0x1f8 ./Drivers/STM32F4xx_HAL_Driver/Src/stm32f4xx_hal_adc.o
 .text.ADC_DMAConvCplt
                0x08004320       0xba ./Drivers/STM32F4xx_HAL_Driver/Src/stm32f4xx_hal_adc.o
 .text.ADC_DMAHalfConvCplt
                0x080043da       0x1c ./Drivers/STM32F4xx_HAL_Driver/Src/stm32f4xx_hal_adc.o
 .text.ADC_DMAError
                0x080043f6       0x2e ./Drivers/STM32F4xx_HAL_Driver/Src/stm32f4xx_hal_adc.o
 .text.HAL_ADCEx_MultiModeConfigChannel
                0x08004424       0x8c ./Drivers/STM32F4xx_HAL_Driver/Src/stm32f4xx_hal_adc_ex.o
                0x08004424                HAL_ADCEx_MultiModeConfigChannel
 .text.__NVIC_SetPriorityGrouping
                0x080044b0       0x48 ./Drivers/STM32F4xx_HAL_Driver/Src/stm32f4xx_hal_cortex.o
 .text.__NVIC_GetPriorityGrouping
                0x080044f8       0x1c ./Drivers/STM32F4xx_HAL_Driver/Src/stm32f4xx_hal_cortex.o
 .text.__NVIC_EnableIRQ
                0x08004514       0x3c ./Drivers/STM32F4xx_HAL_Driver/Src/stm32f4xx_hal_cortex.o
 .text.__NVIC_SetPriority
                0x08004550       0x54 ./Drivers/STM32F4xx_HAL_Driver/Src/stm32f4xx_hal_cortex.o
 .text.NVIC_EncodePriority
                0x080045a4       0x66 ./Drivers/STM32F4xx_HAL_Driver/Src/stm32f4xx_hal_cortex.o
 *fill*         0x0800460a        0x2 
 .text.SysTick_Config
                0x0800460c       0x44 ./Drivers/STM32F4xx_HAL_Driver/Src/stm32f4xx_hal_cortex.o
 .text.HAL_NVIC_SetPriorityGrouping
                0x08004650       0x16 ./Drivers/STM32F4xx_HAL_Driver/Src/stm32f4xx_hal_cortex.o
                0x08004650                HAL_NVIC_SetPriorityGrouping
 .text.HAL_NVIC_SetPriority
                0x08004666       0x38 ./Drivers/STM32F4xx_HAL_Driver/Src/stm32f4xx_hal_cortex.o
                0x08004666                HAL_NVIC_SetPriority
 .text.HAL_NVIC_EnableIRQ
                0x0800469e       0x1c ./Drivers/STM32F4xx_HAL_Driver/Src/stm32f4xx_hal_cortex.o
                0x0800469e                HAL_NVIC_EnableIRQ
 .text.HAL_SYSTICK_Config
                0x080046ba       0x18 ./Drivers/STM32F4xx_HAL_Driver/Src/stm32f4xx_hal_cortex.o
                0x080046ba                HAL_SYSTICK_Config
 *fill*         0x080046d2        0x2 
 .text.HAL_DMA_Init
                0x080046d4      0x15c ./Drivers/STM32F4xx_HAL_Driver/Src/stm32f4xx_hal_dma.o
                0x080046d4                HAL_DMA_Init
 .text.HAL_DMA_DeInit
                0x08004830       0xbc ./Drivers/STM32F4xx_HAL_Driver/Src/stm32f4xx_hal_dma.o
                0x08004830                HAL_DMA_DeInit
 .text.HAL_DMA_Start_IT
                0x080048ec       0xb0 ./Drivers/STM32F4xx_HAL_Driver/Src/stm32f4xx_hal_dma.o
                0x080048ec                HAL_DMA_Start_IT
 .text.HAL_DMA_Abort
                0x0800499c       0xe0 ./Drivers/STM32F4xx_HAL_Driver/Src/stm32f4xx_hal_dma.o
                0x0800499c                HAL_DMA_Abort
 .text.HAL_DMA_IRQHandler
                0x08004a7c      0x314 ./Drivers/STM32F4xx_HAL_Driver/Src/stm32f4xx_hal_dma.o
                0x08004a7c                HAL_DMA_IRQHandler
 .text.DMA_SetConfig
                0x08004d90       0x5c ./Drivers/STM32F4xx_HAL_Driver/Src/stm32f4xx_hal_dma.o
 .text.DMA_CalcBaseAndBitshift
                0x08004dec       0x6c ./Drivers/STM32F4xx_HAL_Driver/Src/stm32f4xx_hal_dma.o
 .text.DMA_CheckFifoParam
                0x08004e58       0xf8 ./Drivers/STM32F4xx_HAL_Driver/Src/stm32f4xx_hal_dma.o
 .text.HAL_GPIO_Init
                0x08004f50      0x338 ./Drivers/STM32F4xx_HAL_Driver/Src/stm32f4xx_hal_gpio.o
                0x08004f50                HAL_GPIO_Init
 .text.HAL_GPIO_DeInit
                0x08005288      0x1f8 ./Drivers/STM32F4xx_HAL_Driver/Src/stm32f4xx_hal_gpio.o
                0x08005288                HAL_GPIO_DeInit
 .text.HAL_GPIO_WritePin
                0x08005480       0x32 ./Drivers/STM32F4xx_HAL_Driver/Src/stm32f4xx_hal_gpio.o
                0x08005480                HAL_GPIO_WritePin
 *fill*         0x080054b2        0x2 
 .text.HAL_I2C_Init
                0x080054b4      0x288 ./Drivers/STM32F4xx_HAL_Driver/Src/stm32f4xx_hal_i2c.o
                0x080054b4                HAL_I2C_Init
 .text.HAL_I2C_Mem_Write
                0x0800573c      0x1f4 ./Drivers/STM32F4xx_HAL_Driver/Src/stm32f4xx_hal_i2c.o
                0x0800573c                HAL_I2C_Mem_Write
 .text.HAL_I2C_Mem_Read
                0x08005930      0x464 ./Drivers/STM32F4xx_HAL_Driver/Src/stm32f4xx_hal_i2c.o
                0x08005930                HAL_I2C_Mem_Read
 .text.HAL_I2C_IsDeviceReady
                0x08005d94      0x25c ./Drivers/STM32F4xx_HAL_Driver/Src/stm32f4xx_hal_i2c.o
                0x08005d94                HAL_I2C_IsDeviceReady
 .text.HAL_I2C_GetState
                0x08005ff0       0x1c ./Drivers/STM32F4xx_HAL_Driver/Src/stm32f4xx_hal_i2c.o
                0x08005ff0                HAL_I2C_GetState
 .text.I2C_RequestMemoryWrite
                0x0800600c      0x12c ./Drivers/STM32F4xx_HAL_Driver/Src/stm32f4xx_hal_i2c.o
 .text.I2C_RequestMemoryRead
                0x08006138      0x1d0 ./Drivers/STM32F4xx_HAL_Driver/Src/stm32f4xx_hal_i2c.o
 .text.I2C_WaitOnFlagUntilTimeout
                0x08006308       0xf4 ./Drivers/STM32F4xx_HAL_Driver/Src/stm32f4xx_hal_i2c.o
 .text.I2C_WaitOnMasterAddressFlagUntilTimeout
                0x080063fc      0x140 ./Drivers/STM32F4xx_HAL_Driver/Src/stm32f4xx_hal_i2c.o
 .text.I2C_WaitOnTXEFlagUntilTimeout
                0x0800653c       0x90 ./Drivers/STM32F4xx_HAL_Driver/Src/stm32f4xx_hal_i2c.o
 .text.I2C_WaitOnBTFFlagUntilTimeout
                0x080065cc       0x90 ./Drivers/STM32F4xx_HAL_Driver/Src/stm32f4xx_hal_i2c.o
 .text.I2C_WaitOnRXNEFlagUntilTimeout
                0x0800665c       0xba ./Drivers/STM32F4xx_HAL_Driver/Src/stm32f4xx_hal_i2c.o
 .text.I2C_IsAcknowledgeFailed
                0x08006716       0x5e ./Drivers/STM32F4xx_HAL_Driver/Src/stm32f4xx_hal_i2c.o
 .text.HAL_RCC_OscConfig
                0x08006774      0x4f0 ./Drivers/STM32F4xx_HAL_Driver/Src/stm32f4xx_hal_rcc.o
                0x08006774                HAL_RCC_OscConfig
 .text.HAL_RCC_ClockConfig
                0x08006c64      0x1cc ./Drivers/STM32F4xx_HAL_Driver/Src/stm32f4xx_hal_rcc.o
                0x08006c64                HAL_RCC_ClockConfig
 .text.HAL_RCC_GetSysClockFreq
                0x08006e30      0x20c ./Drivers/STM32F4xx_HAL_Driver/Src/stm32f4xx_hal_rcc.o
                0x08006e30                HAL_RCC_GetSysClockFreq
 .text.HAL_RCC_GetHCLKFreq
                0x0800703c       0x18 ./Drivers/STM32F4xx_HAL_Driver/Src/stm32f4xx_hal_rcc.o
                0x0800703c                HAL_RCC_GetHCLKFreq
 .text.HAL_RCC_GetPCLK1Freq
                0x08007054       0x28 ./Drivers/STM32F4xx_HAL_Driver/Src/stm32f4xx_hal_rcc.o
                0x08007054                HAL_RCC_GetPCLK1Freq
 .text.HAL_TIM_Base_Init
                0x0800707c       0x9e ./Drivers/STM32F4xx_HAL_Driver/Src/stm32f4xx_hal_tim.o
                0x0800707c                HAL_TIM_Base_Init
 *fill*         0x0800711a        0x2 
 .text.HAL_TIM_Base_Start
                0x0800711c       0xd0 ./Drivers/STM32F4xx_HAL_Driver/Src/stm32f4xx_hal_tim.o
                0x0800711c                HAL_TIM_Base_Start
 .text.HAL_TIM_Base_Stop
                0x080071ec       0x4e ./Drivers/STM32F4xx_HAL_Driver/Src/stm32f4xx_hal_tim.o
                0x080071ec                HAL_TIM_Base_Stop
 .text.HAL_TIM_ConfigClockSource
                0x0800723a      0x18e ./Drivers/STM32F4xx_HAL_Driver/Src/stm32f4xx_hal_tim.o
                0x0800723a                HAL_TIM_ConfigClockSource
 .text.TIM_Base_SetConfig
                0x080073c8      0x158 ./Drivers/STM32F4xx_HAL_Driver/Src/stm32f4xx_hal_tim.o
                0x080073c8                TIM_Base_SetConfig
 .text.TIM_TI1_ConfigInputStage
                0x08007520       0x5e ./Drivers/STM32F4xx_HAL_Driver/Src/stm32f4xx_hal_tim.o
 .text.TIM_TI2_ConfigInputStage
                0x0800757e       0x60 ./Drivers/STM32F4xx_HAL_Driver/Src/stm32f4xx_hal_tim.o
 .text.TIM_ITRx_SetConfig
                0x080075de       0x36 ./Drivers/STM32F4xx_HAL_Driver/Src/stm32f4xx_hal_tim.o
 .text.TIM_ETR_SetConfig
                0x08007614       0x40 ./Drivers/STM32F4xx_HAL_Driver/Src/stm32f4xx_hal_tim.o
                0x08007614                TIM_ETR_SetConfig
 .text.HAL_TIMEx_MasterConfigSynchronization
                0x08007654       0xf8 ./Drivers/STM32F4xx_HAL_Driver/Src/stm32f4xx_hal_tim_ex.o
                0x08007654                HAL_TIMEx_MasterConfigSynchronization
 .text.__cvt    0x0800774c       0xca C:/STM_IDE/STM32CubeIDE_1.16.1/STM32CubeIDE/plugins/com.st.stm32cube.ide.mcu.externaltools.gnu-tools-for-stm32.12.3.rel1.win32_1.0.200.202406191623/tools/bin/../lib/gcc/arm-none-eabi/12.3.1/../../../../arm-none-eabi/lib/thumb/v7e-m+fp/hard\libc_nano.a(libc_a-nano-vfprintf_float.o)
                0x0800774c                __cvt
 .text.__exponent
                0x08007816       0x74 C:/STM_IDE/STM32CubeIDE_1.16.1/STM32CubeIDE/plugins/com.st.stm32cube.ide.mcu.externaltools.gnu-tools-for-stm32.12.3.rel1.win32_1.0.200.202406191623/tools/bin/../lib/gcc/arm-none-eabi/12.3.1/../../../../arm-none-eabi/lib/thumb/v7e-m+fp/hard\libc_nano.a(libc_a-nano-vfprintf_float.o)
                0x08007816                __exponent
 *fill*         0x0800788a        0x2 
 .text._printf_float
                0x0800788c      0x454 C:/STM_IDE/STM32CubeIDE_1.16.1/STM32CubeIDE/plugins/com.st.stm32cube.ide.mcu.externaltools.gnu-tools-for-stm32.12.3.rel1.win32_1.0.200.202406191623/tools/bin/../lib/gcc/arm-none-eabi/12.3.1/../../../../arm-none-eabi/lib/thumb/v7e-m+fp/hard\libc_nano.a(libc_a-nano-vfprintf_float.o)
                0x0800788c                _printf_float
 .text._printf_common
                0x08007ce0       0xda C:/STM_IDE/STM32CubeIDE_1.16.1/STM32CubeIDE/plugins/com.st.stm32cube.ide.mcu.externaltools.gnu-tools-for-stm32.12.3.rel1.win32_1.0.200.202406191623/tools/bin/../lib/gcc/arm-none-eabi/12.3.1/../../../../arm-none-eabi/lib/thumb/v7e-m+fp/hard\libc_nano.a(libc_a-nano-vfprintf_i.o)
                0x08007ce0                _printf_common
 *fill*         0x08007dba        0x2 
 .text._printf_i
                0x08007dbc      0x240 C:/STM_IDE/STM32CubeIDE_1.16.1/STM32CubeIDE/plugins/com.st.stm32cube.ide.mcu.externaltools.gnu-tools-for-stm32.12.3.rel1.win32_1.0.200.202406191623/tools/bin/../lib/gcc/arm-none-eabi/12.3.1/../../../../arm-none-eabi/lib/thumb/v7e-m+fp/hard\libc_nano.a(libc_a-nano-vfprintf_i.o)
                0x08007dbc                _printf_i
 .text.std      0x08007ffc       0x6c C:/STM_IDE/STM32CubeIDE_1.16.1/STM32CubeIDE/plugins/com.st.stm32cube.ide.mcu.externaltools.gnu-tools-for-stm32.12.3.rel1.win32_1.0.200.202406191623/tools/bin/../lib/gcc/arm-none-eabi/12.3.1/../../../../arm-none-eabi/lib/thumb/v7e-m+fp/hard\libc_nano.a(libc_a-findfp.o)
 .text.stdio_exit_handler
                0x08008068       0x18 C:/STM_IDE/STM32CubeIDE_1.16.1/STM32CubeIDE/plugins/com.st.stm32cube.ide.mcu.externaltools.gnu-tools-for-stm32.12.3.rel1.win32_1.0.200.202406191623/tools/bin/../lib/gcc/arm-none-eabi/12.3.1/../../../../arm-none-eabi/lib/thumb/v7e-m+fp/hard\libc_nano.a(libc_a-findfp.o)
 .text.cleanup_stdio
                0x08008080       0x40 C:/STM_IDE/STM32CubeIDE_1.16.1/STM32CubeIDE/plugins/com.st.stm32cube.ide.mcu.externaltools.gnu-tools-for-stm32.12.3.rel1.win32_1.0.200.202406191623/tools/bin/../lib/gcc/arm-none-eabi/12.3.1/../../../../arm-none-eabi/lib/thumb/v7e-m+fp/hard\libc_nano.a(libc_a-findfp.o)
 .text.global_stdio_init.part.0
                0x080080c0       0x3c C:/STM_IDE/STM32CubeIDE_1.16.1/STM32CubeIDE/plugins/com.st.stm32cube.ide.mcu.externaltools.gnu-tools-for-stm32.12.3.rel1.win32_1.0.200.202406191623/tools/bin/../lib/gcc/arm-none-eabi/12.3.1/../../../../arm-none-eabi/lib/thumb/v7e-m+fp/hard\libc_nano.a(libc_a-findfp.o)
 .text.__sfp_lock_acquire
                0x080080fc        0xc C:/STM_IDE/STM32CubeIDE_1.16.1/STM32CubeIDE/plugins/com.st.stm32cube.ide.mcu.externaltools.gnu-tools-for-stm32.12.3.rel1.win32_1.0.200.202406191623/tools/bin/../lib/gcc/arm-none-eabi/12.3.1/../../../../arm-none-eabi/lib/thumb/v7e-m+fp/hard\libc_nano.a(libc_a-findfp.o)
                0x080080fc                __sfp_lock_acquire
 .text.__sfp_lock_release
                0x08008108        0xc C:/STM_IDE/STM32CubeIDE_1.16.1/STM32CubeIDE/plugins/com.st.stm32cube.ide.mcu.externaltools.gnu-tools-for-stm32.12.3.rel1.win32_1.0.200.202406191623/tools/bin/../lib/gcc/arm-none-eabi/12.3.1/../../../../arm-none-eabi/lib/thumb/v7e-m+fp/hard\libc_nano.a(libc_a-findfp.o)
                0x08008108                __sfp_lock_release
 .text.__sinit  0x08008114       0x30 C:/STM_IDE/STM32CubeIDE_1.16.1/STM32CubeIDE/plugins/com.st.stm32cube.ide.mcu.externaltools.gnu-tools-for-stm32.12.3.rel1.win32_1.0.200.202406191623/tools/bin/../lib/gcc/arm-none-eabi/12.3.1/../../../../arm-none-eabi/lib/thumb/v7e-m+fp/hard\libc_nano.a(libc_a-findfp.o)
                0x08008114                __sinit
 .text._fwalk_sglue
                0x08008144       0x3c C:/STM_IDE/STM32CubeIDE_1.16.1/STM32CubeIDE/plugins/com.st.stm32cube.ide.mcu.externaltools.gnu-tools-for-stm32.12.3.rel1.win32_1.0.200.202406191623/tools/bin/../lib/gcc/arm-none-eabi/12.3.1/../../../../arm-none-eabi/lib/thumb/v7e-m+fp/hard\libc_nano.a(libc_a-fwalk.o)
                0x08008144                _fwalk_sglue
 .text.printf   0x08008180       0x24 C:/STM_IDE/STM32CubeIDE_1.16.1/STM32CubeIDE/plugins/com.st.stm32cube.ide.mcu.externaltools.gnu-tools-for-stm32.12.3.rel1.win32_1.0.200.202406191623/tools/bin/../lib/gcc/arm-none-eabi/12.3.1/../../../../arm-none-eabi/lib/thumb/v7e-m+fp/hard\libc_nano.a(libc_a-printf.o)
                0x08008180                iprintf
                0x08008180                printf
 .text.snprintf
                0x080081a4       0x68 C:/STM_IDE/STM32CubeIDE_1.16.1/STM32CubeIDE/plugins/com.st.stm32cube.ide.mcu.externaltools.gnu-tools-for-stm32.12.3.rel1.win32_1.0.200.202406191623/tools/bin/../lib/gcc/arm-none-eabi/12.3.1/../../../../arm-none-eabi/lib/thumb/v7e-m+fp/hard\libc_nano.a(libc_a-snprintf.o)
                0x080081a4                sniprintf
                0x080081a4                snprintf
 .text.sprintf  0x0800820c       0x40 C:/STM_IDE/STM32CubeIDE_1.16.1/STM32CubeIDE/plugins/com.st.stm32cube.ide.mcu.externaltools.gnu-tools-for-stm32.12.3.rel1.win32_1.0.200.202406191623/tools/bin/../lib/gcc/arm-none-eabi/12.3.1/../../../../arm-none-eabi/lib/thumb/v7e-m+fp/hard\libc_nano.a(libc_a-sprintf.o)
                0x0800820c                siprintf
                0x0800820c                sprintf
 .text.__sread  0x0800824c       0x22 C:/STM_IDE/STM32CubeIDE_1.16.1/STM32CubeIDE/plugins/com.st.stm32cube.ide.mcu.externaltools.gnu-tools-for-stm32.12.3.rel1.win32_1.0.200.202406191623/tools/bin/../lib/gcc/arm-none-eabi/12.3.1/../../../../arm-none-eabi/lib/thumb/v7e-m+fp/hard\libc_nano.a(libc_a-stdio.o)
                0x0800824c                __sread
 .text.__swrite
                0x0800826e       0x38 C:/STM_IDE/STM32CubeIDE_1.16.1/STM32CubeIDE/plugins/com.st.stm32cube.ide.mcu.externaltools.gnu-tools-for-stm32.12.3.rel1.win32_1.0.200.202406191623/tools/bin/../lib/gcc/arm-none-eabi/12.3.1/../../../../arm-none-eabi/lib/thumb/v7e-m+fp/hard\libc_nano.a(libc_a-stdio.o)
                0x0800826e                __swrite
 .text.__sseek  0x080082a6       0x24 C:/STM_IDE/STM32CubeIDE_1.16.1/STM32CubeIDE/plugins/com.st.stm32cube.ide.mcu.externaltools.gnu-tools-for-stm32.12.3.rel1.win32_1.0.200.202406191623/tools/bin/../lib/gcc/arm-none-eabi/12.3.1/../../../../arm-none-eabi/lib/thumb/v7e-m+fp/hard\libc_nano.a(libc_a-stdio.o)
                0x080082a6                __sseek
 .text.__sclose
                0x080082ca        0x8 C:/STM_IDE/STM32CubeIDE_1.16.1/STM32CubeIDE/plugins/com.st.stm32cube.ide.mcu.externaltools.gnu-tools-for-stm32.12.3.rel1.win32_1.0.200.202406191623/tools/bin/../lib/gcc/arm-none-eabi/12.3.1/../../../../arm-none-eabi/lib/thumb/v7e-m+fp/hard\libc_nano.a(libc_a-stdio.o)
                0x080082ca                __sclose
 .text.memset   0x080082d2       0x10 C:/STM_IDE/STM32CubeIDE_1.16.1/STM32CubeIDE/plugins/com.st.stm32cube.ide.mcu.externaltools.gnu-tools-for-stm32.12.3.rel1.win32_1.0.200.202406191623/tools/bin/../lib/gcc/arm-none-eabi/12.3.1/../../../../arm-none-eabi/lib/thumb/v7e-m+fp/hard\libc_nano.a(libc_a-memset.o)
                0x080082d2                memset
 *fill*         0x080082e2        0x2 
 .text._localeconv_r
                0x080082e4        0x8 C:/STM_IDE/STM32CubeIDE_1.16.1/STM32CubeIDE/plugins/com.st.stm32cube.ide.mcu.externaltools.gnu-tools-for-stm32.12.3.rel1.win32_1.0.200.202406191623/tools/bin/../lib/gcc/arm-none-eabi/12.3.1/../../../../arm-none-eabi/lib/thumb/v7e-m+fp/hard\libc_nano.a(libc_a-localeconv.o)
                0x080082e4                _localeconv_r
 .text._close_r
                0x080082ec       0x20 C:/STM_IDE/STM32CubeIDE_1.16.1/STM32CubeIDE/plugins/com.st.stm32cube.ide.mcu.externaltools.gnu-tools-for-stm32.12.3.rel1.win32_1.0.200.202406191623/tools/bin/../lib/gcc/arm-none-eabi/12.3.1/../../../../arm-none-eabi/lib/thumb/v7e-m+fp/hard\libc_nano.a(libc_a-closer.o)
                0x080082ec                _close_r
 .text._lseek_r
                0x0800830c       0x24 C:/STM_IDE/STM32CubeIDE_1.16.1/STM32CubeIDE/plugins/com.st.stm32cube.ide.mcu.externaltools.gnu-tools-for-stm32.12.3.rel1.win32_1.0.200.202406191623/tools/bin/../lib/gcc/arm-none-eabi/12.3.1/../../../../arm-none-eabi/lib/thumb/v7e-m+fp/hard\libc_nano.a(libc_a-lseekr.o)
                0x0800830c                _lseek_r
 .text._read_r  0x08008330       0x24 C:/STM_IDE/STM32CubeIDE_1.16.1/STM32CubeIDE/plugins/com.st.stm32cube.ide.mcu.externaltools.gnu-tools-for-stm32.12.3.rel1.win32_1.0.200.202406191623/tools/bin/../lib/gcc/arm-none-eabi/12.3.1/../../../../arm-none-eabi/lib/thumb/v7e-m+fp/hard\libc_nano.a(libc_a-readr.o)
                0x08008330                _read_r
 .text._write_r
                0x08008354       0x24 C:/STM_IDE/STM32CubeIDE_1.16.1/STM32CubeIDE/plugins/com.st.stm32cube.ide.mcu.externaltools.gnu-tools-for-stm32.12.3.rel1.win32_1.0.200.202406191623/tools/bin/../lib/gcc/arm-none-eabi/12.3.1/../../../../arm-none-eabi/lib/thumb/v7e-m+fp/hard\libc_nano.a(libc_a-writer.o)
                0x08008354                _write_r
 .text.__errno  0x08008378        0xc C:/STM_IDE/STM32CubeIDE_1.16.1/STM32CubeIDE/plugins/com.st.stm32cube.ide.mcu.externaltools.gnu-tools-for-stm32.12.3.rel1.win32_1.0.200.202406191623/tools/bin/../lib/gcc/arm-none-eabi/12.3.1/../../../../arm-none-eabi/lib/thumb/v7e-m+fp/hard\libc_nano.a(libc_a-errno.o)
                0x08008378                __errno
 .text.__libc_init_array
                0x08008384       0x48 C:/STM_IDE/STM32CubeIDE_1.16.1/STM32CubeIDE/plugins/com.st.stm32cube.ide.mcu.externaltools.gnu-tools-for-stm32.12.3.rel1.win32_1.0.200.202406191623/tools/bin/../lib/gcc/arm-none-eabi/12.3.1/../../../../arm-none-eabi/lib/thumb/v7e-m+fp/hard\libc_nano.a(libc_a-init.o)
                0x08008384                __libc_init_array
 .text.__retarget_lock_init_recursive
                0x080083cc        0x2 C:/STM_IDE/STM32CubeIDE_1.16.1/STM32CubeIDE/plugins/com.st.stm32cube.ide.mcu.externaltools.gnu-tools-for-stm32.12.3.rel1.win32_1.0.200.202406191623/tools/bin/../lib/gcc/arm-none-eabi/12.3.1/../../../../arm-none-eabi/lib/thumb/v7e-m+fp/hard\libc_nano.a(libc_a-lock.o)
                0x080083cc                __retarget_lock_init_recursive
 .text.__retarget_lock_acquire_recursive
                0x080083ce        0x2 C:/STM_IDE/STM32CubeIDE_1.16.1/STM32CubeIDE/plugins/com.st.stm32cube.ide.mcu.externaltools.gnu-tools-for-stm32.12.3.rel1.win32_1.0.200.202406191623/tools/bin/../lib/gcc/arm-none-eabi/12.3.1/../../../../arm-none-eabi/lib/thumb/v7e-m+fp/hard\libc_nano.a(libc_a-lock.o)
                0x080083ce                __retarget_lock_acquire_recursive
 .text.__retarget_lock_release_recursive
                0x080083d0        0x2 C:/STM_IDE/STM32CubeIDE_1.16.1/STM32CubeIDE/plugins/com.st.stm32cube.ide.mcu.externaltools.gnu-tools-for-stm32.12.3.rel1.win32_1.0.200.202406191623/tools/bin/../lib/gcc/arm-none-eabi/12.3.1/../../../../arm-none-eabi/lib/thumb/v7e-m+fp/hard\libc_nano.a(libc_a-lock.o)
                0x080083d0                __retarget_lock_release_recursive
 .text.memcpy   0x080083d2       0x1c C:/STM_IDE/STM32CubeIDE_1.16.1/STM32CubeIDE/plugins/com.st.stm32cube.ide.mcu.externaltools.gnu-tools-for-stm32.12.3.rel1.win32_1.0.200.202406191623/tools/bin/../lib/gcc/arm-none-eabi/12.3.1/../../../../arm-none-eabi/lib/thumb/v7e-m+fp/hard\libc_nano.a(libc_a-memcpy-stub.o)
                0x080083d2                memcpy
 .text.quorem   0x080083ee      0x110 C:/STM_IDE/STM32CubeIDE_1.16.1/STM32CubeIDE/plugins/com.st.stm32cube.ide.mcu.externaltools.gnu-tools-for-stm32.12.3.rel1.win32_1.0.200.202406191623/tools/bin/../lib/gcc/arm-none-eabi/12.3.1/../../../../arm-none-eabi/lib/thumb/v7e-m+fp/hard\libc_nano.a(libc_a-dtoa.o)
 *fill*         0x080084fe        0x2 
 .text._dtoa_r  0x08008500      0xb88 C:/STM_IDE/STM32CubeIDE_1.16.1/STM32CubeIDE/plugins/com.st.stm32cube.ide.mcu.externaltools.gnu-tools-for-stm32.12.3.rel1.win32_1.0.200.202406191623/tools/bin/../lib/gcc/arm-none-eabi/12.3.1/../../../../arm-none-eabi/lib/thumb/v7e-m+fp/hard\libc_nano.a(libc_a-dtoa.o)
                0x08008500                _dtoa_r
 .text._free_r  0x08009088       0x94 C:/STM_IDE/STM32CubeIDE_1.16.1/STM32CubeIDE/plugins/com.st.stm32cube.ide.mcu.externaltools.gnu-tools-for-stm32.12.3.rel1.win32_1.0.200.202406191623/tools/bin/../lib/gcc/arm-none-eabi/12.3.1/../../../../arm-none-eabi/lib/thumb/v7e-m+fp/hard\libc_nano.a(libc_a-freer.o)
                0x08009088                _free_r
 .text.malloc   0x0800911c       0x10 C:/STM_IDE/STM32CubeIDE_1.16.1/STM32CubeIDE/plugins/com.st.stm32cube.ide.mcu.externaltools.gnu-tools-for-stm32.12.3.rel1.win32_1.0.200.202406191623/tools/bin/../lib/gcc/arm-none-eabi/12.3.1/../../../../arm-none-eabi/lib/thumb/v7e-m+fp/hard\libc_nano.a(libc_a-malloc.o)
                0x0800911c                malloc
 .text.sbrk_aligned
                0x0800912c       0x44 C:/STM_IDE/STM32CubeIDE_1.16.1/STM32CubeIDE/plugins/com.st.stm32cube.ide.mcu.externaltools.gnu-tools-for-stm32.12.3.rel1.win32_1.0.200.202406191623/tools/bin/../lib/gcc/arm-none-eabi/12.3.1/../../../../arm-none-eabi/lib/thumb/v7e-m+fp/hard\libc_nano.a(libc_a-mallocr.o)
 .text._malloc_r
                0x08009170      0x100 C:/STM_IDE/STM32CubeIDE_1.16.1/STM32CubeIDE/plugins/com.st.stm32cube.ide.mcu.externaltools.gnu-tools-for-stm32.12.3.rel1.win32_1.0.200.202406191623/tools/bin/../lib/gcc/arm-none-eabi/12.3.1/../../../../arm-none-eabi/lib/thumb/v7e-m+fp/hard\libc_nano.a(libc_a-mallocr.o)
                0x08009170                _malloc_r
 .text.__malloc_lock
                0x08009270        0xc C:/STM_IDE/STM32CubeIDE_1.16.1/STM32CubeIDE/plugins/com.st.stm32cube.ide.mcu.externaltools.gnu-tools-for-stm32.12.3.rel1.win32_1.0.200.202406191623/tools/bin/../lib/gcc/arm-none-eabi/12.3.1/../../../../arm-none-eabi/lib/thumb/v7e-m+fp/hard\libc_nano.a(libc_a-mlock.o)
                0x08009270                __malloc_lock
 .text.__malloc_unlock
                0x0800927c        0xc C:/STM_IDE/STM32CubeIDE_1.16.1/STM32CubeIDE/plugins/com.st.stm32cube.ide.mcu.externaltools.gnu-tools-for-stm32.12.3.rel1.win32_1.0.200.202406191623/tools/bin/../lib/gcc/arm-none-eabi/12.3.1/../../../../arm-none-eabi/lib/thumb/v7e-m+fp/hard\libc_nano.a(libc_a-mlock.o)
                0x0800927c                __malloc_unlock
 .text._Balloc  0x08009288       0x80 C:/STM_IDE/STM32CubeIDE_1.16.1/STM32CubeIDE/plugins/com.st.stm32cube.ide.mcu.externaltools.gnu-tools-for-stm32.12.3.rel1.win32_1.0.200.202406191623/tools/bin/../lib/gcc/arm-none-eabi/12.3.1/../../../../arm-none-eabi/lib/thumb/v7e-m+fp/hard\libc_nano.a(libc_a-mprec.o)
                0x08009288                _Balloc
 .text._Bfree   0x08009308       0x44 C:/STM_IDE/STM32CubeIDE_1.16.1/STM32CubeIDE/plugins/com.st.stm32cube.ide.mcu.externaltools.gnu-tools-for-stm32.12.3.rel1.win32_1.0.200.202406191623/tools/bin/../lib/gcc/arm-none-eabi/12.3.1/../../../../arm-none-eabi/lib/thumb/v7e-m+fp/hard\libc_nano.a(libc_a-mprec.o)
                0x08009308                _Bfree
 .text.__multadd
                0x0800934c       0x8c C:/STM_IDE/STM32CubeIDE_1.16.1/STM32CubeIDE/plugins/com.st.stm32cube.ide.mcu.externaltools.gnu-tools-for-stm32.12.3.rel1.win32_1.0.200.202406191623/tools/bin/../lib/gcc/arm-none-eabi/12.3.1/../../../../arm-none-eabi/lib/thumb/v7e-m+fp/hard\libc_nano.a(libc_a-mprec.o)
                0x0800934c                __multadd
 .text.__hi0bits
                0x080093d8       0x3e C:/STM_IDE/STM32CubeIDE_1.16.1/STM32CubeIDE/plugins/com.st.stm32cube.ide.mcu.externaltools.gnu-tools-for-stm32.12.3.rel1.win32_1.0.200.202406191623/tools/bin/../lib/gcc/arm-none-eabi/12.3.1/../../../../arm-none-eabi/lib/thumb/v7e-m+fp/hard\libc_nano.a(libc_a-mprec.o)
                0x080093d8                __hi0bits
 .text.__lo0bits
                0x08009416       0x5a C:/STM_IDE/STM32CubeIDE_1.16.1/STM32CubeIDE/plugins/com.st.stm32cube.ide.mcu.externaltools.gnu-tools-for-stm32.12.3.rel1.win32_1.0.200.202406191623/tools/bin/../lib/gcc/arm-none-eabi/12.3.1/../../../../arm-none-eabi/lib/thumb/v7e-m+fp/hard\libc_nano.a(libc_a-mprec.o)
                0x08009416                __lo0bits
 .text.__i2b    0x08009470       0x2c C:/STM_IDE/STM32CubeIDE_1.16.1/STM32CubeIDE/plugins/com.st.stm32cube.ide.mcu.externaltools.gnu-tools-for-stm32.12.3.rel1.win32_1.0.200.202406191623/tools/bin/../lib/gcc/arm-none-eabi/12.3.1/../../../../arm-none-eabi/lib/thumb/v7e-m+fp/hard\libc_nano.a(libc_a-mprec.o)
                0x08009470                __i2b
 .text.__multiply
                0x0800949c      0x154 C:/STM_IDE/STM32CubeIDE_1.16.1/STM32CubeIDE/plugins/com.st.stm32cube.ide.mcu.externaltools.gnu-tools-for-stm32.12.3.rel1.win32_1.0.200.202406191623/tools/bin/../lib/gcc/arm-none-eabi/12.3.1/../../../../arm-none-eabi/lib/thumb/v7e-m+fp/hard\libc_nano.a(libc_a-mprec.o)
                0x0800949c                __multiply
 .text.__pow5mult
                0x080095f0       0xb4 C:/STM_IDE/STM32CubeIDE_1.16.1/STM32CubeIDE/plugins/com.st.stm32cube.ide.mcu.externaltools.gnu-tools-for-stm32.12.3.rel1.win32_1.0.200.202406191623/tools/bin/../lib/gcc/arm-none-eabi/12.3.1/../../../../arm-none-eabi/lib/thumb/v7e-m+fp/hard\libc_nano.a(libc_a-mprec.o)
                0x080095f0                __pow5mult
 .text.__lshift
                0x080096a4       0xd8 C:/STM_IDE/STM32CubeIDE_1.16.1/STM32CubeIDE/plugins/com.st.stm32cube.ide.mcu.externaltools.gnu-tools-for-stm32.12.3.rel1.win32_1.0.200.202406191623/tools/bin/../lib/gcc/arm-none-eabi/12.3.1/../../../../arm-none-eabi/lib/thumb/v7e-m+fp/hard\libc_nano.a(libc_a-mprec.o)
                0x080096a4                __lshift
 .text.__mcmp   0x0800977c       0x36 C:/STM_IDE/STM32CubeIDE_1.16.1/STM32CubeIDE/plugins/com.st.stm32cube.ide.mcu.externaltools.gnu-tools-for-stm32.12.3.rel1.win32_1.0.200.202406191623/tools/bin/../lib/gcc/arm-none-eabi/12.3.1/../../../../arm-none-eabi/lib/thumb/v7e-m+fp/hard\libc_nano.a(libc_a-mprec.o)
                0x0800977c                __mcmp
 *fill*         0x080097b2        0x2 
 .text.__mdiff  0x080097b4      0x128 C:/STM_IDE/STM32CubeIDE_1.16.1/STM32CubeIDE/plugins/com.st.stm32cube.ide.mcu.externaltools.gnu-tools-for-stm32.12.3.rel1.win32_1.0.200.202406191623/tools/bin/../lib/gcc/arm-none-eabi/12.3.1/../../../../arm-none-eabi/lib/thumb/v7e-m+fp/hard\libc_nano.a(libc_a-mprec.o)
                0x080097b4                __mdiff
 .text.__d2b    0x080098dc       0xb0 C:/STM_IDE/STM32CubeIDE_1.16.1/STM32CubeIDE/plugins/com.st.stm32cube.ide.mcu.externaltools.gnu-tools-for-stm32.12.3.rel1.win32_1.0.200.202406191623/tools/bin/../lib/gcc/arm-none-eabi/12.3.1/../../../../arm-none-eabi/lib/thumb/v7e-m+fp/hard\libc_nano.a(libc_a-mprec.o)
                0x080098dc                __d2b
 .text.__ssputs_r
                0x0800998c       0xb6 C:/STM_IDE/STM32CubeIDE_1.16.1/STM32CubeIDE/plugins/com.st.stm32cube.ide.mcu.externaltools.gnu-tools-for-stm32.12.3.rel1.win32_1.0.200.202406191623/tools/bin/../lib/gcc/arm-none-eabi/12.3.1/../../../../arm-none-eabi/lib/thumb/v7e-m+fp/hard\libc_nano.a(libc_a-nano-svfprintf.o)
                0x0800998c                __ssputs_r
 *fill*         0x08009a42        0x2 
 .text._svfprintf_r
                0x08009a44      0x1f8 C:/STM_IDE/STM32CubeIDE_1.16.1/STM32CubeIDE/plugins/com.st.stm32cube.ide.mcu.externaltools.gnu-tools-for-stm32.12.3.rel1.win32_1.0.200.202406191623/tools/bin/../lib/gcc/arm-none-eabi/12.3.1/../../../../arm-none-eabi/lib/thumb/v7e-m+fp/hard\libc_nano.a(libc_a-nano-svfprintf.o)
                0x08009a44                _svfiprintf_r
                0x08009a44                _svfprintf_r
 .text.__sfputc_r
                0x08009c3c       0x2e C:/STM_IDE/STM32CubeIDE_1.16.1/STM32CubeIDE/plugins/com.st.stm32cube.ide.mcu.externaltools.gnu-tools-for-stm32.12.3.rel1.win32_1.0.200.202406191623/tools/bin/../lib/gcc/arm-none-eabi/12.3.1/../../../../arm-none-eabi/lib/thumb/v7e-m+fp/hard\libc_nano.a(libc_a-nano-vfprintf.o)
 .text.__sfputs_r
                0x08009c6a       0x24 C:/STM_IDE/STM32CubeIDE_1.16.1/STM32CubeIDE/plugins/com.st.stm32cube.ide.mcu.externaltools.gnu-tools-for-stm32.12.3.rel1.win32_1.0.200.202406191623/tools/bin/../lib/gcc/arm-none-eabi/12.3.1/../../../../arm-none-eabi/lib/thumb/v7e-m+fp/hard\libc_nano.a(libc_a-nano-vfprintf.o)
                0x08009c6a                __sfputs_r
 *fill*         0x08009c8e        0x2 
 .text._vfprintf_r
                0x08009c90      0x230 C:/STM_IDE/STM32CubeIDE_1.16.1/STM32CubeIDE/plugins/com.st.stm32cube.ide.mcu.externaltools.gnu-tools-for-stm32.12.3.rel1.win32_1.0.200.202406191623/tools/bin/../lib/gcc/arm-none-eabi/12.3.1/../../../../arm-none-eabi/lib/thumb/v7e-m+fp/hard\libc_nano.a(libc_a-nano-vfprintf.o)
                0x08009c90                _vfprintf_r
                0x08009c90                _vfiprintf_r
 .text.__sflush_r
                0x08009ec0      0x108 C:/STM_IDE/STM32CubeIDE_1.16.1/STM32CubeIDE/plugins/com.st.stm32cube.ide.mcu.externaltools.gnu-tools-for-stm32.12.3.rel1.win32_1.0.200.202406191623/tools/bin/../lib/gcc/arm-none-eabi/12.3.1/../../../../arm-none-eabi/lib/thumb/v7e-m+fp/hard\libc_nano.a(libc_a-fflush.o)
                0x08009ec0                __sflush_r
 .text._fflush_r
                0x08009fc8       0x50 C:/STM_IDE/STM32CubeIDE_1.16.1/STM32CubeIDE/plugins/com.st.stm32cube.ide.mcu.externaltools.gnu-tools-for-stm32.12.3.rel1.win32_1.0.200.202406191623/tools/bin/../lib/gcc/arm-none-eabi/12.3.1/../../../../arm-none-eabi/lib/thumb/v7e-m+fp/hard\libc_nano.a(libc_a-fflush.o)
                0x08009fc8                _fflush_r
 .text.__swbuf_r
                0x0800a018       0x7c C:/STM_IDE/STM32CubeIDE_1.16.1/STM32CubeIDE/plugins/com.st.stm32cube.ide.mcu.externaltools.gnu-tools-for-stm32.12.3.rel1.win32_1.0.200.202406191623/tools/bin/../lib/gcc/arm-none-eabi/12.3.1/../../../../arm-none-eabi/lib/thumb/v7e-m+fp/hard\libc_nano.a(libc_a-wbuf.o)
                0x0800a018                __swbuf_r
 .text.__swsetup_r
                0x0800a094       0xac C:/STM_IDE/STM32CubeIDE_1.16.1/STM32CubeIDE/plugins/com.st.stm32cube.ide.mcu.externaltools.gnu-tools-for-stm32.12.3.rel1.win32_1.0.200.202406191623/tools/bin/../lib/gcc/arm-none-eabi/12.3.1/../../../../arm-none-eabi/lib/thumb/v7e-m+fp/hard\libc_nano.a(libc_a-wsetup.o)
                0x0800a094                __swsetup_r
 .text.memmove  0x0800a140       0x34 C:/STM_IDE/STM32CubeIDE_1.16.1/STM32CubeIDE/plugins/com.st.stm32cube.ide.mcu.externaltools.gnu-tools-for-stm32.12.3.rel1.win32_1.0.200.202406191623/tools/bin/../lib/gcc/arm-none-eabi/12.3.1/../../../../arm-none-eabi/lib/thumb/v7e-m+fp/hard\libc_nano.a(libc_a-memmove.o)
                0x0800a140                memmove
 .text._sbrk_r  0x0800a174       0x20 C:/STM_IDE/STM32CubeIDE_1.16.1/STM32CubeIDE/plugins/com.st.stm32cube.ide.mcu.externaltools.gnu-tools-for-stm32.12.3.rel1.win32_1.0.200.202406191623/tools/bin/../lib/gcc/arm-none-eabi/12.3.1/../../../../arm-none-eabi/lib/thumb/v7e-m+fp/hard\libc_nano.a(libc_a-sbrkr.o)
                0x0800a174                _sbrk_r
 .text.__assert_func
                0x0800a194       0x3c C:/STM_IDE/STM32CubeIDE_1.16.1/STM32CubeIDE/plugins/com.st.stm32cube.ide.mcu.externaltools.gnu-tools-for-stm32.12.3.rel1.win32_1.0.200.202406191623/tools/bin/../lib/gcc/arm-none-eabi/12.3.1/../../../../arm-none-eabi/lib/thumb/v7e-m+fp/hard\libc_nano.a(libc_a-assert.o)
                0x0800a194                __assert_func
 .text._calloc_r
                0x0800a1d0       0x28 C:/STM_IDE/STM32CubeIDE_1.16.1/STM32CubeIDE/plugins/com.st.stm32cube.ide.mcu.externaltools.gnu-tools-for-stm32.12.3.rel1.win32_1.0.200.202406191623/tools/bin/../lib/gcc/arm-none-eabi/12.3.1/../../../../arm-none-eabi/lib/thumb/v7e-m+fp/hard\libc_nano.a(libc_a-callocr.o)
                0x0800a1d0                _calloc_r
 .text.__ascii_mbtowc
                0x0800a1f8       0x24 C:/STM_IDE/STM32CubeIDE_1.16.1/STM32CubeIDE/plugins/com.st.stm32cube.ide.mcu.externaltools.gnu-tools-for-stm32.12.3.rel1.win32_1.0.200.202406191623/tools/bin/../lib/gcc/arm-none-eabi/12.3.1/../../../../arm-none-eabi/lib/thumb/v7e-m+fp/hard\libc_nano.a(libc_a-mbtowc_r.o)
                0x0800a1f8                __ascii_mbtowc
 .text._realloc_r
                0x0800a21c       0x5c C:/STM_IDE/STM32CubeIDE_1.16.1/STM32CubeIDE/plugins/com.st.stm32cube.ide.mcu.externaltools.gnu-tools-for-stm32.12.3.rel1.win32_1.0.200.202406191623/tools/bin/../lib/gcc/arm-none-eabi/12.3.1/../../../../arm-none-eabi/lib/thumb/v7e-m+fp/hard\libc_nano.a(libc_a-reallocr.o)
                0x0800a21c                _realloc_r
 .text.__ascii_wctomb
                0x0800a278       0x1a C:/STM_IDE/STM32CubeIDE_1.16.1/STM32CubeIDE/plugins/com.st.stm32cube.ide.mcu.externaltools.gnu-tools-for-stm32.12.3.rel1.win32_1.0.200.202406191623/tools/bin/../lib/gcc/arm-none-eabi/12.3.1/../../../../arm-none-eabi/lib/thumb/v7e-m+fp/hard\libc_nano.a(libc_a-wctomb_r.o)
                0x0800a278                __ascii_wctomb
 *fill*         0x0800a292        0x2 
 .text.fprintf  0x0800a294       0x24 C:/STM_IDE/STM32CubeIDE_1.16.1/STM32CubeIDE/plugins/com.st.stm32cube.ide.mcu.externaltools.gnu-tools-for-stm32.12.3.rel1.win32_1.0.200.202406191623/tools/bin/../lib/gcc/arm-none-eabi/12.3.1/../../../../arm-none-eabi/lib/thumb/v7e-m+fp/hard\libc_nano.a(libc_a-fprintf.o)
                0x0800a294                fiprintf
                0x0800a294                fprintf
 .text.__swhatbuf_r
                0x0800a2b8       0x4c C:/STM_IDE/STM32CubeIDE_1.16.1/STM32CubeIDE/plugins/com.st.stm32cube.ide.mcu.externaltools.gnu-tools-for-stm32.12.3.rel1.win32_1.0.200.202406191623/tools/bin/../lib/gcc/arm-none-eabi/12.3.1/../../../../arm-none-eabi/lib/thumb/v7e-m+fp/hard\libc_nano.a(libc_a-makebuf.o)
                0x0800a2b8                __swhatbuf_r
 .text.__smakebuf_r
                0x0800a304       0x78 C:/STM_IDE/STM32CubeIDE_1.16.1/STM32CubeIDE/plugins/com.st.stm32cube.ide.mcu.externaltools.gnu-tools-for-stm32.12.3.rel1.win32_1.0.200.202406191623/tools/bin/../lib/gcc/arm-none-eabi/12.3.1/../../../../arm-none-eabi/lib/thumb/v7e-m+fp/hard\libc_nano.a(libc_a-makebuf.o)
                0x0800a304                __smakebuf_r
 .text._fstat_r
                0x0800a37c       0x24 C:/STM_IDE/STM32CubeIDE_1.16.1/STM32CubeIDE/plugins/com.st.stm32cube.ide.mcu.externaltools.gnu-tools-for-stm32.12.3.rel1.win32_1.0.200.202406191623/tools/bin/../lib/gcc/arm-none-eabi/12.3.1/../../../../arm-none-eabi/lib/thumb/v7e-m+fp/hard\libc_nano.a(libc_a-fstatr.o)
                0x0800a37c                _fstat_r
 .text._isatty_r
                0x0800a3a0       0x20 C:/STM_IDE/STM32CubeIDE_1.16.1/STM32CubeIDE/plugins/com.st.stm32cube.ide.mcu.externaltools.gnu-tools-for-stm32.12.3.rel1.win32_1.0.200.202406191623/tools/bin/../lib/gcc/arm-none-eabi/12.3.1/../../../../arm-none-eabi/lib/thumb/v7e-m+fp/hard\libc_nano.a(libc_a-isattyr.o)
                0x0800a3a0                _isatty_r
 .text.abort    0x0800a3c0        0xe C:/STM_IDE/STM32CubeIDE_1.16.1/STM32CubeIDE/plugins/com.st.stm32cube.ide.mcu.externaltools.gnu-tools-for-stm32.12.3.rel1.win32_1.0.200.202406191623/tools/bin/../lib/gcc/arm-none-eabi/12.3.1/../../../../arm-none-eabi/lib/thumb/v7e-m+fp/hard\libc_nano.a(libc_a-abort.o)
                0x0800a3c0                abort
 .text._malloc_usable_size_r
                0x0800a3ce       0x10 C:/STM_IDE/STM32CubeIDE_1.16.1/STM32CubeIDE/plugins/com.st.stm32cube.ide.mcu.externaltools.gnu-tools-for-stm32.12.3.rel1.win32_1.0.200.202406191623/tools/bin/../lib/gcc/arm-none-eabi/12.3.1/../../../../arm-none-eabi/lib/thumb/v7e-m+fp/hard\libc_nano.a(libc_a-msizer.o)
                0x0800a3ce                _malloc_usable_size_r
 .text._raise_r
                0x0800a3de       0x50 C:/STM_IDE/STM32CubeIDE_1.16.1/STM32CubeIDE/plugins/com.st.stm32cube.ide.mcu.externaltools.gnu-tools-for-stm32.12.3.rel1.win32_1.0.200.202406191623/tools/bin/../lib/gcc/arm-none-eabi/12.3.1/../../../../arm-none-eabi/lib/thumb/v7e-m+fp/hard\libc_nano.a(libc_a-signal.o)
                0x0800a3de                _raise_r
 *fill*         0x0800a42e        0x2 
 .text.raise    0x0800a430       0x10 C:/STM_IDE/STM32CubeIDE_1.16.1/STM32CubeIDE/plugins/com.st.stm32cube.ide.mcu.externaltools.gnu-tools-for-stm32.12.3.rel1.win32_1.0.200.202406191623/tools/bin/../lib/gcc/arm-none-eabi/12.3.1/../../../../arm-none-eabi/lib/thumb/v7e-m+fp/hard\libc_nano.a(libc_a-signal.o)
                0x0800a430                raise
 .text._kill_r  0x0800a440       0x24 C:/STM_IDE/STM32CubeIDE_1.16.1/STM32CubeIDE/plugins/com.st.stm32cube.ide.mcu.externaltools.gnu-tools-for-stm32.12.3.rel1.win32_1.0.200.202406191623/tools/bin/../lib/gcc/arm-none-eabi/12.3.1/../../../../arm-none-eabi/lib/thumb/v7e-m+fp/hard\libc_nano.a(libc_a-signalr.o)
                0x0800a440                _kill_r
 .text._getpid_r
                0x0800a464        0x4 C:/STM_IDE/STM32CubeIDE_1.16.1/STM32CubeIDE/plugins/com.st.stm32cube.ide.mcu.externaltools.gnu-tools-for-stm32.12.3.rel1.win32_1.0.200.202406191623/tools/bin/../lib/gcc/arm-none-eabi/12.3.1/../../../../arm-none-eabi/lib/thumb/v7e-m+fp/hard\libc_nano.a(libc_a-signalr.o)
                0x0800a464                _getpid_r
 .text.log      0x0800a468       0x7c C:/STM_IDE/STM32CubeIDE_1.16.1/STM32CubeIDE/plugins/com.st.stm32cube.ide.mcu.externaltools.gnu-tools-for-stm32.12.3.rel1.win32_1.0.200.202406191623/tools/bin/../lib/gcc/arm-none-eabi/12.3.1/../../../../arm-none-eabi/lib/thumb/v7e-m+fp/hard\libm.a(libm_a-w_log.o)
                0x0800a468                log
 *fill*         0x0800a4e4        0x4 
 .text.nan      0x0800a4e8       0x10 C:/STM_IDE/STM32CubeIDE_1.16.1/STM32CubeIDE/plugins/com.st.stm32cube.ide.mcu.externaltools.gnu-tools-for-stm32.12.3.rel1.win32_1.0.200.202406191623/tools/bin/../lib/gcc/arm-none-eabi/12.3.1/../../../../arm-none-eabi/lib/thumb/v7e-m+fp/hard\libm.a(libm_a-s_nan.o)
                0x0800a4e8                nan
 .text.__ieee754_log
                0x0800a4f8      0x36c C:/STM_IDE/STM32CubeIDE_1.16.1/STM32CubeIDE/plugins/com.st.stm32cube.ide.mcu.externaltools.gnu-tools-for-stm32.12.3.rel1.win32_1.0.200.202406191623/tools/bin/../lib/gcc/arm-none-eabi/12.3.1/../../../../arm-none-eabi/lib/thumb/v7e-m+fp/hard\libm.a(libm_a-e_log.o)
                0x0800a4f8                __ieee754_log
 *(.glue_7)
 .glue_7        0x0800a864        0x0 linker stubs
 *(.glue_7t)
 .glue_7t       0x0800a864        0x0 linker stubs
 *(.eh_frame)
 .eh_frame      0x0800a864        0x0 C:/STM_IDE/STM32CubeIDE_1.16.1/STM32CubeIDE/plugins/com.st.stm32cube.ide.mcu.externaltools.gnu-tools-for-stm32.12.3.rel1.win32_1.0.200.202406191623/tools/bin/../lib/gcc/arm-none-eabi/12.3.1/thumb/v7e-m+fp/hard/crtbegin.o
 *(.init)
 .init          0x0800a864        0x4 C:/STM_IDE/STM32CubeIDE_1.16.1/STM32CubeIDE/plugins/com.st.stm32cube.ide.mcu.externaltools.gnu-tools-for-stm32.12.3.rel1.win32_1.0.200.202406191623/tools/bin/../lib/gcc/arm-none-eabi/12.3.1/thumb/v7e-m+fp/hard/crti.o
                0x0800a864                _init
 .init          0x0800a868        0x8 C:/STM_IDE/STM32CubeIDE_1.16.1/STM32CubeIDE/plugins/com.st.stm32cube.ide.mcu.externaltools.gnu-tools-for-stm32.12.3.rel1.win32_1.0.200.202406191623/tools/bin/../lib/gcc/arm-none-eabi/12.3.1/thumb/v7e-m+fp/hard/crtn.o
 *(.fini)
 .fini          0x0800a870        0x4 C:/STM_IDE/STM32CubeIDE_1.16.1/STM32CubeIDE/plugins/com.st.stm32cube.ide.mcu.externaltools.gnu-tools-for-stm32.12.3.rel1.win32_1.0.200.202406191623/tools/bin/../lib/gcc/arm-none-eabi/12.3.1/thumb/v7e-m+fp/hard/crti.o
                0x0800a870                _fini
 .fini          0x0800a874        0x8 C:/STM_IDE/STM32CubeIDE_1.16.1/STM32CubeIDE/plugins/com.st.stm32cube.ide.mcu.externaltools.gnu-tools-for-stm32.12.3.rel1.win32_1.0.200.202406191623/tools/bin/../lib/gcc/arm-none-eabi/12.3.1/thumb/v7e-m+fp/hard/crtn.o
                0x0800a87c                        . = ALIGN (0x4)
                0x0800a87c                        _etext = .

.vfp11_veneer   0x0800a87c        0x0
 .vfp11_veneer  0x0800a87c        0x0 linker stubs

.v4_bx          0x0800a87c        0x0
 .v4_bx         0x0800a87c        0x0 linker stubs

.iplt           0x0800a87c        0x0
 .iplt          0x0800a87c        0x0 C:/STM_IDE/STM32CubeIDE_1.16.1/STM32CubeIDE/plugins/com.st.stm32cube.ide.mcu.externaltools.gnu-tools-for-stm32.12.3.rel1.win32_1.0.200.202406191623/tools/bin/../lib/gcc/arm-none-eabi/12.3.1/thumb/v7e-m+fp/hard/crtbegin.o

.rodata         0x0800a880     0x1208
                0x0800a880                        . = ALIGN (0x4)
 *(.rodata)
 .rodata        0x0800a880       0x6a ./Core/Src/bms_data/bms_data.o
 *fill*         0x0800a8ea        0x2 
 .rodata        0x0800a8ec       0x93 ./Core/Src/display/oled_display.o
 *(.rodata*)
 *fill*         0x0800a97f        0x1 
 .rodata.Font7x10
                0x0800a980      0x76c ./Core/Src/display/ssd1306_fonts.o
 .rodata.Font6x8
                0x0800b0ec      0x5f0 ./Core/Src/display/ssd1306_fonts.o
 .rodata.Font_6x8
                0x0800b6dc        0xc ./Core/Src/display/ssd1306_fonts.o
                0x0800b6dc                Font_6x8
 .rodata.Font_7x10
                0x0800b6e8        0xc ./Core/Src/display/ssd1306_fonts.o
                0x0800b6e8                Font_7x10
 .rodata.AHBPrescTable
                0x0800b6f4       0x10 ./Core/Src/system_stm32f4xx.o
                0x0800b6f4                AHBPrescTable
 .rodata.APBPrescTable
                0x0800b704        0x8 ./Core/Src/system_stm32f4xx.o
                0x0800b704                APBPrescTable
 .rodata.flagBitshiftOffset.0
                0x0800b70c        0x8 ./Drivers/STM32F4xx_HAL_Driver/Src/stm32f4xx_hal_dma.o
 .rodata._printf_float.str1.1
                0x0800b714       0x12 C:/STM_IDE/STM32CubeIDE_1.16.1/STM32CubeIDE/plugins/com.st.stm32cube.ide.mcu.externaltools.gnu-tools-for-stm32.12.3.rel1.win32_1.0.200.202406191623/tools/bin/../lib/gcc/arm-none-eabi/12.3.1/../../../../arm-none-eabi/lib/thumb/v7e-m+fp/hard\libc_nano.a(libc_a-nano-vfprintf_float.o)
 .rodata._printf_i.str1.1
                0x0800b726       0x22 C:/STM_IDE/STM32CubeIDE_1.16.1/STM32CubeIDE/plugins/com.st.stm32cube.ide.mcu.externaltools.gnu-tools-for-stm32.12.3.rel1.win32_1.0.200.202406191623/tools/bin/../lib/gcc/arm-none-eabi/12.3.1/../../../../arm-none-eabi/lib/thumb/v7e-m+fp/hard\libc_nano.a(libc_a-nano-vfprintf_i.o)
 .rodata._dtoa_r.str1.1
                0x0800b748       0x8d C:/STM_IDE/STM32CubeIDE_1.16.1/STM32CubeIDE/plugins/com.st.stm32cube.ide.mcu.externaltools.gnu-tools-for-stm32.12.3.rel1.win32_1.0.200.202406191623/tools/bin/../lib/gcc/arm-none-eabi/12.3.1/../../../../arm-none-eabi/lib/thumb/v7e-m+fp/hard\libc_nano.a(libc_a-dtoa.o)
                                 0x8f (size before relaxing)
 .rodata._Balloc.str1.1
                0x0800b7d5       0x59 C:/STM_IDE/STM32CubeIDE_1.16.1/STM32CubeIDE/plugins/com.st.stm32cube.ide.mcu.externaltools.gnu-tools-for-stm32.12.3.rel1.win32_1.0.200.202406191623/tools/bin/../lib/gcc/arm-none-eabi/12.3.1/../../../../arm-none-eabi/lib/thumb/v7e-m+fp/hard\libc_nano.a(libc_a-mprec.o)
                                 0x70 (size before relaxing)
 .rodata.__multadd.str1.1
                0x0800b82e       0x11 C:/STM_IDE/STM32CubeIDE_1.16.1/STM32CubeIDE/plugins/com.st.stm32cube.ide.mcu.externaltools.gnu-tools-for-stm32.12.3.rel1.win32_1.0.200.202406191623/tools/bin/../lib/gcc/arm-none-eabi/12.3.1/../../../../arm-none-eabi/lib/thumb/v7e-m+fp/hard\libc_nano.a(libc_a-mprec.o)
 *fill*         0x0800b82e        0x2 
 .rodata.p05.0  0x0800b830        0xc C:/STM_IDE/STM32CubeIDE_1.16.1/STM32CubeIDE/plugins/com.st.stm32cube.ide.mcu.externaltools.gnu-tools-for-stm32.12.3.rel1.win32_1.0.200.202406191623/tools/bin/../lib/gcc/arm-none-eabi/12.3.1/../../../../arm-none-eabi/lib/thumb/v7e-m+fp/hard\libc_nano.a(libc_a-mprec.o)
 *fill*         0x0800b83c        0x4 
 .rodata.__mprec_bigtens
                0x0800b840       0x28 C:/STM_IDE/STM32CubeIDE_1.16.1/STM32CubeIDE/plugins/com.st.stm32cube.ide.mcu.externaltools.gnu-tools-for-stm32.12.3.rel1.win32_1.0.200.202406191623/tools/bin/../lib/gcc/arm-none-eabi/12.3.1/../../../../arm-none-eabi/lib/thumb/v7e-m+fp/hard\libc_nano.a(libc_a-mprec.o)
                0x0800b840                __mprec_bigtens
 .rodata.__mprec_tens
                0x0800b868       0xc8 C:/STM_IDE/STM32CubeIDE_1.16.1/STM32CubeIDE/plugins/com.st.stm32cube.ide.mcu.externaltools.gnu-tools-for-stm32.12.3.rel1.win32_1.0.200.202406191623/tools/bin/../lib/gcc/arm-none-eabi/12.3.1/../../../../arm-none-eabi/lib/thumb/v7e-m+fp/hard\libc_nano.a(libc_a-mprec.o)
                0x0800b868                __mprec_tens
 .rodata._svfprintf_r.str1.1
                0x0800b930       0x11 C:/STM_IDE/STM32CubeIDE_1.16.1/STM32CubeIDE/plugins/com.st.stm32cube.ide.mcu.externaltools.gnu-tools-for-stm32.12.3.rel1.win32_1.0.200.202406191623/tools/bin/../lib/gcc/arm-none-eabi/12.3.1/../../../../arm-none-eabi/lib/thumb/v7e-m+fp/hard\libc_nano.a(libc_a-nano-svfprintf.o)
 .rodata._vfprintf_r.str1.1
                0x0800b941       0x11 C:/STM_IDE/STM32CubeIDE_1.16.1/STM32CubeIDE/plugins/com.st.stm32cube.ide.mcu.externaltools.gnu-tools-for-stm32.12.3.rel1.win32_1.0.200.202406191623/tools/bin/../lib/gcc/arm-none-eabi/12.3.1/../../../../arm-none-eabi/lib/thumb/v7e-m+fp/hard\libc_nano.a(libc_a-nano-vfprintf.o)
 .rodata._setlocale_r.str1.1
                0x0800b941        0x8 C:/STM_IDE/STM32CubeIDE_1.16.1/STM32CubeIDE/plugins/com.st.stm32cube.ide.mcu.externaltools.gnu-tools-for-stm32.12.3.rel1.win32_1.0.200.202406191623/tools/bin/../lib/gcc/arm-none-eabi/12.3.1/../../../../arm-none-eabi/lib/thumb/v7e-m+fp/hard\libc_nano.a(libc_a-locale.o)
                                  0x9 (size before relaxing)
 .rodata.str1.1
                0x0800b949        0x2 C:/STM_IDE/STM32CubeIDE_1.16.1/STM32CubeIDE/plugins/com.st.stm32cube.ide.mcu.externaltools.gnu-tools-for-stm32.12.3.rel1.win32_1.0.200.202406191623/tools/bin/../lib/gcc/arm-none-eabi/12.3.1/../../../../arm-none-eabi/lib/thumb/v7e-m+fp/hard\libc_nano.a(libc_a-locale.o)
 .rodata.__assert_func.str1.1
                0x0800b94b       0x3c C:/STM_IDE/STM32CubeIDE_1.16.1/STM32CubeIDE/plugins/com.st.stm32cube.ide.mcu.externaltools.gnu-tools-for-stm32.12.3.rel1.win32_1.0.200.202406191623/tools/bin/../lib/gcc/arm-none-eabi/12.3.1/../../../../arm-none-eabi/lib/thumb/v7e-m+fp/hard\libc_nano.a(libc_a-assert.o)
                                 0x3d (size before relaxing)
 .rodata._ctype_
                0x0800b987      0x101 C:/STM_IDE/STM32CubeIDE_1.16.1/STM32CubeIDE/plugins/com.st.stm32cube.ide.mcu.externaltools.gnu-tools-for-stm32.12.3.rel1.win32_1.0.200.202406191623/tools/bin/../lib/gcc/arm-none-eabi/12.3.1/../../../../arm-none-eabi/lib/thumb/v7e-m+fp/hard\libc_nano.a(libc_a-ctype_.o)
                0x0800b987                _ctype_
 .rodata.log.str1.1
                0x0800ba88        0x1 C:/STM_IDE/STM32CubeIDE_1.16.1/STM32CubeIDE/plugins/com.st.stm32cube.ide.mcu.externaltools.gnu-tools-for-stm32.12.3.rel1.win32_1.0.200.202406191623/tools/bin/../lib/gcc/arm-none-eabi/12.3.1/../../../../arm-none-eabi/lib/thumb/v7e-m+fp/hard\libm.a(libm_a-w_log.o)
                0x0800ba8c                        . = ALIGN (0x4)

.ARM.extab      0x0800ba88        0x0
                0x0800ba88                        . = ALIGN (0x4)
 *(.ARM.extab* .gnu.linkonce.armextab.*)
                0x0800ba88                        . = ALIGN (0x4)

.ARM            0x0800ba88        0x8
                0x0800ba88                        . = ALIGN (0x4)
                0x0800ba88                        __exidx_start = .
 *(.ARM.exidx*)
 .ARM.exidx     0x0800ba88        0x8 C:/STM_IDE/STM32CubeIDE_1.16.1/STM32CubeIDE/plugins/com.st.stm32cube.ide.mcu.externaltools.gnu-tools-for-stm32.12.3.rel1.win32_1.0.200.202406191623/tools/bin/../lib/gcc/arm-none-eabi/12.3.1/../../../../arm-none-eabi/lib/thumb/v7e-m+fp/hard\libc_nano.a(libc_a-memchr.o)
 .ARM.exidx     0x0800ba90        0x0 C:/STM_IDE/STM32CubeIDE_1.16.1/STM32CubeIDE/plugins/com.st.stm32cube.ide.mcu.externaltools.gnu-tools-for-stm32.12.3.rel1.win32_1.0.200.202406191623/tools/bin/../lib/gcc/arm-none-eabi/12.3.1/../../../../arm-none-eabi/lib/thumb/v7e-m+fp/hard\libc_nano.a(libc_a-strlen.o)
                                  0x8 (size before relaxing)
 .ARM.exidx     0x0800ba90        0x0 C:/STM_IDE/STM32CubeIDE_1.16.1/STM32CubeIDE/plugins/com.st.stm32cube.ide.mcu.externaltools.gnu-tools-for-stm32.12.3.rel1.win32_1.0.200.202406191623/tools/bin/../lib/gcc/arm-none-eabi/12.3.1/thumb/v7e-m+fp/hard\libgcc.a(_udivmoddi4.o)
                                  0x8 (size before relaxing)
                0x0800ba90                        __exidx_end = .
                0x0800ba90                        . = ALIGN (0x4)

.preinit_array  0x0800ba90        0x0
                0x0800ba90                        . = ALIGN (0x4)
                0x0800ba90                        PROVIDE (__preinit_array_start = .)
 *(.preinit_array*)
                0x0800ba90                        PROVIDE (__preinit_array_end = .)
                0x0800ba90                        . = ALIGN (0x4)

.init_array     0x0800ba90        0x4
                0x0800ba90                        . = ALIGN (0x4)
                0x0800ba90                        PROVIDE (__init_array_start = .)
 *(SORT_BY_NAME(.init_array.*))
 *(.init_array*)
 .init_array    0x0800ba90        0x4 C:/STM_IDE/STM32CubeIDE_1.16.1/STM32CubeIDE/plugins/com.st.stm32cube.ide.mcu.externaltools.gnu-tools-for-stm32.12.3.rel1.win32_1.0.200.202406191623/tools/bin/../lib/gcc/arm-none-eabi/12.3.1/thumb/v7e-m+fp/hard/crtbegin.o
                0x0800ba94                        PROVIDE (__init_array_end = .)
                0x0800ba94                        . = ALIGN (0x4)

.fini_array     0x0800ba94        0x4
                0x0800ba94                        . = ALIGN (0x4)
                [!provide]                        PROVIDE (__fini_array_start = .)
 *(SORT_BY_NAME(.fini_array.*))
 *(.fini_array*)
 .fini_array    0x0800ba94        0x4 C:/STM_IDE/STM32CubeIDE_1.16.1/STM32CubeIDE/plugins/com.st.stm32cube.ide.mcu.externaltools.gnu-tools-for-stm32.12.3.rel1.win32_1.0.200.202406191623/tools/bin/../lib/gcc/arm-none-eabi/12.3.1/thumb/v7e-m+fp/hard/crtbegin.o
                [!provide]                        PROVIDE (__fini_array_end = .)
                0x0800ba98                        . = ALIGN (0x4)
                0x0800ba98                        _sidata = LOADADDR (.data)

.rel.dyn        0x0800ba98        0x0
 .rel.iplt      0x0800ba98        0x0 C:/STM_IDE/STM32CubeIDE_1.16.1/STM32CubeIDE/plugins/com.st.stm32cube.ide.mcu.externaltools.gnu-tools-for-stm32.12.3.rel1.win32_1.0.200.202406191623/tools/bin/../lib/gcc/arm-none-eabi/12.3.1/thumb/v7e-m+fp/hard/crtbegin.o

.data           0x20000000      0x1d4 load address 0x0800ba98
                0x20000000                        . = ALIGN (0x4)
                0x20000000                        _sdata = .
 *(.data)
 *(.data*)
 .data.SystemCoreClock
                0x20000000        0x4 ./Core/Src/system_stm32f4xx.o
                0x20000000                SystemCoreClock
 .data.uwTickPrio
                0x20000004        0x4 ./Drivers/STM32F4xx_HAL_Driver/Src/stm32f4xx_hal.o
                0x20000004                uwTickPrio
 .data.uwTickFreq
                0x20000008        0x1 ./Drivers/STM32F4xx_HAL_Driver/Src/stm32f4xx_hal.o
                0x20000008                uwTickFreq
 *fill*         0x20000009        0x3 
 .data.__sglue  0x2000000c        0xc C:/STM_IDE/STM32CubeIDE_1.16.1/STM32CubeIDE/plugins/com.st.stm32cube.ide.mcu.externaltools.gnu-tools-for-stm32.12.3.rel1.win32_1.0.200.202406191623/tools/bin/../lib/gcc/arm-none-eabi/12.3.1/../../../../arm-none-eabi/lib/thumb/v7e-m+fp/hard\libc_nano.a(libc_a-findfp.o)
                0x2000000c                __sglue
 .data._impure_ptr
                0x20000018        0x4 C:/STM_IDE/STM32CubeIDE_1.16.1/STM32CubeIDE/plugins/com.st.stm32cube.ide.mcu.externaltools.gnu-tools-for-stm32.12.3.rel1.win32_1.0.200.202406191623/tools/bin/../lib/gcc/arm-none-eabi/12.3.1/../../../../arm-none-eabi/lib/thumb/v7e-m+fp/hard\libc_nano.a(libc_a-impure.o)
                0x20000018                _impure_ptr
 .data._impure_data
                0x2000001c       0x4c C:/STM_IDE/STM32CubeIDE_1.16.1/STM32CubeIDE/plugins/com.st.stm32cube.ide.mcu.externaltools.gnu-tools-for-stm32.12.3.rel1.win32_1.0.200.202406191623/tools/bin/../lib/gcc/arm-none-eabi/12.3.1/../../../../arm-none-eabi/lib/thumb/v7e-m+fp/hard\libc_nano.a(libc_a-impure.o)
                0x2000001c                _impure_data
 .data.__global_locale
                0x20000068      0x16c C:/STM_IDE/STM32CubeIDE_1.16.1/STM32CubeIDE/plugins/com.st.stm32cube.ide.mcu.externaltools.gnu-tools-for-stm32.12.3.rel1.win32_1.0.200.202406191623/tools/bin/../lib/gcc/arm-none-eabi/12.3.1/../../../../arm-none-eabi/lib/thumb/v7e-m+fp/hard\libc_nano.a(libc_a-locale.o)
                0x20000068                __global_locale
 *(.RamFunc)
 *(.RamFunc*)
                0x200001d4                        . = ALIGN (0x4)
                0x200001d4                        _edata = .
                0x0800bc6c                        _siccmram = LOADADDR (.ccmram)

.igot.plt       0x200001d4        0x0 load address 0x0800bc6c
 .igot.plt      0x200001d4        0x0 C:/STM_IDE/STM32CubeIDE_1.16.1/STM32CubeIDE/plugins/com.st.stm32cube.ide.mcu.externaltools.gnu-tools-for-stm32.12.3.rel1.win32_1.0.200.202406191623/tools/bin/../lib/gcc/arm-none-eabi/12.3.1/thumb/v7e-m+fp/hard/crtbegin.o

.ccmram         0x10000000        0x0 load address 0x0800bc6c
                0x10000000                        . = ALIGN (0x4)
                0x10000000                        _sccmram = .
 *(.ccmram)
 *(.ccmram*)
                0x10000000                        . = ALIGN (0x4)
                0x10000000                        _eccmram = .
                0x10000000                        . = ALIGN (0x4)

.bss            0x200001d4      0x7f4
                0x200001d4                        _sbss = .
                0x200001d4                        __bss_start__ = _sbss
 *(.bss)
 .bss           0x200001d4       0x1c C:/STM_IDE/STM32CubeIDE_1.16.1/STM32CubeIDE/plugins/com.st.stm32cube.ide.mcu.externaltools.gnu-tools-for-stm32.12.3.rel1.win32_1.0.200.202406191623/tools/bin/../lib/gcc/arm-none-eabi/12.3.1/thumb/v7e-m+fp/hard/crtbegin.o
 *(.bss*)
 .bss.BMS_Data  0x200001f0       0x40 ./Core/Src/bms_data/bms_data.o
                0x200001f0                BMS_Data
 .bss.BMS_Data_Received
                0x20000230       0x40 ./Core/Src/bms_data/bms_data.o
                0x20000230                BMS_Data_Received
 .bss.SSD1306_Buffer
                0x20000270      0x400 ./Core/Src/display/ssd1306.o
 .bss.SSD1306   0x20000670        0x6 ./Core/Src/display/ssd1306.o
 *fill*         0x20000676        0x2 
 .bss.hadc1     0x20000678       0x48 ./Core/Src/main.o
                0x20000678                hadc1
 .bss.hadc2     0x200006c0       0x48 ./Core/Src/main.o
                0x200006c0                hadc2
 .bss.hdma_adc1
                0x20000708       0x60 ./Core/Src/main.o
                0x20000708                hdma_adc1
 .bss.hi2c1     0x20000768       0x54 ./Core/Src/main.o
                0x20000768                hi2c1
 .bss.htim2     0x200007bc       0x48 ./Core/Src/main.o
                0x200007bc                htim2
 .bss.batteryStatus
                0x20000804        0x1 ./Core/Src/main.o
                0x20000804                batteryStatus
 .bss.voltage_and_current_reading_flag
                0x20000805        0x1 ./Core/Src/main.o
                0x20000805                voltage_and_current_reading_flag
 .bss.temperature_update_flag
                0x20000806        0x1 ./Core/Src/main.o
                0x20000806                temperature_update_flag
 .bss.temperature_counter
                0x20000807        0x1 ./Core/Src/stm32f4xx_it.o
                0x20000807                temperature_counter
 .bss.__sbrk_heap_end
                0x20000808        0x4 ./Core/Src/sysmem.o
 .bss.power     0x2000080c        0x4 ./Core/Src/processings/processings.o
                0x2000080c                power
 .bss.time_pack
                0x20000810        0xc ./Core/Src/processings/processings.o
                0x20000810                time_pack
 .bss.previous_voltage
                0x2000081c        0x4 ./Core/Src/processings/processings.o
 .bss.same_voltage_counter
                0x20000820        0x4 ./Core/Src/processings/processings.o
 .bss.number_of_sample
                0x20000824        0x4 ./Core/Src/processings/processings.o
 .bss.energyAccumulator
                0x20000828        0x4 ./Core/Src/processings/processings.o
 .bss.total_charging_time_counter
                0x2000082c        0x1 ./Core/Src/processings/processings.o
 .bss.tracker   0x2000082d        0x1 ./Core/Src/processings/processings.o
 *fill*         0x2000082e        0x2 
 .bss.dma_adc_buffer
                0x20000830       0x28 ./Core/Src/sensing/sensing.o
                0x20000830                dma_adc_buffer
 .bss.adc_voltage_raw_sum
                0x20000858        0x4 ./Core/Src/sensing/sensing.o
                0x20000858                adc_voltage_raw_sum
 .bss.adc_current_raw_sum
                0x2000085c        0x4 ./Core/Src/sensing/sensing.o
                0x2000085c                adc_current_raw_sum
 .bss.adc_voltage_raw
                0x20000860        0x4 ./Core/Src/sensing/sensing.o
                0x20000860                adc_voltage_raw
 .bss.adc_current_raw
                0x20000864        0x4 ./Core/Src/sensing/sensing.o
                0x20000864                adc_current_raw
 .bss.adc_temperature_raw
                0x20000868        0x4 ./Core/Src/sensing/sensing.o
                0x20000868                adc_temperature_raw
 .bss.voltage   0x2000086c        0x4 ./Core/Src/sensing/sensing.o
                0x2000086c                voltage
 .bss.current   0x20000870        0x4 ./Core/Src/sensing/sensing.o
                0x20000870                current
 .bss.temperature
                0x20000874        0x4 ./Core/Src/sensing/sensing.o
                0x20000874                temperature
 .bss.uwTick    0x20000878        0x4 ./Drivers/STM32F4xx_HAL_Driver/Src/stm32f4xx_hal.o
                0x20000878                uwTick
 .bss.__sf      0x2000087c      0x138 C:/STM_IDE/STM32CubeIDE_1.16.1/STM32CubeIDE/plugins/com.st.stm32cube.ide.mcu.externaltools.gnu-tools-for-stm32.12.3.rel1.win32_1.0.200.202406191623/tools/bin/../lib/gcc/arm-none-eabi/12.3.1/../../../../arm-none-eabi/lib/thumb/v7e-m+fp/hard\libc_nano.a(libc_a-findfp.o)
                0x2000087c                __sf
 .bss.__stdio_exit_handler
                0x200009b4        0x4 C:/STM_IDE/STM32CubeIDE_1.16.1/STM32CubeIDE/plugins/com.st.stm32cube.ide.mcu.externaltools.gnu-tools-for-stm32.12.3.rel1.win32_1.0.200.202406191623/tools/bin/../lib/gcc/arm-none-eabi/12.3.1/../../../../arm-none-eabi/lib/thumb/v7e-m+fp/hard\libc_nano.a(libc_a-findfp.o)
                0x200009b4                __stdio_exit_handler
 .bss.errno     0x200009b8        0x4 C:/STM_IDE/STM32CubeIDE_1.16.1/STM32CubeIDE/plugins/com.st.stm32cube.ide.mcu.externaltools.gnu-tools-for-stm32.12.3.rel1.win32_1.0.200.202406191623/tools/bin/../lib/gcc/arm-none-eabi/12.3.1/../../../../arm-none-eabi/lib/thumb/v7e-m+fp/hard\libc_nano.a(libc_a-reent.o)
                0x200009b8                errno
 .bss.__lock___malloc_recursive_mutex
                0x200009bc        0x1 C:/STM_IDE/STM32CubeIDE_1.16.1/STM32CubeIDE/plugins/com.st.stm32cube.ide.mcu.externaltools.gnu-tools-for-stm32.12.3.rel1.win32_1.0.200.202406191623/tools/bin/../lib/gcc/arm-none-eabi/12.3.1/../../../../arm-none-eabi/lib/thumb/v7e-m+fp/hard\libc_nano.a(libc_a-lock.o)
                0x200009bc                __lock___malloc_recursive_mutex
 .bss.__lock___sfp_recursive_mutex
                0x200009bd        0x1 C:/STM_IDE/STM32CubeIDE_1.16.1/STM32CubeIDE/plugins/com.st.stm32cube.ide.mcu.externaltools.gnu-tools-for-stm32.12.3.rel1.win32_1.0.200.202406191623/tools/bin/../lib/gcc/arm-none-eabi/12.3.1/../../../../arm-none-eabi/lib/thumb/v7e-m+fp/hard\libc_nano.a(libc_a-lock.o)
                0x200009bd                __lock___sfp_recursive_mutex
 *fill*         0x200009be        0x2 
 .bss.__malloc_sbrk_start
                0x200009c0        0x4 C:/STM_IDE/STM32CubeIDE_1.16.1/STM32CubeIDE/plugins/com.st.stm32cube.ide.mcu.externaltools.gnu-tools-for-stm32.12.3.rel1.win32_1.0.200.202406191623/tools/bin/../lib/gcc/arm-none-eabi/12.3.1/../../../../arm-none-eabi/lib/thumb/v7e-m+fp/hard\libc_nano.a(libc_a-mallocr.o)
                0x200009c0                __malloc_sbrk_start
 .bss.__malloc_free_list
                0x200009c4        0x4 C:/STM_IDE/STM32CubeIDE_1.16.1/STM32CubeIDE/plugins/com.st.stm32cube.ide.mcu.externaltools.gnu-tools-for-stm32.12.3.rel1.win32_1.0.200.202406191623/tools/bin/../lib/gcc/arm-none-eabi/12.3.1/../../../../arm-none-eabi/lib/thumb/v7e-m+fp/hard\libc_nano.a(libc_a-mallocr.o)
                0x200009c4                __malloc_free_list
 *(COMMON)
                0x200009c8                        . = ALIGN (0x4)
                0x200009c8                        _ebss = .
                0x200009c8                        __bss_end__ = _ebss

._user_heap_stack
                0x200009c8      0x600
                0x200009c8                        . = ALIGN (0x8)
                [!provide]                        PROVIDE (end = .)
                0x200009c8                        PROVIDE (_end = .)
                0x20000bc8                        . = (. + _Min_Heap_Size)
 *fill*         0x200009c8      0x200 
                0x20000fc8                        . = (. + _Min_Stack_Size)
 *fill*         0x20000bc8      0x400 
                0x20000fc8                        . = ALIGN (0x8)

/DISCARD/
 libc.a(*)
 libm.a(*)
 libgcc.a(*)

.ARM.attributes
                0x00000000       0x30
 *(.ARM.attributes)