../Core/Src/calculations.c:41:6:calculate_oled_parameters	8	static
../Core/Src/calculations.c:61:6:calculate_eeprom_parameters	8	static
../Core/Src/calculations.c:74:6:determine_status	4	static
../Core/Src/calculations.c:104:12:calculate_soc	16	static
../Core/Src/calculations.c:111:12:calculate_soh	4	static
../Core/Src/calculations.c:129:21:calculate_power	4	static
../Core/Src/calculations.c:133:13:calculate_remaining_time	16	static
../Core/Src/calculations.c:148:6:calculate_average_power	4	static
../Core/Src/calculations.c:155:6:calculate_total_energy_charged	4	static
