../Core/Src/main.c:91:5:main	24	static
../Core/Src/main.c:150:6:SystemClock_Config	88	static
../Core/Src/main.c:196:13:MX_ADC1_Init	24	static
../Core/Src/main.c:248:13:MX_ADC2_Init	24	static
../Core/Src/main.c:300:13:MX_I2C1_Init	8	static
../Core/Src/main.c:334:13:MX_GPIO_Init	56	static
../Core/Src/main.c:464:6:Read_Voltage	8	static
../Core/Src/main.c:480:6:Convert_ADC_To_Voltage	32	static
../Core/Src/main.c:491:6:Read_Current	8	static
../Core/Src/main.c:503:6:Convert_ADC_To_Current	32	static
../Core/Src/main.c:518:6:Error_Handler	4	static,ignoring_inline_asm
