../Core/Src/processings/processings.c:49:6:processing	8	static
../Core/Src/processings/processings.c:91:6:determine_status	4	static
../Core/Src/processings/processings.c:121:12:calculate_soc	16	static
../Core/Src/processings/processings.c:128:12:calculate_soh	24	static
../Core/Src/processings/processings.c:147:21:calculate_power	4	static
../Core/Src/processings/processings.c:151:13:calculate_remaining_time	16	static
../Core/Src/processings/processings.c:166:24:calculate_average_voltage	4	static
../Core/Src/processings/processings.c:171:24:calculate_average_current	4	static
../Core/Src/processings/processings.c:176:16:calculate_average_temperature	16	static
../Core/Src/processings/processings.c:189:24:calculate_average_power	16	static
../Core/Src/processings/processings.c:195:13:calculate_total_energy_charged	16	static
../Core/Src/processings/processings.c:203:13:track_maximum_voltage_current_temperature	4	static
../Core/Src/processings/processings.c:218:13:record_total_charging_time	4	static
../Core/Src/processings/processings.c:227:6:update_total_charge_cycle	4	static
../Core/Src/processings/processings.c:233:6:detect_overvoltage	4	static
../Core/Src/processings/processings.c:240:6:detect_undervoltage	4	static
../Core/Src/processings/processings.c:247:6:detect_overcurrent	4	static
../Core/Src/processings/processings.c:254:6:detect_short_circuit	4	static
