../Core/Src/processings/processings.c:49:6:processing	8	static
../Core/Src/processings/processings.c:88:6:determine_status	4	static
../Core/Src/processings/processings.c:118:12:calculate_soc	16	static
../Core/Src/processings/processings.c:125:12:calculate_soh	24	static
../Core/Src/processings/processings.c:144:21:calculate_power	4	static
../Core/Src/processings/processings.c:148:13:calculate_remaining_time	16	static
../Core/Src/processings/processings.c:163:24:calculate_average_voltage	4	static
../Core/Src/processings/processings.c:168:24:calculate_average_current	4	static
../Core/Src/processings/processings.c:173:16:calculate_average_temperature	16	static
../Core/Src/processings/processings.c:186:24:calculate_average_power	16	static
../Core/Src/processings/processings.c:192:13:calculate_total_energy_charged	16	static
../Core/Src/processings/processings.c:200:13:track_maximum_voltage_current_temperature	4	static
../Core/Src/processings/processings.c:215:13:record_total_charging_time	4	static
../Core/Src/processings/processings.c:224:6:update_total_charge_cycle	4	static
../Core/Src/processings/processings.c:230:6:detect_overvoltage	4	static
../Core/Src/processings/processings.c:237:6:detect_undervoltage	4	static
../Core/Src/processings/processings.c:244:6:detect_overcurrent	4	static
../Core/Src/processings/processings.c:251:6:detect_short_circuit	4	static
