Archive member included to satisfy reference by file (symbol)

C:/STM_IDE/STM32CubeIDE_1.16.1/STM32CubeIDE/plugins/com.st.stm32cube.ide.mcu.externaltools.gnu-tools-for-stm32.12.3.rel1.win32_1.0.200.202406191623/tools/bin/../lib/gcc/arm-none-eabi/12.3.1/../../../../arm-none-eabi/lib/thumb/v7e-m+fp/hard\libc_nano.a(libc_a-exit.o)
                              C:/STM_IDE/STM32CubeIDE_1.16.1/STM32CubeIDE/plugins/com.st.stm32cube.ide.mcu.externaltools.gnu-tools-for-stm32.12.3.rel1.win32_1.0.200.202406191623/tools/bin/../lib/gcc/arm-none-eabi/12.3.1/../../../../arm-none-eabi/lib/thumb/v7e-m+fp/hard/crt0.o (exit)
C:/STM_IDE/STM32CubeIDE_1.16.1/STM32CubeIDE/plugins/com.st.stm32cube.ide.mcu.externaltools.gnu-tools-for-stm32.12.3.rel1.win32_1.0.200.202406191623/tools/bin/../lib/gcc/arm-none-eabi/12.3.1/../../../../arm-none-eabi/lib/thumb/v7e-m+fp/hard\libc_nano.a(libc_a-nano-vfprintf_float.o)
                              (_printf_float)
C:/STM_IDE/STM32CubeIDE_1.16.1/STM32CubeIDE/plugins/com.st.stm32cube.ide.mcu.externaltools.gnu-tools-for-stm32.12.3.rel1.win32_1.0.200.202406191623/tools/bin/../lib/gcc/arm-none-eabi/12.3.1/../../../../arm-none-eabi/lib/thumb/v7e-m+fp/hard\libc_nano.a(libc_a-nano-vfprintf_i.o)
                              C:/STM_IDE/STM32CubeIDE_1.16.1/STM32CubeIDE/plugins/com.st.stm32cube.ide.mcu.externaltools.gnu-tools-for-stm32.12.3.rel1.win32_1.0.200.202406191623/tools/bin/../lib/gcc/arm-none-eabi/12.3.1/../../../../arm-none-eabi/lib/thumb/v7e-m+fp/hard\libc_nano.a(libc_a-nano-vfprintf_float.o) (_printf_common)
C:/STM_IDE/STM32CubeIDE_1.16.1/STM32CubeIDE/plugins/com.st.stm32cube.ide.mcu.externaltools.gnu-tools-for-stm32.12.3.rel1.win32_1.0.200.202406191623/tools/bin/../lib/gcc/arm-none-eabi/12.3.1/../../../../arm-none-eabi/lib/thumb/v7e-m+fp/hard\libc_nano.a(libc_a-findfp.o)
                              ./Middlewares/Third_Party/FreeRTOS/Source/tasks.o (__sf)
C:/STM_IDE/STM32CubeIDE_1.16.1/STM32CubeIDE/plugins/com.st.stm32cube.ide.mcu.externaltools.gnu-tools-for-stm32.12.3.rel1.win32_1.0.200.202406191623/tools/bin/../lib/gcc/arm-none-eabi/12.3.1/../../../../arm-none-eabi/lib/thumb/v7e-m+fp/hard\libc_nano.a(libc_a-fwalk.o)
                              C:/STM_IDE/STM32CubeIDE_1.16.1/STM32CubeIDE/plugins/com.st.stm32cube.ide.mcu.externaltools.gnu-tools-for-stm32.12.3.rel1.win32_1.0.200.202406191623/tools/bin/../lib/gcc/arm-none-eabi/12.3.1/../../../../arm-none-eabi/lib/thumb/v7e-m+fp/hard\libc_nano.a(libc_a-findfp.o) (_fwalk_sglue)
C:/STM_IDE/STM32CubeIDE_1.16.1/STM32CubeIDE/plugins/com.st.stm32cube.ide.mcu.externaltools.gnu-tools-for-stm32.12.3.rel1.win32_1.0.200.202406191623/tools/bin/../lib/gcc/arm-none-eabi/12.3.1/../../../../arm-none-eabi/lib/thumb/v7e-m+fp/hard\libc_nano.a(libc_a-snprintf.o)
                              ./Core/Src/display/oled_display.o (snprintf)
C:/STM_IDE/STM32CubeIDE_1.16.1/STM32CubeIDE/plugins/com.st.stm32cube.ide.mcu.externaltools.gnu-tools-for-stm32.12.3.rel1.win32_1.0.200.202406191623/tools/bin/../lib/gcc/arm-none-eabi/12.3.1/../../../../arm-none-eabi/lib/thumb/v7e-m+fp/hard\libc_nano.a(libc_a-sprintf.o)
                              ./Core/Src/display/oled_display.o (sprintf)
C:/STM_IDE/STM32CubeIDE_1.16.1/STM32CubeIDE/plugins/com.st.stm32cube.ide.mcu.externaltools.gnu-tools-for-stm32.12.3.rel1.win32_1.0.200.202406191623/tools/bin/../lib/gcc/arm-none-eabi/12.3.1/../../../../arm-none-eabi/lib/thumb/v7e-m+fp/hard\libc_nano.a(libc_a-stdio.o)
                              C:/STM_IDE/STM32CubeIDE_1.16.1/STM32CubeIDE/plugins/com.st.stm32cube.ide.mcu.externaltools.gnu-tools-for-stm32.12.3.rel1.win32_1.0.200.202406191623/tools/bin/../lib/gcc/arm-none-eabi/12.3.1/../../../../arm-none-eabi/lib/thumb/v7e-m+fp/hard\libc_nano.a(libc_a-findfp.o) (__sread)
C:/STM_IDE/STM32CubeIDE_1.16.1/STM32CubeIDE/plugins/com.st.stm32cube.ide.mcu.externaltools.gnu-tools-for-stm32.12.3.rel1.win32_1.0.200.202406191623/tools/bin/../lib/gcc/arm-none-eabi/12.3.1/../../../../arm-none-eabi/lib/thumb/v7e-m+fp/hard\libc_nano.a(libc_a-memset.o)
                              C:/STM_IDE/STM32CubeIDE_1.16.1/STM32CubeIDE/plugins/com.st.stm32cube.ide.mcu.externaltools.gnu-tools-for-stm32.12.3.rel1.win32_1.0.200.202406191623/tools/bin/../lib/gcc/arm-none-eabi/12.3.1/../../../../arm-none-eabi/lib/thumb/v7e-m+fp/hard/crt0.o (memset)
C:/STM_IDE/STM32CubeIDE_1.16.1/STM32CubeIDE/plugins/com.st.stm32cube.ide.mcu.externaltools.gnu-tools-for-stm32.12.3.rel1.win32_1.0.200.202406191623/tools/bin/../lib/gcc/arm-none-eabi/12.3.1/../../../../arm-none-eabi/lib/thumb/v7e-m+fp/hard\libc_nano.a(libc_a-localeconv.o)
                              C:/STM_IDE/STM32CubeIDE_1.16.1/STM32CubeIDE/plugins/com.st.stm32cube.ide.mcu.externaltools.gnu-tools-for-stm32.12.3.rel1.win32_1.0.200.202406191623/tools/bin/../lib/gcc/arm-none-eabi/12.3.1/../../../../arm-none-eabi/lib/thumb/v7e-m+fp/hard\libc_nano.a(libc_a-nano-vfprintf_float.o) (_localeconv_r)
[...]
Memory Configuration

Name             Origin             Length             Attributes
CCMRAM           0x10000000         0x00010000         xrw
RAM              0x20000000         0x00020000         xrw
FLASH            0x08000000         0x00100000         xr
*default*        0x00000000         0xffffffff

Linker script and memory map

LOAD C:/STM_IDE/STM32CubeIDE_1.16.1/STM32CubeIDE/plugins/com.st.stm32cube.ide.mcu.externaltools.gnu-tools-for-stm32.12.3.rel1.win32_1.0.200.202406191623/tools/bin/../lib/gcc/arm-none-eabi/12.3.1/thumb/v7e-m+fp/hard/crti.o
LOAD C:/STM_IDE/STM32CubeIDE_1.16.1/STM32CubeIDE/plugins/com.st.stm32cube.ide.mcu.externaltools.gnu-tools-for-stm32.12.3.rel1.win32_1.0.200.202406191623/tools/bin/../lib/gcc/arm-none-eabi/12.3.1/thumb/v7e-m+fp/hard/crtbegin.o
LOAD C:/STM_IDE/STM32CubeIDE_1.16.1/STM32CubeIDE/plugins/com.st.stm32cube.ide.mcu.externaltools.gnu-tools-for-stm32.12.3.rel1.win32_1.0.200.202406191623/tools/bin/../lib/gcc/arm-none-eabi/12.3.1/../../../../arm-none-eabi/lib/thumb/v7e-m+fp/hard/crt0.o
LOAD ./Core/Src/bms_data/bms_data.o
LOAD ./Core/Src/buzzer/buzzer.o
LOAD ./Core/Src/display/oled_display.o
LOAD ./Core/Src/display/ssd1306.o
LOAD ./Core/Src/display/ssd1306_fonts.o
LOAD ./Core/Src/eeprom_at24c16/epprom_processings.o
LOAD ./Core/Src/freertos.o
LOAD ./Core/Src/main.o
LOAD ./Core/Src/stm32f4xx_hal_msp.o
LOAD ./Core/Src/stm32f4xx_hal_timebase_tim.o
LOAD ./Core/Src/stm32f4xx_it.o
LOAD ./Core/Src/syscalls.o
LOAD ./Core/Src/sysmem.o
LOAD ./Core/Src/system_stm32f4xx.o
LOAD ./Core/Src/processings/processings.o
LOAD ./Core/Src/sensing/sensing.o
LOAD ./Core/Startup/startup_stm32f407vgtx.o
LOAD ./Drivers/STM32F4xx_HAL_Driver/Src/stm32f4xx_hal.o
LOAD ./Drivers/STM32F4xx_HAL_Driver/Src/stm32f4xx_hal_adc.o
LOAD ./Drivers/STM32F4xx_HAL_Driver/Src/stm32f4xx_hal_adc_ex.o
LOAD ./Drivers/STM32F4xx_HAL_Driver/Src/stm32f4xx_hal_cortex.o
LOAD ./Drivers/STM32F4xx_HAL_Driver/Src/stm32f4xx_hal_dma.o
LOAD ./Drivers/STM32F4xx_HAL_Driver/Src/stm32f4xx_hal_dma_ex.o
LOAD ./Drivers/STM32F4xx_HAL_Driver/Src/stm32f4xx_hal_exti.o
LOAD ./Drivers/STM32F4xx_HAL_Driver/Src/stm32f4xx_hal_flash.o
LOAD ./Drivers/STM32F4xx_HAL_Driver/Src/stm32f4xx_hal_flash_ex.o
LOAD ./Drivers/STM32F4xx_HAL_Driver/Src/stm32f4xx_hal_flash_ramfunc.o
LOAD ./Drivers/STM32F4xx_HAL_Driver/Src/stm32f4xx_hal_gpio.o
LOAD ./Drivers/STM32F4xx_HAL_Driver/Src/stm32f4xx_hal_i2c.o
LOAD ./Drivers/STM32F4xx_HAL_Driver/Src/stm32f4xx_hal_i2c_ex.o
LOAD ./Drivers/STM32F4xx_HAL_Driver/Src/stm32f4xx_hal_pwr.o
LOAD ./Drivers/STM32F4xx_HAL_Driver/Src/stm32f4xx_hal_pwr_ex.o
LOAD ./Drivers/STM32F4xx_HAL_Driver/Src/stm32f4xx_hal_rcc.o
LOAD ./Drivers/STM32F4xx_HAL_Driver/Src/stm32f4xx_hal_rcc_ex.o
LOAD ./Drivers/STM32F4xx_HAL_Driver/Src/stm32f4xx_hal_tim.o
LOAD ./Drivers/STM32F4xx_HAL_Driver/Src/stm32f4xx_hal_tim_ex.o
LOAD ./Drivers/STM32F4xx_HAL_Driver/Src/stm32f4xx_hal_uart.o
LOAD ./Drivers/STM32F4xx_HAL_Driver/Src/stm32f4xx_ll_adc.o
LOAD ./Middlewares/Third_Party/FreeRTOS/Source/CMSIS_RTOS/cmsis_os.o
LOAD ./Middlewares/Third_Party/FreeRTOS/Source/croutine.o
LOAD ./Middlewares/Third_Party/FreeRTOS/Source/event_groups.o
LOAD ./Middlewares/Third_Party/FreeRTOS/Source/list.o
LOAD ./Middlewares/Third_Party/FreeRTOS/Source/queue.o
LOAD ./Middlewares/Third_Party/FreeRTOS/Source/stream_buffer.o
LOAD ./Middlewares/Third_Party/FreeRTOS/Source/tasks.o
LOAD ./Middlewares/Third_Party/FreeRTOS/Source/timers.o
LOAD ./Middlewares/Third_Party/FreeRTOS/Source/portable/GCC/ARM_CM4F/port.o
LOAD ./Middlewares/Third_Party/FreeRTOS/Source/portable/MemMang/heap_4.o
START GROUP
LOAD C:/STM_IDE/STM32CubeIDE_1.16.1/STM32CubeIDE/plugins/com.st.stm32cube.ide.mcu.externaltools.gnu-tools-for-stm32.12.3.rel1.win32_1.0.200.202406191623/tools/bin/../lib/gcc/arm-none-eabi/12.3.1/../../../../arm-none-eabi/lib/thumb/v7e-m+fp/hard\libc_nano.a
LOAD C:/STM_IDE/STM32CubeIDE_1.16.1/STM32CubeIDE/plugins/com.st.stm32cube.ide.mcu.externaltools.gnu-tools-for-stm32.12.3.rel1.win32_1.0.200.202406191623/tools/bin/../lib/gcc/arm-none-eabi/12.3.1/../../../../arm-none-eabi/lib/thumb/v7e-m+fp/hard\libm.a
END GROUP
START GROUP
LOAD C:/STM_IDE/STM32CubeIDE_1.16.1/STM32CubeIDE/plugins/com.st.stm32cube.ide.mcu.externaltools.gnu-tools-for-stm32.12.3.rel1.win32_1.0.200.202406191623/tools/bin/../lib/gcc/arm-none-eabi/12.3.1/thumb/v7e-m+fp/hard\libgcc.a
LOAD C:/STM_IDE/STM32CubeIDE_1.16.1/STM32CubeIDE/plugins/com.st.stm32cube.ide.mcu.externaltools.gnu-tools-for-stm32.12.3.rel1.win32_1.0.200.202406191623/tools/bin/../lib/gcc/arm-none-eabi/12.3.1/../../../../arm-none-eabi/lib/thumb/v7e-m+fp/hard\libc_nano.a
END GROUP
START GROUP
LOAD C:/STM_IDE/STM32CubeIDE_1.16.1/STM32CubeIDE/plugins/com.st.stm32cube.ide.mcu.externaltools.gnu-tools-for-stm32.12.3.rel1.win32_1.0.200.202406191623/tools/bin/../lib/gcc/arm-none-eabi/12.3.1/thumb/v7e-m+fp/hard\libgcc.a
LOAD C:/STM_IDE/STM32CubeIDE_1.16.1/STM32CubeIDE/plugins/com.st.stm32cube.ide.mcu.externaltools.gnu-tools-for-stm32.12.3.rel1.win32_1.0.200.202406191623/tools/bin/../lib/gcc/arm-none-eabi/12.3.1/../../../../arm-none-eabi/lib/thumb/v7e-m+fp/hard\libc_nano.a
LOAD C:/STM_IDE/STM32CubeIDE_1.16.1/STM32CubeIDE/plugins/com.st.stm32cube.ide.mcu.externaltools.gnu-tools-for-stm32.12.3.rel1.win32_1.0.200.202406191623/tools/bin/../lib/gcc/arm-none-eabi/12.3.1/../../../../arm-none-eabi/lib/thumb/v7e-m+fp/hard\libnosys.a
END GROUP
START GROUP
LOAD C:/STM_IDE/STM32CubeIDE_1.16.1/STM32CubeIDE/plugins/com.st.stm32cube.ide.mcu.externaltools.gnu-tools-for-stm32.12.3.rel1.win32_1.0.200.202406191623/tools/bin/../lib/gcc/arm-none-eabi/12.3.1/thumb/v7e-m+fp/hard\libgcc.a
LOAD C:/STM_IDE/STM32CubeIDE_1.16.1/STM32CubeIDE/plugins/com.st.stm32cube.ide.mcu.externaltools.gnu-tools-for-stm32.12.3.rel1.win32_1.0.200.202406191623/tools/bin/../lib/gcc/arm-none-eabi/12.3.1/../../../../arm-none-eabi/lib/thumb/v7e-m+fp/hard\libc_nano.a
LOAD C:/STM_IDE/STM32CubeIDE_1.16.1/STM32CubeIDE/plugins/com.st.stm32cube.ide.mcu.externaltools.gnu-tools-for-stm32.12.3.rel1.win32_1.0.200.202406191623/tools/bin/../lib/gcc/arm-none-eabi/12.3.1/../../../../arm-none-eabi/lib/thumb/v7e-m+fp/hard\libnosys.a
END GROUP
LOAD C:/STM_IDE/STM32CubeIDE_1.16.1/STM32CubeIDE/plugins/com.st.stm32cube.ide.mcu.externaltools.gnu-tools-for-stm32.12.3.rel1.win32_1.0.200.202406191623/tools/bin/../lib/gcc/arm-none-eabi/12.3.1/thumb/v7e-m+fp/hard/crtend.o
LOAD C:/STM_IDE/STM32CubeIDE_1.16.1/STM32CubeIDE/plugins/com.st.stm32cube.ide.mcu.externaltools.gnu-tools-for-stm32.12.3.rel1.win32_1.0.200.202406191623/tools/bin/../lib/gcc/arm-none-eabi/12.3.1/thumb/v7e-m+fp/hard/crtn.o
                0x20020000                        _estack = (ORIGIN (RAM) + LENGTH (RAM))
                0x00000200                        _Min_Heap_Size = 0x200
                0x00000400                        _Min_Stack_Size = 0x400

.isr_vector     0x08000000      0x188
                0x08000000                        . = ALIGN (0x4)
 *(.isr_vector)
 .isr_vector    0x08000000      0x188 ./Core/Startup/startup_stm32f407vgtx.o
                0x08000000                g_pfnVectors
                0x08000188                        . = ALIGN (0x4)

.text           0x08000190     0xd044
                0x08000190                        . = ALIGN (0x4)
 *(.text)
 .text          0x08000190       0x40 C:/STM_IDE/STM32CubeIDE_1.16.1/STM32CubeIDE/plugins/com.st.stm32cube.ide.mcu.externaltools.gnu-tools-for-stm32.12.3.rel1.win32_1.0.200.202406191623/tools/bin/../lib/gcc/arm-none-eabi/12.3.1/thumb/v7e-m+fp/hard/crtbegin.o
 .text          0x080001d0       0xa0 C:/STM_IDE/STM32CubeIDE_1.16.1/STM32CubeIDE/plugins/com.st.stm32cube.ide.mcu.externaltools.gnu-tools-for-stm32.12.3.rel1.win32_1.0.200.202406191623/tools/bin/../lib/gcc/arm-none-eabi/12.3.1/../../../../arm-none-eabi/lib/thumb/v7e-m+fp/hard\libc_nano.a(libc_a-memchr.o)
                0x080001d0                memchr
 .text          0x08000270       0x10 C:/STM_IDE/STM32CubeIDE_1.16.1/STM32CubeIDE/plugins/com.st.stm32cube.ide.mcu.externaltools.gnu-tools-for-stm32.12.3.rel1.win32_1.0.200.202406191623/tools/bin/../lib/gcc/arm-none-eabi/12.3.1/../../../../arm-none-eabi/lib/thumb/v7e-m+fp/hard\libc_nano.a(libc_a-strlen.o)
                0x08000270                strlen
 .text          0x08000280      0x378 C:/STM_IDE/STM32CubeIDE_1.16.1/STM32CubeIDE/plugins/com.st.stm32cube.ide.mcu.externaltools.gnu-tools-for-stm32.12.3.rel1.win32_1.0.200.202406191623/tools/bin/../lib/gcc/arm-none-eabi/12.3.1/thumb/v7e-m+fp/hard\libgcc.a(_arm_addsubdf3.o)
                0x08000280                __aeabi_drsub
                0x08000288                __aeabi_dsub
                0x08000288                __subdf3
                0x0800028c                __aeabi_dadd
                0x0800028c                __adddf3
                0x08000504                __floatunsidf
                0x08000504                __aeabi_ui2d
                0x08000524                __floatsidf
                0x08000524                __aeabi_i2d
                0x08000548                __aeabi_f2d
                0x08000548                __extendsfdf2
                0x0800058c                __floatundidf
                0x0800058c                __aeabi_ul2d
                0x0800059c                __floatdidf
                0x0800059c                __aeabi_l2d
 .text          0x080005f8      0x424 C:/STM_IDE/STM32CubeIDE_1.16.1/STM32CubeIDE/plugins/com.st.stm32cube.ide.mcu.externaltools.gnu-tools-for-stm32.12.3.rel1.win32_1.0.200.202406191623/tools/bin/../lib/gcc/arm-none-eabi/12.3.1/thumb/v7e-m+fp/hard\libgcc.a(_arm_muldivdf3.o)
                0x080005f8                __aeabi_dmul
                0x080005f8                __muldf3
                0x0800084c                __divdf3
                0x0800084c                __aeabi_ddiv
 .text          0x08000a1c      0x110 C:/STM_IDE/STM32CubeIDE_1.16.1/STM32CubeIDE/plugins/com.st.stm32cube.ide.mcu.externaltools.gnu-tools-for-stm32.12.3.rel1.win32_1.0.200.202406191623/tools/bin/../lib/gcc/arm-none-eabi/12.3.1/thumb/v7e-m+fp/hard\libgcc.a(_arm_cmpdf2.o)
                0x08000a1c                __gtdf2
                0x08000a1c                __gedf2
                0x08000a24                __ltdf2
                0x08000a24                __ledf2
                0x08000a2c                __nedf2
                0x08000a2c                __eqdf2
                0x08000a2c                __cmpdf2
                0x08000aa8                __aeabi_cdrcmple
                0x08000ab8                __aeabi_cdcmpeq
                0x08000ab8                __aeabi_cdcmple
                0x08000ac8                __aeabi_dcmpeq
                0x08000adc                __aeabi_dcmplt
                0x08000af0                __aeabi_dcmple
                0x08000b04                __aeabi_dcmpge
                0x08000b18                __aeabi_dcmpgt
 .text          0x08000b2c       0x2c C:/STM_IDE/STM32CubeIDE_1.16.1/STM32CubeIDE/plugins/com.st.stm32cube.ide.mcu.externaltools.gnu-tools-for-stm32.12.3.rel1.win32_1.0.200.202406191623/tools/bin/../lib/gcc/arm-none-eabi/12.3.1/thumb/v7e-m+fp/hard\libgcc.a(_arm_unorddf2.o)
                0x08000b2c                __unorddf2
                0x08000b2c                __aeabi_dcmpun
 .text          0x08000b58       0x50 C:/STM_IDE/STM32CubeIDE_1.16.1/STM32CubeIDE/plugins/com.st.stm32cube.ide.mcu.externaltools.gnu-tools-for-stm32.12.3.rel1.win32_1.0.200.202406191623/tools/bin/../lib/gcc/arm-none-eabi/12.3.1/thumb/v7e-m+fp/hard\libgcc.a(_arm_fixdfsi.o)
                0x08000b58                __aeabi_d2iz
                0x08000b58                __fixdfsi
 .text          0x08000ba8       0xa0 C:/STM_IDE/STM32CubeIDE_1.16.1/STM32CubeIDE/plugins/com.st.stm32cube.ide.mcu.externaltools.gnu-tools-for-stm32.12.3.rel1.win32_1.0.200.202406191623/tools/bin/../lib/gcc/arm-none-eabi/12.3.1/thumb/v7e-m+fp/hard\libgcc.a(_arm_truncdfsf2.o)
                0x08000ba8                __truncdfsf2
                0x08000ba8                __aeabi_d2f
 .text          0x08000c48       0x30 C:/STM_IDE/STM32CubeIDE_1.16.1/STM32CubeIDE/plugins/com.st.stm32cube.ide.mcu.externaltools.gnu-tools-for-stm32.12.3.rel1.win32_1.0.200.202406191623/tools/bin/../lib/gcc/arm-none-eabi/12.3.1/thumb/v7e-m+fp/hard\libgcc.a(_aeabi_uldivmod.o)
                0x08000c48                __aeabi_uldivmod
 .text          0x08000c78      0x2bc C:/STM_IDE/STM32CubeIDE_1.16.1/STM32CubeIDE/plugins/com.st.stm32cube.ide.mcu.externaltools.gnu-tools-for-stm32.12.3.rel1.win32_1.0.200.202406191623/tools/bin/../lib/gcc/arm-none-eabi/12.3.1/thumb/v7e-m+fp/hard\libgcc.a(_udivmoddi4.o)
                0x08000c78                __udivmoddi4
 .text          0x08000f34        0x4 C:/STM_IDE/STM32CubeIDE_1.16.1/STM32CubeIDE/plugins/com.st.stm32cube.ide.mcu.externaltools.gnu-tools-for-stm32.12.3.rel1.win32_1.0.200.202406191623/tools/bin/../lib/gcc/arm-none-eabi/12.3.1/thumb/v7e-m+fp/hard\libgcc.a(_dvmd_tls.o)
                0x08000f34                __aeabi_idiv0
                0x08000f34                __aeabi_ldiv0
 *(.text*)
 .text.BMS_Init
                0x08000f38       0x74 ./Core/Src/bms_data/bms_data.o
                0x08000f38                BMS_Init
 .text.buzzer_init
                0x08000fac       0x68 ./Core/Src/buzzer/buzzer.o
                0x08000fac                buzzer_init
 .text.batteryStatusToString
                0x08001014       0x48 ./Core/Src/display/oled_display.o
                0x08001014                batteryStatusToString
 .text.oled_init
                0x0800105c        0xc ./Core/Src/display/oled_display.o
                0x0800105c                oled_init
 .text.oled_display
                0x08001068      0x1ac ./Core/Src/display/oled_display.o
                0x08001068                oled_display
 .text.ssd1306_Reset
                0x08001214        0xe ./Core/Src/display/ssd1306.o
                0x08001214                ssd1306_Reset
 *fill*         0x08001222        0x2 
 .text.ssd1306_WriteCommand
                0x08001224       0x30 ./Core/Src/display/ssd1306.o
                0x08001224                ssd1306_WriteCommand
 .text.ssd1306_WriteData
                0x08001254       0x34 ./Core/Src/display/ssd1306.o
                0x08001254                ssd1306_WriteData
 .text.ssd1306_Init
                0x08001288       0xd4 ./Core/Src/display/ssd1306.o
                0x08001288                ssd1306_Init
 .text.ssd1306_Fill
                0x0800135c       0x30 ./Core/Src/display/ssd1306.o
                0x0800135c                ssd1306_Fill
 .text.ssd1306_UpdateScreen
                0x0800138c       0x50 ./Core/Src/display/ssd1306.o
                0x0800138c                ssd1306_UpdateScreen
 .text.ssd1306_DrawPixel
                0x080013dc       0xa8 ./Core/Src/display/ssd1306.o
                0x080013dc                ssd1306_DrawPixel
 .text.ssd1306_WriteChar
                0x08001484      0x120 ./Core/Src/display/ssd1306.o
                0x08001484                ssd1306_WriteChar
 .text.ssd1306_WriteString
                0x080015a4       0x4c ./Core/Src/display/ssd1306.o
                0x080015a4                ssd1306_WriteString
 .text.ssd1306_SetCursor
                0x080015f0       0x30 ./Core/Src/display/ssd1306.o
                0x080015f0                ssd1306_SetCursor
 .text.ssd1306_SetContrast
                0x08001620       0x26 ./Core/Src/display/ssd1306.o
                0x08001620                ssd1306_SetContrast
 *fill*         0x08001646        0x2 
 .text.ssd1306_SetDisplayOn
                0x08001648       0x3c ./Core/Src/display/ssd1306.o
                0x08001648                ssd1306_SetDisplayOn
 .text.vApplicationGetIdleTaskMemory
                0x08001684       0x34 ./Core/Src/freertos.o
                0x08001684                vApplicationGetIdleTaskMemory
 .text.main     0x080016b8      0x160 ./Core/Src/main.o
                0x080016b8                main
 .text.SystemClock_Config
                0x08001818       0xd4 ./Core/Src/main.o
                0x08001818                SystemClock_Config
 .text.MX_ADC1_Init
                0x080018ec       0xd4 ./Core/Src/main.o
                0x080018ec                MX_ADC1_Init
 .text.MX_ADC2_Init
                0x080019c0       0x94 ./Core/Src/main.o
 .text.MX_I2C1_Init
                0x08001a54       0x5c ./Core/Src/main.o
 .text.MX_TIM2_Init
                0x08001ab0       0x9c ./Core/Src/main.o
 .text.MX_USART3_UART_Init
                0x08001b4c       0x54 ./Core/Src/main.o
 .text.MX_DMA_Init
                0x08001ba0       0x40 ./Core/Src/main.o
 .text.MX_GPIO_Init
                0x08001be0      0x238 ./Core/Src/main.o
 .text.StartDisplayTask
                0x08001e18       0x80 ./Core/Src/main.o
                0x08001e18                StartDisplayTask
 .text.StartBuzzerTask
                0x08001e98       0x44 ./Core/Src/main.o
                0x08001e98                StartBuzzerTask
 .text.StartBMSsamplingtask
                0x08001edc       0xf4 ./Core/Src/main.o
                0x08001edc                StartBMSsamplingtask
 .text.StartProcessTask
                0x08001fd0       0x9c ./Core/Src/main.o
                0x08001fd0                StartProcessTask
 .text.StartSendToWiFitask
                0x0800206c      0x11c ./Core/Src/main.o
                0x0800206c                StartSendToWiFitask
 .text.StartChargingTimeTask
                0x08002188       0x4c ./Core/Src/main.o
                0x08002188                StartChargingTimeTask
 .text.HAL_TIM_PeriodElapsedCallback
                0x080021d4       0x24 ./Core/Src/main.o
                0x080021d4                HAL_TIM_PeriodElapsedCallback
 .text.Error_Handler
                0x080021f8        0xc ./Core/Src/main.o
                0x080021f8                Error_Handler
 .text.HAL_MspInit
                0x08002204       0x58 ./Core/Src/stm32f4xx_hal_msp.o
                0x08002204                HAL_MspInit
 .text.HAL_ADC_MspInit
                0x0800225c      0x150 ./Core/Src/stm32f4xx_hal_msp.o
                0x0800225c                HAL_ADC_MspInit
 .text.HAL_ADC_MspDeInit
                0x080023ac       0x68 ./Core/Src/stm32f4xx_hal_msp.o
                0x080023ac                HAL_ADC_MspDeInit
 .text.HAL_I2C_MspInit
                0x08002414       0x90 ./Core/Src/stm32f4xx_hal_msp.o
                0x08002414                HAL_I2C_MspInit
 .text.HAL_TIM_Base_MspInit
                0x080024a4       0x40 ./Core/Src/stm32f4xx_hal_msp.o
                0x080024a4                HAL_TIM_Base_MspInit
 .text.HAL_UART_MspInit
                0x080024e4       0xd4 ./Core/Src/stm32f4xx_hal_msp.o
                0x080024e4                HAL_UART_MspInit
 .text.HAL_InitTick
                0x080025b8       0xf8 ./Core/Src/stm32f4xx_hal_timebase_tim.o
                0x080025b8                HAL_InitTick
 .text.NMI_Handler
                0x080026b0        0x8 ./Core/Src/stm32f4xx_it.o
                0x080026b0                NMI_Handler
 .text.HardFault_Handler
                0x080026b8        0x8 ./Core/Src/stm32f4xx_it.o
                0x080026b8                HardFault_Handler
 .text.MemManage_Handler
                0x080026c0        0x8 ./Core/Src/stm32f4xx_it.o
                0x080026c0                MemManage_Handler
 .text.BusFault_Handler
                0x080026c8        0x8 ./Core/Src/stm32f4xx_it.o
                0x080026c8                BusFault_Handler
 .text.UsageFault_Handler
                0x080026d0        0x8 ./Core/Src/stm32f4xx_it.o
                0x080026d0                UsageFault_Handler
 .text.DebugMon_Handler
                0x080026d8        0xe ./Core/Src/stm32f4xx_it.o
                0x080026d8                DebugMon_Handler
 *fill*         0x080026e6        0x2 
 .text.TIM6_DAC_IRQHandler
                0x080026e8       0x14 ./Core/Src/stm32f4xx_it.o
                0x080026e8                TIM6_DAC_IRQHandler
 .text.DMA2_Stream0_IRQHandler
                0x080026fc       0x14 ./Core/Src/stm32f4xx_it.o
                0x080026fc                DMA2_Stream0_IRQHandler
 .text.HAL_ADC_ConvCpltCallback
                0x08002710       0x50 ./Core/Src/stm32f4xx_it.o
                0x08002710                HAL_ADC_ConvCpltCallback
 .text._getpid  0x08002760       0x10 ./Core/Src/syscalls.o
                0x08002760                _getpid
 .text._kill    0x08002770       0x20 ./Core/Src/syscalls.o
                0x08002770                _kill
 .text._exit    0x08002790       0x16 ./Core/Src/syscalls.o
                0x08002790                _exit
 .text._read    0x080027a6       0x3a ./Core/Src/syscalls.o
                0x080027a6                _read
 .text._write   0x080027e0       0x38 ./Core/Src/syscalls.o
                0x080027e0                _write
 .text._close   0x08002818       0x18 ./Core/Src/syscalls.o
                0x08002818                _close
 .text._fstat   0x08002830       0x20 ./Core/Src/syscalls.o
                0x08002830                _fstat
 .text._isatty  0x08002850       0x16 ./Core/Src/syscalls.o
                0x08002850                _isatty
 .text._lseek   0x08002866       0x1a ./Core/Src/syscalls.o
                0x08002866                _lseek
 .text._sbrk    0x08002880       0x6c ./Core/Src/sysmem.o
                0x08002880                _sbrk
 .text.SystemInit
                0x080028ec       0x2c ./Core/Src/system_stm32f4xx.o
                0x080028ec                SystemInit
 .text.processing
                0x08002918      0x144 ./Core/Src/processings/processings.o
                0x08002918                processing
 .text.determine_status
                0x08002a5c      0x128 ./Core/Src/processings/processings.o
 .text.calculate_soc
                0x08002b84       0x60 ./Core/Src/processings/processings.o
 .text.calculate_soh
                0x08002be4       0x7c ./Core/Src/processings/processings.o
 .text.calculate_power
                0x08002c60       0x40 ./Core/Src/processings/processings.o
 .text.calculate_remaining_time
                0x08002ca0      0x140 ./Core/Src/processings/processings.o
 .text.calculate_average_voltage
                0x08002de0       0x5c ./Core/Src/processings/processings.o
 .text.calculate_average_current
                0x08002e3c       0x5c ./Core/Src/processings/processings.o
 .text.calculate_average_temperature
                0x08002e98       0x90 ./Core/Src/processings/processings.o
 .text.calculate_average_power
                0x08002f28       0x68 ./Core/Src/processings/processings.o
 .text.calculate_total_energy_charged
                0x08002f90       0xc8 ./Core/Src/processings/processings.o
 .text.track_maximum_voltage_current_temperature
                0x08003058       0xb0 ./Core/Src/processings/processings.o
 .text.detect_overvoltage
                0x08003108       0x38 ./Core/Src/processings/processings.o
 .text.detect_undervoltage
                0x08003140       0x38 ./Core/Src/processings/processings.o
 .text.detect_overcurrent
                0x08003178       0x38 ./Core/Src/processings/processings.o
 .text.detect_short_circuit
                0x080031b0       0x58 ./Core/Src/processings/processings.o
 .text.reconfigure_to_dual_mode
                0x08003208       0x38 ./Core/Src/sensing/sensing.o
                0x08003208                reconfigure_to_dual_mode
 .text.reconfigure_to_temperature_channel
                0x08003240       0xd8 ./Core/Src/sensing/sensing.o
                0x08003240                reconfigure_to_temperature_channel
 .text.read_temperature
                0x08003318       0x50 ./Core/Src/sensing/sensing.o
                0x08003318                read_temperature
 .text.convert_adc_raw_voltage_in_mV
                0x08003368       0x90 ./Core/Src/sensing/sensing.o
 .text.convert_adc_raw_current_in_mA
                0x080033f8       0xbc ./Core/Src/sensing/sensing.o
 *fill*         0x080034b4        0x4 
 .text.convert_adc_raw_temperature
                0x080034b8      0x140 ./Core/Src/sensing/sensing.o
 .text.process_voltage_and_current_data
                0x080035f8       0xc8 ./Core/Src/sensing/sensing.o
                0x080035f8                process_voltage_and_current_data
 .text.Reset_Handler
                0x080036c0       0x50 ./Core/Startup/startup_stm32f407vgtx.o
                0x080036c0                Reset_Handler
 .text.Default_Handler
                0x08003710        0x2 ./Core/Startup/startup_stm32f407vgtx.o
                0x08003710                RTC_Alarm_IRQHandler
                0x08003710                HASH_RNG_IRQHandler
                0x08003710                EXTI2_IRQHandler
                0x08003710                TIM8_CC_IRQHandler
                0x08003710                TIM1_CC_IRQHandler
                0x08003710                DMA2_Stream5_IRQHandler
                0x08003710                DMA1_Stream5_IRQHandler
                0x08003710                PVD_IRQHandler
                0x08003710                SDIO_IRQHandler
                0x08003710                TAMP_STAMP_IRQHandler
                0x08003710                CAN2_RX1_IRQHandler
                0x08003710                EXTI3_IRQHandler
                0x08003710                TIM8_TRG_COM_TIM14_IRQHandler
                0x08003710                TIM1_UP_TIM10_IRQHandler
                0x08003710                TIM8_UP_TIM13_IRQHandler
                0x08003710                I2C3_ER_IRQHandler
                0x08003710                EXTI0_IRQHandler
                0x08003710                I2C2_EV_IRQHandler
                0x08003710                DMA1_Stream2_IRQHandler
                0x08003710                CAN1_RX0_IRQHandler
                0x08003710                FPU_IRQHandler
                0x08003710                OTG_HS_WKUP_IRQHandler
                0x08003710                CAN2_SCE_IRQHandler
                0x08003710                DMA2_Stream2_IRQHandler
                0x08003710                SPI1_IRQHandler
                0x08003710                TIM1_BRK_TIM9_IRQHandler
                0x08003710                DCMI_IRQHandler
                0x08003710                CAN2_RX0_IRQHandler
                0x08003710                DMA2_Stream3_IRQHandler
                0x08003710                USART6_IRQHandler
                0x08003710                USART3_IRQHandler
                0x08003710                CAN1_RX1_IRQHandler
                0x08003710                UART5_IRQHandler
                0x08003710                TIM4_IRQHandler
                0x08003710                I2C1_EV_IRQHandler
                0x08003710                DMA1_Stream6_IRQHandler
                0x08003710                DMA1_Stream1_IRQHandler
                0x08003710                UART4_IRQHandler
                0x08003710                TIM3_IRQHandler
                0x08003710                RCC_IRQHandler
                0x08003710                TIM8_BRK_TIM12_IRQHandler
                0x08003710                Default_Handler
                0x08003710                EXTI15_10_IRQHandler
                0x08003710                ADC_IRQHandler
                0x08003710                DMA1_Stream7_IRQHandler
                0x08003710                TIM7_IRQHandler
                0x08003710                CAN2_TX_IRQHandler
                0x08003710                TIM5_IRQHandler
                0x08003710                DMA2_Stream7_IRQHandler
                0x08003710                I2C3_EV_IRQHandler
                0x08003710                EXTI9_5_IRQHandler
                0x08003710                RTC_WKUP_IRQHandler
                0x08003710                ETH_WKUP_IRQHandler
                0x08003710                SPI2_IRQHandler
                0x08003710                OTG_HS_EP1_IN_IRQHandler
                0x08003710                DMA1_Stream0_IRQHandler
                0x08003710                CAN1_TX_IRQHandler
                0x08003710                EXTI4_IRQHandler
                0x08003710                FSMC_IRQHandler
                0x08003710                ETH_IRQHandler
                0x08003710                OTG_HS_EP1_OUT_IRQHandler
                0x08003710                WWDG_IRQHandler
                0x08003710                TIM2_IRQHandler
                0x08003710                OTG_FS_WKUP_IRQHandler
                0x08003710                TIM1_TRG_COM_TIM11_IRQHandler
                0x08003710                OTG_HS_IRQHandler
                0x08003710                EXTI1_IRQHandler
                0x08003710                USART2_IRQHandler
                0x08003710                I2C2_ER_IRQHandler
                0x08003710                DMA2_Stream1_IRQHandler
                0x08003710                CAN1_SCE_IRQHandler
                0x08003710                FLASH_IRQHandler
                0x08003710                DMA2_Stream4_IRQHandler
                0x08003710                USART1_IRQHandler
                0x08003710                OTG_FS_IRQHandler
                0x08003710                SPI3_IRQHandler
                0x08003710                DMA1_Stream4_IRQHandler
                0x08003710                I2C1_ER_IRQHandler
                0x08003710                DMA2_Stream6_IRQHandler
                0x08003710                DMA1_Stream3_IRQHandler
 *fill*         0x08003712        0x2 
 .text.HAL_Init
                0x08003714       0x44 ./Drivers/STM32F4xx_HAL_Driver/Src/stm32f4xx_hal.o
                0x08003714                HAL_Init
 .text.HAL_IncTick
                0x08003758       0x28 ./Drivers/STM32F4xx_HAL_Driver/Src/stm32f4xx_hal.o
                0x08003758                HAL_IncTick
 .text.HAL_GetTick
                0x08003780       0x18 ./Drivers/STM32F4xx_HAL_Driver/Src/stm32f4xx_hal.o
                0x08003780                HAL_GetTick
 .text.HAL_Delay
                0x08003798       0x48 ./Drivers/STM32F4xx_HAL_Driver/Src/stm32f4xx_hal.o
                0x08003798                HAL_Delay
 .text.HAL_ADC_Init
                0x080037e0       0x86 ./Drivers/STM32F4xx_HAL_Driver/Src/stm32f4xx_hal_adc.o
                0x080037e0                HAL_ADC_Init
 .text.HAL_ADC_DeInit
                0x08003866       0x64 ./Drivers/STM32F4xx_HAL_Driver/Src/stm32f4xx_hal_adc.o
                0x08003866                HAL_ADC_DeInit
 *fill*         0x080038ca        0x2 
 .text.HAL_ADC_Start
                0x080038cc      0x1a4 ./Drivers/STM32F4xx_HAL_Driver/Src/stm32f4xx_hal_adc.o
                0x080038cc                HAL_ADC_Start
 .text.HAL_ADC_Stop
                0x08003a70       0x66 ./Drivers/STM32F4xx_HAL_Driver/Src/stm32f4xx_hal_adc.o
                0x08003a70                HAL_ADC_Stop
 .text.HAL_ADC_PollForConversion
                0x08003ad6      0x116 ./Drivers/STM32F4xx_HAL_Driver/Src/stm32f4xx_hal_adc.o
                0x08003ad6                HAL_ADC_PollForConversion
 .text.HAL_ADC_Start_DMA
                0x08003bec      0x244 ./Drivers/STM32F4xx_HAL_Driver/Src/stm32f4xx_hal_adc.o
                0x08003bec                HAL_ADC_Start_DMA
 .text.HAL_ADC_Stop_DMA
                0x08003e30       0xb4 ./Drivers/STM32F4xx_HAL_Driver/Src/stm32f4xx_hal_adc.o
                0x08003e30                HAL_ADC_Stop_DMA
 .text.HAL_ADC_GetValue
                0x08003ee4       0x1a ./Drivers/STM32F4xx_HAL_Driver/Src/stm32f4xx_hal_adc.o
                0x08003ee4                HAL_ADC_GetValue
 .text.HAL_ADC_ConvHalfCpltCallback
                0x08003efe       0x14 ./Drivers/STM32F4xx_HAL_Driver/Src/stm32f4xx_hal_adc.o
                0x08003efe                HAL_ADC_ConvHalfCpltCallback
 .text.HAL_ADC_ErrorCallback
                0x08003f12       0x14 ./Drivers/STM32F4xx_HAL_Driver/Src/stm32f4xx_hal_adc.o
                0x08003f12                HAL_ADC_ErrorCallback
 *fill*         0x08003f26        0x2 
 .text.HAL_ADC_ConfigChannel
                0x08003f28      0x244 ./Drivers/STM32F4xx_HAL_Driver/Src/stm32f4xx_hal_adc.o
                0x08003f28                HAL_ADC_ConfigChannel
 .text.ADC_Init
                0x0800416c      0x1f8 ./Drivers/STM32F4xx_HAL_Driver/Src/stm32f4xx_hal_adc.o
 .text.ADC_DMAConvCplt
                0x08004364       0xba ./Drivers/STM32F4xx_HAL_Driver/Src/stm32f4xx_hal_adc.o
 .text.ADC_DMAHalfConvCplt
                0x0800441e       0x1c ./Drivers/STM32F4xx_HAL_Driver/Src/stm32f4xx_hal_adc.o
 .text.ADC_DMAError
                0x0800443a       0x2e ./Drivers/STM32F4xx_HAL_Driver/Src/stm32f4xx_hal_adc.o
 .text.HAL_ADCEx_MultiModeConfigChannel
                0x08004468       0x8c ./Drivers/STM32F4xx_HAL_Driver/Src/stm32f4xx_hal_adc_ex.o
                0x08004468                HAL_ADCEx_MultiModeConfigChannel
 .text.__NVIC_SetPriorityGrouping
                0x080044f4       0x48 ./Drivers/STM32F4xx_HAL_Driver/Src/stm32f4xx_hal_cortex.o
 .text.__NVIC_GetPriorityGrouping
                0x0800453c       0x1c ./Drivers/STM32F4xx_HAL_Driver/Src/stm32f4xx_hal_cortex.o
 .text.__NVIC_EnableIRQ
                0x08004558       0x3c ./Drivers/STM32F4xx_HAL_Driver/Src/stm32f4xx_hal_cortex.o
 .text.__NVIC_SetPriority
                0x08004594       0x54 ./Drivers/STM32F4xx_HAL_Driver/Src/stm32f4xx_hal_cortex.o
 .text.NVIC_EncodePriority
                0x080045e8       0x66 ./Drivers/STM32F4xx_HAL_Driver/Src/stm32f4xx_hal_cortex.o
 .text.HAL_NVIC_SetPriorityGrouping
                0x0800464e       0x16 ./Drivers/STM32F4xx_HAL_Driver/Src/stm32f4xx_hal_cortex.o
                0x0800464e                HAL_NVIC_SetPriorityGrouping
 .text.HAL_NVIC_SetPriority
                0x08004664       0x38 ./Drivers/STM32F4xx_HAL_Driver/Src/stm32f4xx_hal_cortex.o
                0x08004664                HAL_NVIC_SetPriority
 .text.HAL_NVIC_EnableIRQ
                0x0800469c       0x1c ./Drivers/STM32F4xx_HAL_Driver/Src/stm32f4xx_hal_cortex.o
                0x0800469c                HAL_NVIC_EnableIRQ
 .text.HAL_DMA_Init
                0x080046b8      0x15c ./Drivers/STM32F4xx_HAL_Driver/Src/stm32f4xx_hal_dma.o
                0x080046b8                HAL_DMA_Init
 .text.HAL_DMA_DeInit
                0x08004814       0xbc ./Drivers/STM32F4xx_HAL_Driver/Src/stm32f4xx_hal_dma.o
                0x08004814                HAL_DMA_DeInit
 .text.HAL_DMA_Start_IT
                0x080048d0       0xb0 ./Drivers/STM32F4xx_HAL_Driver/Src/stm32f4xx_hal_dma.o
                0x080048d0                HAL_DMA_Start_IT
 .text.HAL_DMA_Abort
                0x08004980       0xe0 ./Drivers/STM32F4xx_HAL_Driver/Src/stm32f4xx_hal_dma.o
                0x08004980                HAL_DMA_Abort
 .text.HAL_DMA_IRQHandler
                0x08004a60      0x314 ./Drivers/STM32F4xx_HAL_Driver/Src/stm32f4xx_hal_dma.o
                0x08004a60                HAL_DMA_IRQHandler
 .text.DMA_SetConfig
                0x08004d74       0x5c ./Drivers/STM32F4xx_HAL_Driver/Src/stm32f4xx_hal_dma.o
 .text.DMA_CalcBaseAndBitshift
                0x08004dd0       0x6c ./Drivers/STM32F4xx_HAL_Driver/Src/stm32f4xx_hal_dma.o
 .text.DMA_CheckFifoParam
                0x08004e3c       0xf8 ./Drivers/STM32F4xx_HAL_Driver/Src/stm32f4xx_hal_dma.o
 .text.HAL_GPIO_Init
                0x08004f34      0x338 ./Drivers/STM32F4xx_HAL_Driver/Src/stm32f4xx_hal_gpio.o
                0x08004f34                HAL_GPIO_Init
 .text.HAL_GPIO_DeInit
                0x0800526c      0x1f8 ./Drivers/STM32F4xx_HAL_Driver/Src/stm32f4xx_hal_gpio.o
                0x0800526c                HAL_GPIO_DeInit
 .text.HAL_GPIO_ReadPin
                0x08005464       0x30 ./Drivers/STM32F4xx_HAL_Driver/Src/stm32f4xx_hal_gpio.o
                0x08005464                HAL_GPIO_ReadPin
 .text.HAL_GPIO_WritePin
                0x08005494       0x32 ./Drivers/STM32F4xx_HAL_Driver/Src/stm32f4xx_hal_gpio.o
                0x08005494                HAL_GPIO_WritePin
 *fill*         0x080054c6        0x2 
 .text.HAL_I2C_Init
                0x080054c8      0x288 ./Drivers/STM32F4xx_HAL_Driver/Src/stm32f4xx_hal_i2c.o
                0x080054c8                HAL_I2C_Init
 .text.HAL_I2C_Mem_Write
                0x08005750      0x1f4 ./Drivers/STM32F4xx_HAL_Driver/Src/stm32f4xx_hal_i2c.o
                0x08005750                HAL_I2C_Mem_Write
 .text.I2C_RequestMemoryWrite
                0x08005944      0x12c ./Drivers/STM32F4xx_HAL_Driver/Src/stm32f4xx_hal_i2c.o
 .text.I2C_WaitOnFlagUntilTimeout
                0x08005a70       0xf4 ./Drivers/STM32F4xx_HAL_Driver/Src/stm32f4xx_hal_i2c.o
 .text.I2C_WaitOnMasterAddressFlagUntilTimeout
                0x08005b64      0x140 ./Drivers/STM32F4xx_HAL_Driver/Src/stm32f4xx_hal_i2c.o
 .text.I2C_WaitOnTXEFlagUntilTimeout
                0x08005ca4       0x90 ./Drivers/STM32F4xx_HAL_Driver/Src/stm32f4xx_hal_i2c.o
 .text.I2C_WaitOnBTFFlagUntilTimeout
                0x08005d34       0x90 ./Drivers/STM32F4xx_HAL_Driver/Src/stm32f4xx_hal_i2c.o
 .text.I2C_IsAcknowledgeFailed
                0x08005dc4       0x5e ./Drivers/STM32F4xx_HAL_Driver/Src/stm32f4xx_hal_i2c.o
 *fill*         0x08005e22        0x2 
 .text.HAL_RCC_OscConfig
                0x08005e24      0x4f0 ./Drivers/STM32F4xx_HAL_Driver/Src/stm32f4xx_hal_rcc.o
                0x08005e24                HAL_RCC_OscConfig
 .text.HAL_RCC_ClockConfig
                0x08006314      0x1cc ./Drivers/STM32F4xx_HAL_Driver/Src/stm32f4xx_hal_rcc.o
                0x08006314                HAL_RCC_ClockConfig
 .text.HAL_RCC_GetSysClockFreq
                0x080064e0      0x20c ./Drivers/STM32F4xx_HAL_Driver/Src/stm32f4xx_hal_rcc.o
                0x080064e0                HAL_RCC_GetSysClockFreq
 .text.HAL_RCC_GetHCLKFreq
                0x080066ec       0x18 ./Drivers/STM32F4xx_HAL_Driver/Src/stm32f4xx_hal_rcc.o
                0x080066ec                HAL_RCC_GetHCLKFreq
 .text.HAL_RCC_GetPCLK1Freq
                0x08006704       0x28 ./Drivers/STM32F4xx_HAL_Driver/Src/stm32f4xx_hal_rcc.o
                0x08006704                HAL_RCC_GetPCLK1Freq
 .text.HAL_RCC_GetPCLK2Freq
                0x0800672c       0x28 ./Drivers/STM32F4xx_HAL_Driver/Src/stm32f4xx_hal_rcc.o
                0x0800672c                HAL_RCC_GetPCLK2Freq
 .text.HAL_RCC_GetClockConfig
                0x08006754       0x64 ./Drivers/STM32F4xx_HAL_Driver/Src/stm32f4xx_hal_rcc.o
                0x08006754                HAL_RCC_GetClockConfig
 .text.HAL_TIM_Base_Init
                0x080067b8       0x9e ./Drivers/STM32F4xx_HAL_Driver/Src/stm32f4xx_hal_tim.o
                0x080067b8                HAL_TIM_Base_Init
 *fill*         0x08006856        0x2 
 .text.HAL_TIM_Base_Start
                0x08006858       0xd0 ./Drivers/STM32F4xx_HAL_Driver/Src/stm32f4xx_hal_tim.o
                0x08006858                HAL_TIM_Base_Start
 .text.HAL_TIM_Base_Start_IT
                0x08006928       0xe0 ./Drivers/STM32F4xx_HAL_Driver/Src/stm32f4xx_hal_tim.o
                0x08006928                HAL_TIM_Base_Start_IT
 .text.HAL_TIM_IRQHandler
                0x08006a08      0x1e0 ./Drivers/STM32F4xx_HAL_Driver/Src/stm32f4xx_hal_tim.o
                0x08006a08                HAL_TIM_IRQHandler
 .text.HAL_TIM_ConfigClockSource
                0x08006be8      0x18e ./Drivers/STM32F4xx_HAL_Driver/Src/stm32f4xx_hal_tim.o
                0x08006be8                HAL_TIM_ConfigClockSource
 .text.HAL_TIM_OC_DelayElapsedCallback
                0x08006d76       0x14 ./Drivers/STM32F4xx_HAL_Driver/Src/stm32f4xx_hal_tim.o
                0x08006d76                HAL_TIM_OC_DelayElapsedCallback
 .text.HAL_TIM_IC_CaptureCallback
                0x08006d8a       0x14 ./Drivers/STM32F4xx_HAL_Driver/Src/stm32f4xx_hal_tim.o
                0x08006d8a                HAL_TIM_IC_CaptureCallback
 .text.HAL_TIM_PWM_PulseFinishedCallback
                0x08006d9e       0x14 ./Drivers/STM32F4xx_HAL_Driver/Src/stm32f4xx_hal_tim.o
                0x08006d9e                HAL_TIM_PWM_PulseFinishedCallback
 .text.HAL_TIM_TriggerCallback
                0x08006db2       0x14 ./Drivers/STM32F4xx_HAL_Driver/Src/stm32f4xx_hal_tim.o
                0x08006db2                HAL_TIM_TriggerCallback
 *fill*         0x08006dc6        0x2 
 .text.TIM_Base_SetConfig
                0x08006dc8      0x14c ./Drivers/STM32F4xx_HAL_Driver/Src/stm32f4xx_hal_tim.o
                0x08006dc8                TIM_Base_SetConfig
 .text.TIM_TI1_ConfigInputStage
                0x08006f14       0x5e ./Drivers/STM32F4xx_HAL_Driver/Src/stm32f4xx_hal_tim.o
 .text.TIM_TI2_ConfigInputStage
                0x08006f72       0x60 ./Drivers/STM32F4xx_HAL_Driver/Src/stm32f4xx_hal_tim.o
 .text.TIM_ITRx_SetConfig
                0x08006fd2       0x36 ./Drivers/STM32F4xx_HAL_Driver/Src/stm32f4xx_hal_tim.o
 .text.TIM_ETR_SetConfig
                0x08007008       0x40 ./Drivers/STM32F4xx_HAL_Driver/Src/stm32f4xx_hal_tim.o
                0x08007008                TIM_ETR_SetConfig
 .text.HAL_TIMEx_MasterConfigSynchronization
                0x08007048       0xf8 ./Drivers/STM32F4xx_HAL_Driver/Src/stm32f4xx_hal_tim_ex.o
                0x08007048                HAL_TIMEx_MasterConfigSynchronization
 .text.HAL_TIMEx_CommutCallback
                0x08007140       0x14 ./Drivers/STM32F4xx_HAL_Driver/Src/stm32f4xx_hal_tim_ex.o
                0x08007140                HAL_TIMEx_CommutCallback
 .text.HAL_TIMEx_BreakCallback
                0x08007154       0x14 ./Drivers/STM32F4xx_HAL_Driver/Src/stm32f4xx_hal_tim_ex.o
                0x08007154                HAL_TIMEx_BreakCallback
 .text.HAL_UART_Init
                0x08007168       0xa0 ./Drivers/STM32F4xx_HAL_Driver/Src/stm32f4xx_hal_uart.o
                0x08007168                HAL_UART_Init
 .text.HAL_UART_Transmit
                0x08007208      0x116 ./Drivers/STM32F4xx_HAL_Driver/Src/stm32f4xx_hal_uart.o
                0x08007208                HAL_UART_Transmit
 .text.UART_WaitOnFlagUntilTimeout
                0x0800731e       0xb2 ./Drivers/STM32F4xx_HAL_Driver/Src/stm32f4xx_hal_uart.o
 .text.UART_EndRxTransfer
                0x080073d0       0xc6 ./Drivers/STM32F4xx_HAL_Driver/Src/stm32f4xx_hal_uart.o
 *fill*         0x08007496        0x2 
 .text.UART_SetConfig
                0x08007498      0x4e8 ./Drivers/STM32F4xx_HAL_Driver/Src/stm32f4xx_hal_uart.o
 .text.makeFreeRtosPriority
                0x08007980       0x30 ./Middlewares/Third_Party/FreeRTOS/Source/CMSIS_RTOS/cmsis_os.o
 .text.osKernelStart
                0x080079b0        0xe ./Middlewares/Third_Party/FreeRTOS/Source/CMSIS_RTOS/cmsis_os.o
                0x080079b0                osKernelStart
 .text.osThreadCreate
                0x080079be       0x98 ./Middlewares/Third_Party/FreeRTOS/Source/CMSIS_RTOS/cmsis_os.o
                0x080079be                osThreadCreate
 .text.osDelay  0x08007a56       0x28 ./Middlewares/Third_Party/FreeRTOS/Source/CMSIS_RTOS/cmsis_os.o
                0x08007a56                osDelay
 .text.vListInitialise
                0x08007a7e       0x40 ./Middlewares/Third_Party/FreeRTOS/Source/list.o
                0x08007a7e                vListInitialise
 .text.vListInitialiseItem
                0x08007abe       0x1a ./Middlewares/Third_Party/FreeRTOS/Source/list.o
                0x08007abe                vListInitialiseItem
 .text.vListInsertEnd
                0x08007ad8       0x48 ./Middlewares/Third_Party/FreeRTOS/Source/list.o
                0x08007ad8                vListInsertEnd
 .text.vListInsert
                0x08007b20       0x72 ./Middlewares/Third_Party/FreeRTOS/Source/list.o
                0x08007b20                vListInsert
 .text.uxListRemove
                0x08007b92       0x54 ./Middlewares/Third_Party/FreeRTOS/Source/list.o
                0x08007b92                uxListRemove
 *fill*         0x08007be6        0x2 
 .text.xQueueGenericReset
                0x08007be8       0xd4 ./Middlewares/Third_Party/FreeRTOS/Source/queue.o
                0x08007be8                xQueueGenericReset
 .text.xQueueGenericCreate
                0x08007cbc       0x76 ./Middlewares/Third_Party/FreeRTOS/Source/queue.o
                0x08007cbc                xQueueGenericCreate
 .text.prvInitialiseNewQueue
                0x08007d32       0x3e ./Middlewares/Third_Party/FreeRTOS/Source/queue.o
 .text.prvInitialiseMutex
                0x08007d70       0x34 ./Middlewares/Third_Party/FreeRTOS/Source/queue.o
 .text.xQueueCreateMutex
                0x08007da4       0x30 ./Middlewares/Third_Party/FreeRTOS/Source/queue.o
                0x08007da4                xQueueCreateMutex
 .text.xQueueGenericSend
                0x08007dd4      0x204 ./Middlewares/Third_Party/FreeRTOS/Source/queue.o
                0x08007dd4                xQueueGenericSend
 .text.xQueueSemaphoreTake
                0x08007fd8      0x220 ./Middlewares/Third_Party/FreeRTOS/Source/queue.o
                0x08007fd8                xQueueSemaphoreTake
 .text.prvGetDisinheritPriorityAfterTimeout
                0x080081f8       0x30 ./Middlewares/Third_Party/FreeRTOS/Source/queue.o
 .text.prvCopyDataToQueue
                0x08008228       0xd4 ./Middlewares/Third_Party/FreeRTOS/Source/queue.o
 .text.prvUnlockQueue
                0x080082fc       0xa4 ./Middlewares/Third_Party/FreeRTOS/Source/queue.o
 .text.prvIsQueueEmpty
                0x080083a0       0x2c ./Middlewares/Third_Party/FreeRTOS/Source/queue.o
 .text.prvIsQueueFull
                0x080083cc       0x30 ./Middlewares/Third_Party/FreeRTOS/Source/queue.o
 .text.xTaskCreateStatic
                0x080083fc       0xc0 ./Middlewares/Third_Party/FreeRTOS/Source/tasks.o
                0x080083fc                xTaskCreateStatic
 .text.xTaskCreate
                0x080084bc       0x8a ./Middlewares/Third_Party/FreeRTOS/Source/tasks.o
                0x080084bc                xTaskCreate
 *fill*         0x08008546        0x2 
 .text.prvInitialiseNewTask
                0x08008548      0x140 ./Middlewares/Third_Party/FreeRTOS/Source/tasks.o
 .text.prvAddNewTaskToReadyList
                0x08008688       0xd4 ./Middlewares/Third_Party/FreeRTOS/Source/tasks.o
 .text.vTaskDelay
                0x0800875c       0x6c ./Middlewares/Third_Party/FreeRTOS/Source/tasks.o
                0x0800875c                vTaskDelay
 .text.vTaskStartScheduler
                0x080087c8       0xd4 ./Middlewares/Third_Party/FreeRTOS/Source/tasks.o
                0x080087c8                vTaskStartScheduler
 .text.vTaskSuspendAll
                0x0800889c       0x1c ./Middlewares/Third_Party/FreeRTOS/Source/tasks.o
                0x0800889c                vTaskSuspendAll
 .text.xTaskResumeAll
                0x080088b8      0x13c ./Middlewares/Third_Party/FreeRTOS/Source/tasks.o
                0x080088b8                xTaskResumeAll
 .text.xTaskIncrementTick
                0x080089f4      0x174 ./Middlewares/Third_Party/FreeRTOS/Source/tasks.o
                0x080089f4                xTaskIncrementTick
 .text.vTaskSwitchContext
                0x08008b68       0xc8 ./Middlewares/Third_Party/FreeRTOS/Source/tasks.o
                0x08008b68                vTaskSwitchContext
 .text.vTaskPlaceOnEventList
                0x08008c30       0x4c ./Middlewares/Third_Party/FreeRTOS/Source/tasks.o
                0x08008c30                vTaskPlaceOnEventList
 .text.xTaskRemoveFromEventList
                0x08008c7c       0xc8 ./Middlewares/Third_Party/FreeRTOS/Source/tasks.o
                0x08008c7c                xTaskRemoveFromEventList
 .text.vTaskInternalSetTimeOutState
                0x08008d44       0x2c ./Middlewares/Third_Party/FreeRTOS/Source/tasks.o
                0x08008d44                vTaskInternalSetTimeOutState
 .text.xTaskCheckForTimeOut
                0x08008d70       0xc8 ./Middlewares/Third_Party/FreeRTOS/Source/tasks.o
                0x08008d70                xTaskCheckForTimeOut
 .text.vTaskMissedYield
                0x08008e38       0x18 ./Middlewares/Third_Party/FreeRTOS/Source/tasks.o
                0x08008e38                vTaskMissedYield
 .text.prvIdleTask
                0x08008e50       0x30 ./Middlewares/Third_Party/FreeRTOS/Source/tasks.o
 .text.prvInitialiseTaskLists
                0x08008e80       0x80 ./Middlewares/Third_Party/FreeRTOS/Source/tasks.o
 .text.prvCheckTasksWaitingTermination
                0x08008f00       0x5c ./Middlewares/Third_Party/FreeRTOS/Source/tasks.o
 .text.prvDeleteTCB
                0x08008f5c       0x6a ./Middlewares/Third_Party/FreeRTOS/Source/tasks.o
 *fill*         0x08008fc6        0x2 
 .text.prvResetNextTaskUnblockTime
                0x08008fc8       0x40 ./Middlewares/Third_Party/FreeRTOS/Source/tasks.o
 .text.xTaskGetSchedulerState
                0x08009008       0x3c ./Middlewares/Third_Party/FreeRTOS/Source/tasks.o
                0x08009008                xTaskGetSchedulerState
 .text.xTaskPriorityInherit
                0x08009044       0xec ./Middlewares/Third_Party/FreeRTOS/Source/tasks.o
                0x08009044                xTaskPriorityInherit
 .text.xTaskPriorityDisinherit
                0x08009130      0x110 ./Middlewares/Third_Party/FreeRTOS/Source/tasks.o
                0x08009130                xTaskPriorityDisinherit
 .text.vTaskPriorityDisinheritAfterTimeout
                0x08009240      0x120 ./Middlewares/Third_Party/FreeRTOS/Source/tasks.o
                0x08009240                vTaskPriorityDisinheritAfterTimeout
 .text.pvTaskIncrementMutexHeldCount
                0x08009360       0x28 ./Middlewares/Third_Party/FreeRTOS/Source/tasks.o
                0x08009360                pvTaskIncrementMutexHeldCount
 .text.ulTaskNotifyTake
                0x08009388       0x98 ./Middlewares/Third_Party/FreeRTOS/Source/tasks.o
                0x08009388                ulTaskNotifyTake
 .text.xTaskGenericNotify
                0x08009420      0x184 ./Middlewares/Third_Party/FreeRTOS/Source/tasks.o
                0x08009420                xTaskGenericNotify
 .text.vTaskNotifyGiveFromISR
                0x080095a4      0x12c ./Middlewares/Third_Party/FreeRTOS/Source/tasks.o
                0x080095a4                vTaskNotifyGiveFromISR
 .text.prvAddCurrentTaskToDelayedList
                0x080096d0       0xcc ./Middlewares/Third_Party/FreeRTOS/Source/tasks.o
 .text.pxPortInitialiseStack
                0x0800979c       0x68 ./Middlewares/Third_Party/FreeRTOS/Source/portable/GCC/ARM_CM4F/port.o
                0x0800979c                pxPortInitialiseStack
 .text.prvTaskExitError
                0x08009804       0x5c ./Middlewares/Third_Party/FreeRTOS/Source/portable/GCC/ARM_CM4F/port.o
 .text.SVC_Handler
                0x08009860       0x28 ./Middlewares/Third_Party/FreeRTOS/Source/portable/GCC/ARM_CM4F/port.o
                0x08009860                SVC_Handler
 .text.prvPortStartFirstTask
                0x08009888       0x28 ./Middlewares/Third_Party/FreeRTOS/Source/portable/GCC/ARM_CM4F/port.o
 .text.xPortStartScheduler
                0x080098b0      0x148 ./Middlewares/Third_Party/FreeRTOS/Source/portable/GCC/ARM_CM4F/port.o
                0x080098b0                xPortStartScheduler
 .text.vPortEnterCritical
                0x080099f8       0x64 ./Middlewares/Third_Party/FreeRTOS/Source/portable/GCC/ARM_CM4F/port.o
                0x080099f8                vPortEnterCritical
 .text.vPortExitCritical
                0x08009a5c       0x54 ./Middlewares/Third_Party/FreeRTOS/Source/portable/GCC/ARM_CM4F/port.o
                0x08009a5c                vPortExitCritical
 .text.PendSV_Handler
                0x08009ab0       0x68 ./Middlewares/Third_Party/FreeRTOS/Source/portable/GCC/ARM_CM4F/port.o
                0x08009ab0                PendSV_Handler
 .text.SysTick_Handler
                0x08009b18       0x44 ./Middlewares/Third_Party/FreeRTOS/Source/portable/GCC/ARM_CM4F/port.o
                0x08009b18                SysTick_Handler
 .text.vPortSetupTimerInterrupt
                0x08009b5c       0x48 ./Middlewares/Third_Party/FreeRTOS/Source/portable/GCC/ARM_CM4F/port.o
                0x08009b5c                vPortSetupTimerInterrupt
 .text.vPortEnableVFP
                0x08009ba4       0x14 ./Middlewares/Third_Party/FreeRTOS/Source/portable/GCC/ARM_CM4F/port.o
 .text.vPortValidateInterruptPriority
                0x08009bb8       0x84 ./Middlewares/Third_Party/FreeRTOS/Source/portable/GCC/ARM_CM4F/port.o
                0x08009bb8                vPortValidateInterruptPriority
 .text.pvPortMalloc
                0x08009c3c      0x19c ./Middlewares/Third_Party/FreeRTOS/Source/portable/MemMang/heap_4.o
                0x08009c3c                pvPortMalloc
 .text.vPortFree
                0x08009dd8       0xc8 ./Middlewares/Third_Party/FreeRTOS/Source/portable/MemMang/heap_4.o
                0x08009dd8                vPortFree
 .text.prvHeapInit
                0x08009ea0       0xc4 ./Middlewares/Third_Party/FreeRTOS/Source/portable/MemMang/heap_4.o
 .text.prvInsertBlockIntoFreeList
                0x08009f64       0xb4 ./Middlewares/Third_Party/FreeRTOS/Source/portable/MemMang/heap_4.o
 .text.__cvt    0x0800a018       0xca C:/STM_IDE/STM32CubeIDE_1.16.1/STM32CubeIDE/plugins/com.st.stm32cube.ide.mcu.externaltools.gnu-tools-for-stm32.12.3.rel1.win32_1.0.200.202406191623/tools/bin/../lib/gcc/arm-none-eabi/12.3.1/../../../../arm-none-eabi/lib/thumb/v7e-m+fp/hard\libc_nano.a(libc_a-nano-vfprintf_float.o)
                0x0800a018                __cvt
 .text.__exponent
                0x0800a0e2       0x74 C:/STM_IDE/STM32CubeIDE_1.16.1/STM32CubeIDE/plugins/com.st.stm32cube.ide.mcu.externaltools.gnu-tools-for-stm32.12.3.rel1.win32_1.0.200.202406191623/tools/bin/../lib/gcc/arm-none-eabi/12.3.1/../../../../arm-none-eabi/lib/thumb/v7e-m+fp/hard\libc_nano.a(libc_a-nano-vfprintf_float.o)
                0x0800a0e2                __exponent
 *fill*         0x0800a156        0x2 
 .text._printf_float
                0x0800a158      0x454 C:/STM_IDE/STM32CubeIDE_1.16.1/STM32CubeIDE/plugins/com.st.stm32cube.ide.mcu.externaltools.gnu-tools-for-stm32.12.3.rel1.win32_1.0.200.202406191623/tools/bin/../lib/gcc/arm-none-eabi/12.3.1/../../../../arm-none-eabi/lib/thumb/v7e-m+fp/hard\libc_nano.a(libc_a-nano-vfprintf_float.o)
                0x0800a158                _printf_float
 .text._printf_common
                0x0800a5ac       0xda C:/STM_IDE/STM32CubeIDE_1.16.1/STM32CubeIDE/plugins/com.st.stm32cube.ide.mcu.externaltools.gnu-tools-for-stm32.12.3.rel1.win32_1.0.200.202406191623/tools/bin/../lib/gcc/arm-none-eabi/12.3.1/../../../../arm-none-eabi/lib/thumb/v7e-m+fp/hard\libc_nano.a(libc_a-nano-vfprintf_i.o)
                0x0800a5ac                _printf_common
 *fill*         0x0800a686        0x2 
 .text._printf_i
                0x0800a688      0x240 C:/STM_IDE/STM32CubeIDE_1.16.1/STM32CubeIDE/plugins/com.st.stm32cube.ide.mcu.externaltools.gnu-tools-for-stm32.12.3.rel1.win32_1.0.200.202406191623/tools/bin/../lib/gcc/arm-none-eabi/12.3.1/../../../../arm-none-eabi/lib/thumb/v7e-m+fp/hard\libc_nano.a(libc_a-nano-vfprintf_i.o)
                0x0800a688                _printf_i
 .text.std      0x0800a8c8       0x6c C:/STM_IDE/STM32CubeIDE_1.16.1/STM32CubeIDE/plugins/com.st.stm32cube.ide.mcu.externaltools.gnu-tools-for-stm32.12.3.rel1.win32_1.0.200.202406191623/tools/bin/../lib/gcc/arm-none-eabi/12.3.1/../../../../arm-none-eabi/lib/thumb/v7e-m+fp/hard\libc_nano.a(libc_a-findfp.o)
 .text.stdio_exit_handler
                0x0800a934       0x18 C:/STM_IDE/STM32CubeIDE_1.16.1/STM32CubeIDE/plugins/com.st.stm32cube.ide.mcu.externaltools.gnu-tools-for-stm32.12.3.rel1.win32_1.0.200.202406191623/tools/bin/../lib/gcc/arm-none-eabi/12.3.1/../../../../arm-none-eabi/lib/thumb/v7e-m+fp/hard\libc_nano.a(libc_a-findfp.o)
 .text.cleanup_stdio
                0x0800a94c       0x40 C:/STM_IDE/STM32CubeIDE_1.16.1/STM32CubeIDE/plugins/com.st.stm32cube.ide.mcu.externaltools.gnu-tools-for-stm32.12.3.rel1.win32_1.0.200.202406191623/tools/bin/../lib/gcc/arm-none-eabi/12.3.1/../../../../arm-none-eabi/lib/thumb/v7e-m+fp/hard\libc_nano.a(libc_a-findfp.o)
 .text.global_stdio_init.part.0
                0x0800a98c       0x3c C:/STM_IDE/STM32CubeIDE_1.16.1/STM32CubeIDE/plugins/com.st.stm32cube.ide.mcu.externaltools.gnu-tools-for-stm32.12.3.rel1.win32_1.0.200.202406191623/tools/bin/../lib/gcc/arm-none-eabi/12.3.1/../../../../arm-none-eabi/lib/thumb/v7e-m+fp/hard\libc_nano.a(libc_a-findfp.o)
 .text.__sfp_lock_acquire
                0x0800a9c8        0xc C:/STM_IDE/STM32CubeIDE_1.16.1/STM32CubeIDE/plugins/com.st.stm32cube.ide.mcu.externaltools.gnu-tools-for-stm32.12.3.rel1.win32_1.0.200.202406191623/tools/bin/../lib/gcc/arm-none-eabi/12.3.1/../../../../arm-none-eabi/lib/thumb/v7e-m+fp/hard\libc_nano.a(libc_a-findfp.o)
                0x0800a9c8                __sfp_lock_acquire
 .text.__sfp_lock_release
                0x0800a9d4        0xc C:/STM_IDE/STM32CubeIDE_1.16.1/STM32CubeIDE/plugins/com.st.stm32cube.ide.mcu.externaltools.gnu-tools-for-stm32.12.3.rel1.win32_1.0.200.202406191623/tools/bin/../lib/gcc/arm-none-eabi/12.3.1/../../../../arm-none-eabi/lib/thumb/v7e-m+fp/hard\libc_nano.a(libc_a-findfp.o)
                0x0800a9d4                __sfp_lock_release
 .text.__sinit  0x0800a9e0       0x30 C:/STM_IDE/STM32CubeIDE_1.16.1/STM32CubeIDE/plugins/com.st.stm32cube.ide.mcu.externaltools.gnu-tools-for-stm32.12.3.rel1.win32_1.0.200.202406191623/tools/bin/../lib/gcc/arm-none-eabi/12.3.1/../../../../arm-none-eabi/lib/thumb/v7e-m+fp/hard\libc_nano.a(libc_a-findfp.o)
                0x0800a9e0                __sinit
 .text._fwalk_sglue
                0x0800aa10       0x3c C:/STM_IDE/STM32CubeIDE_1.16.1/STM32CubeIDE/plugins/com.st.stm32cube.ide.mcu.externaltools.gnu-tools-for-stm32.12.3.rel1.win32_1.0.200.202406191623/tools/bin/../lib/gcc/arm-none-eabi/12.3.1/../../../../arm-none-eabi/lib/thumb/v7e-m+fp/hard\libc_nano.a(libc_a-fwalk.o)
                0x0800aa10                _fwalk_sglue
 .text.snprintf
                0x0800aa4c       0x68 C:/STM_IDE/STM32CubeIDE_1.16.1/STM32CubeIDE/plugins/com.st.stm32cube.ide.mcu.externaltools.gnu-tools-for-stm32.12.3.rel1.win32_1.0.200.202406191623/tools/bin/../lib/gcc/arm-none-eabi/12.3.1/../../../../arm-none-eabi/lib/thumb/v7e-m+fp/hard\libc_nano.a(libc_a-snprintf.o)
                0x0800aa4c                sniprintf
                0x0800aa4c                snprintf
 .text.sprintf  0x0800aab4       0x40 C:/STM_IDE/STM32CubeIDE_1.16.1/STM32CubeIDE/plugins/com.st.stm32cube.ide.mcu.externaltools.gnu-tools-for-stm32.12.3.rel1.win32_1.0.200.202406191623/tools/bin/../lib/gcc/arm-none-eabi/12.3.1/../../../../arm-none-eabi/lib/thumb/v7e-m+fp/hard\libc_nano.a(libc_a-sprintf.o)
                0x0800aab4                siprintf
                0x0800aab4                sprintf
 .text.__sread  0x0800aaf4       0x22 C:/STM_IDE/STM32CubeIDE_1.16.1/STM32CubeIDE/plugins/com.st.stm32cube.ide.mcu.externaltools.gnu-tools-for-stm32.12.3.rel1.win32_1.0.200.202406191623/tools/bin/../lib/gcc/arm-none-eabi/12.3.1/../../../../arm-none-eabi/lib/thumb/v7e-m+fp/hard\libc_nano.a(libc_a-stdio.o)
                0x0800aaf4                __sread
 .text.__swrite
                0x0800ab16       0x38 C:/STM_IDE/STM32CubeIDE_1.16.1/STM32CubeIDE/plugins/com.st.stm32cube.ide.mcu.externaltools.gnu-tools-for-stm32.12.3.rel1.win32_1.0.200.202406191623/tools/bin/../lib/gcc/arm-none-eabi/12.3.1/../../../../arm-none-eabi/lib/thumb/v7e-m+fp/hard\libc_nano.a(libc_a-stdio.o)
                0x0800ab16                __swrite
 .text.__sseek  0x0800ab4e       0x24 C:/STM_IDE/STM32CubeIDE_1.16.1/STM32CubeIDE/plugins/com.st.stm32cube.ide.mcu.externaltools.gnu-tools-for-stm32.12.3.rel1.win32_1.0.200.202406191623/tools/bin/../lib/gcc/arm-none-eabi/12.3.1/../../../../arm-none-eabi/lib/thumb/v7e-m+fp/hard\libc_nano.a(libc_a-stdio.o)
                0x0800ab4e                __sseek
 .text.__sclose
                0x0800ab72        0x8 C:/STM_IDE/STM32CubeIDE_1.16.1/STM32CubeIDE/plugins/com.st.stm32cube.ide.mcu.externaltools.gnu-tools-for-stm32.12.3.rel1.win32_1.0.200.202406191623/tools/bin/../lib/gcc/arm-none-eabi/12.3.1/../../../../arm-none-eabi/lib/thumb/v7e-m+fp/hard\libc_nano.a(libc_a-stdio.o)
                0x0800ab72                __sclose
 .text.memset   0x0800ab7a       0x10 C:/STM_IDE/STM32CubeIDE_1.16.1/STM32CubeIDE/plugins/com.st.stm32cube.ide.mcu.externaltools.gnu-tools-for-stm32.12.3.rel1.win32_1.0.200.202406191623/tools/bin/../lib/gcc/arm-none-eabi/12.3.1/../../../../arm-none-eabi/lib/thumb/v7e-m+fp/hard\libc_nano.a(libc_a-memset.o)
                0x0800ab7a                memset
 *fill*         0x0800ab8a        0x2 
 .text._localeconv_r
                0x0800ab8c        0x8 C:/STM_IDE/STM32CubeIDE_1.16.1/STM32CubeIDE/plugins/com.st.stm32cube.ide.mcu.externaltools.gnu-tools-for-stm32.12.3.rel1.win32_1.0.200.202406191623/tools/bin/../lib/gcc/arm-none-eabi/12.3.1/../../../../arm-none-eabi/lib/thumb/v7e-m+fp/hard\libc_nano.a(libc_a-localeconv.o)
                0x0800ab8c                _localeconv_r
 .text._close_r
                0x0800ab94       0x20 C:/STM_IDE/STM32CubeIDE_1.16.1/STM32CubeIDE/plugins/com.st.stm32cube.ide.mcu.externaltools.gnu-tools-for-stm32.12.3.rel1.win32_1.0.200.202406191623/tools/bin/../lib/gcc/arm-none-eabi/12.3.1/../../../../arm-none-eabi/lib/thumb/v7e-m+fp/hard\libc_nano.a(libc_a-closer.o)
                0x0800ab94                _close_r
 .text._reclaim_reent
                0x0800abb4       0xac C:/STM_IDE/STM32CubeIDE_1.16.1/STM32CubeIDE/plugins/com.st.stm32cube.ide.mcu.externaltools.gnu-tools-for-stm32.12.3.rel1.win32_1.0.200.202406191623/tools/bin/../lib/gcc/arm-none-eabi/12.3.1/../../../../arm-none-eabi/lib/thumb/v7e-m+fp/hard\libc_nano.a(libc_a-reent.o)
                0x0800abb4                _reclaim_reent
 .text._lseek_r
                0x0800ac60       0x24 C:/STM_IDE/STM32CubeIDE_1.16.1/STM32CubeIDE/plugins/com.st.stm32cube.ide.mcu.externaltools.gnu-tools-for-stm32.12.3.rel1.win32_1.0.200.202406191623/tools/bin/../lib/gcc/arm-none-eabi/12.3.1/../../../../arm-none-eabi/lib/thumb/v7e-m+fp/hard\libc_nano.a(libc_a-lseekr.o)
                0x0800ac60                _lseek_r
 .text._read_r  0x0800ac84       0x24 C:/STM_IDE/STM32CubeIDE_1.16.1/STM32CubeIDE/plugins/com.st.stm32cube.ide.mcu.externaltools.gnu-tools-for-stm32.12.3.rel1.win32_1.0.200.202406191623/tools/bin/../lib/gcc/arm-none-eabi/12.3.1/../../../../arm-none-eabi/lib/thumb/v7e-m+fp/hard\libc_nano.a(libc_a-readr.o)
                0x0800ac84                _read_r
 .text._write_r
                0x0800aca8       0x24 C:/STM_IDE/STM32CubeIDE_1.16.1/STM32CubeIDE/plugins/com.st.stm32cube.ide.mcu.externaltools.gnu-tools-for-stm32.12.3.rel1.win32_1.0.200.202406191623/tools/bin/../lib/gcc/arm-none-eabi/12.3.1/../../../../arm-none-eabi/lib/thumb/v7e-m+fp/hard\libc_nano.a(libc_a-writer.o)
                0x0800aca8                _write_r
 .text.__errno  0x0800accc        0xc C:/STM_IDE/STM32CubeIDE_1.16.1/STM32CubeIDE/plugins/com.st.stm32cube.ide.mcu.externaltools.gnu-tools-for-stm32.12.3.rel1.win32_1.0.200.202406191623/tools/bin/../lib/gcc/arm-none-eabi/12.3.1/../../../../arm-none-eabi/lib/thumb/v7e-m+fp/hard\libc_nano.a(libc_a-errno.o)
                0x0800accc                __errno
 .text.__libc_init_array
                0x0800acd8       0x48 C:/STM_IDE/STM32CubeIDE_1.16.1/STM32CubeIDE/plugins/com.st.stm32cube.ide.mcu.externaltools.gnu-tools-for-stm32.12.3.rel1.win32_1.0.200.202406191623/tools/bin/../lib/gcc/arm-none-eabi/12.3.1/../../../../arm-none-eabi/lib/thumb/v7e-m+fp/hard\libc_nano.a(libc_a-init.o)
                0x0800acd8                __libc_init_array
 .text.__retarget_lock_init_recursive
                0x0800ad20        0x2 C:/STM_IDE/STM32CubeIDE_1.16.1/STM32CubeIDE/plugins/com.st.stm32cube.ide.mcu.externaltools.gnu-tools-for-stm32.12.3.rel1.win32_1.0.200.202406191623/tools/bin/../lib/gcc/arm-none-eabi/12.3.1/../../../../arm-none-eabi/lib/thumb/v7e-m+fp/hard\libc_nano.a(libc_a-lock.o)
                0x0800ad20                __retarget_lock_init_recursive
 .text.__retarget_lock_acquire_recursive
                0x0800ad22        0x2 C:/STM_IDE/STM32CubeIDE_1.16.1/STM32CubeIDE/plugins/com.st.stm32cube.ide.mcu.externaltools.gnu-tools-for-stm32.12.3.rel1.win32_1.0.200.202406191623/tools/bin/../lib/gcc/arm-none-eabi/12.3.1/../../../../arm-none-eabi/lib/thumb/v7e-m+fp/hard\libc_nano.a(libc_a-lock.o)
                0x0800ad22                __retarget_lock_acquire_recursive
 .text.__retarget_lock_release_recursive
                0x0800ad24        0x2 C:/STM_IDE/STM32CubeIDE_1.16.1/STM32CubeIDE/plugins/com.st.stm32cube.ide.mcu.externaltools.gnu-tools-for-stm32.12.3.rel1.win32_1.0.200.202406191623/tools/bin/../lib/gcc/arm-none-eabi/12.3.1/../../../../arm-none-eabi/lib/thumb/v7e-m+fp/hard\libc_nano.a(libc_a-lock.o)
                0x0800ad24                __retarget_lock_release_recursive
 .text.memcpy   0x0800ad26       0x1c C:/STM_IDE/STM32CubeIDE_1.16.1/STM32CubeIDE/plugins/com.st.stm32cube.ide.mcu.externaltools.gnu-tools-for-stm32.12.3.rel1.win32_1.0.200.202406191623/tools/bin/../lib/gcc/arm-none-eabi/12.3.1/../../../../arm-none-eabi/lib/thumb/v7e-m+fp/hard\libc_nano.a(libc_a-memcpy-stub.o)
                0x0800ad26                memcpy
 .text.quorem   0x0800ad42      0x110 C:/STM_IDE/STM32CubeIDE_1.16.1/STM32CubeIDE/plugins/com.st.stm32cube.ide.mcu.externaltools.gnu-tools-for-stm32.12.3.rel1.win32_1.0.200.202406191623/tools/bin/../lib/gcc/arm-none-eabi/12.3.1/../../../../arm-none-eabi/lib/thumb/v7e-m+fp/hard\libc_nano.a(libc_a-dtoa.o)
 *fill*         0x0800ae52        0x6 
 .text._dtoa_r  0x0800ae58      0xb88 C:/STM_IDE/STM32CubeIDE_1.16.1/STM32CubeIDE/plugins/com.st.stm32cube.ide.mcu.externaltools.gnu-tools-for-stm32.12.3.rel1.win32_1.0.200.202406191623/tools/bin/../lib/gcc/arm-none-eabi/12.3.1/../../../../arm-none-eabi/lib/thumb/v7e-m+fp/hard\libc_nano.a(libc_a-dtoa.o)
                0x0800ae58                _dtoa_r
 .text._free_r  0x0800b9e0       0x94 C:/STM_IDE/STM32CubeIDE_1.16.1/STM32CubeIDE/plugins/com.st.stm32cube.ide.mcu.externaltools.gnu-tools-for-stm32.12.3.rel1.win32_1.0.200.202406191623/tools/bin/../lib/gcc/arm-none-eabi/12.3.1/../../../../arm-none-eabi/lib/thumb/v7e-m+fp/hard\libc_nano.a(libc_a-freer.o)
                0x0800b9e0                _free_r
 .text.malloc   0x0800ba74       0x10 C:/STM_IDE/STM32CubeIDE_1.16.1/STM32CubeIDE/plugins/com.st.stm32cube.ide.mcu.externaltools.gnu-tools-for-stm32.12.3.rel1.win32_1.0.200.202406191623/tools/bin/../lib/gcc/arm-none-eabi/12.3.1/../../../../arm-none-eabi/lib/thumb/v7e-m+fp/hard\libc_nano.a(libc_a-malloc.o)
                0x0800ba74                malloc
 .text.sbrk_aligned
                0x0800ba84       0x44 C:/STM_IDE/STM32CubeIDE_1.16.1/STM32CubeIDE/plugins/com.st.stm32cube.ide.mcu.externaltools.gnu-tools-for-stm32.12.3.rel1.win32_1.0.200.202406191623/tools/bin/../lib/gcc/arm-none-eabi/12.3.1/../../../../arm-none-eabi/lib/thumb/v7e-m+fp/hard\libc_nano.a(libc_a-mallocr.o)
 .text._malloc_r
                0x0800bac8      0x100 C:/STM_IDE/STM32CubeIDE_1.16.1/STM32CubeIDE/plugins/com.st.stm32cube.ide.mcu.externaltools.gnu-tools-for-stm32.12.3.rel1.win32_1.0.200.202406191623/tools/bin/../lib/gcc/arm-none-eabi/12.3.1/../../../../arm-none-eabi/lib/thumb/v7e-m+fp/hard\libc_nano.a(libc_a-mallocr.o)
                0x0800bac8                _malloc_r
 .text.__malloc_lock
                0x0800bbc8        0xc C:/STM_IDE/STM32CubeIDE_1.16.1/STM32CubeIDE/plugins/com.st.stm32cube.ide.mcu.externaltools.gnu-tools-for-stm32.12.3.rel1.win32_1.0.200.202406191623/tools/bin/../lib/gcc/arm-none-eabi/12.3.1/../../../../arm-none-eabi/lib/thumb/v7e-m+fp/hard\libc_nano.a(libc_a-mlock.o)
                0x0800bbc8                __malloc_lock
 .text.__malloc_unlock
                0x0800bbd4        0xc C:/STM_IDE/STM32CubeIDE_1.16.1/STM32CubeIDE/plugins/com.st.stm32cube.ide.mcu.externaltools.gnu-tools-for-stm32.12.3.rel1.win32_1.0.200.202406191623/tools/bin/../lib/gcc/arm-none-eabi/12.3.1/../../../../arm-none-eabi/lib/thumb/v7e-m+fp/hard\libc_nano.a(libc_a-mlock.o)
                0x0800bbd4                __malloc_unlock
 .text._Balloc  0x0800bbe0       0x80 C:/STM_IDE/STM32CubeIDE_1.16.1/STM32CubeIDE/plugins/com.st.stm32cube.ide.mcu.externaltools.gnu-tools-for-stm32.12.3.rel1.win32_1.0.200.202406191623/tools/bin/../lib/gcc/arm-none-eabi/12.3.1/../../../../arm-none-eabi/lib/thumb/v7e-m+fp/hard\libc_nano.a(libc_a-mprec.o)
                0x0800bbe0                _Balloc
 .text._Bfree   0x0800bc60       0x44 C:/STM_IDE/STM32CubeIDE_1.16.1/STM32CubeIDE/plugins/com.st.stm32cube.ide.mcu.externaltools.gnu-tools-for-stm32.12.3.rel1.win32_1.0.200.202406191623/tools/bin/../lib/gcc/arm-none-eabi/12.3.1/../../../../arm-none-eabi/lib/thumb/v7e-m+fp/hard\libc_nano.a(libc_a-mprec.o)
                0x0800bc60                _Bfree
 .text.__multadd
                0x0800bca4       0x8c C:/STM_IDE/STM32CubeIDE_1.16.1/STM32CubeIDE/plugins/com.st.stm32cube.ide.mcu.externaltools.gnu-tools-for-stm32.12.3.rel1.win32_1.0.200.202406191623/tools/bin/../lib/gcc/arm-none-eabi/12.3.1/../../../../arm-none-eabi/lib/thumb/v7e-m+fp/hard\libc_nano.a(libc_a-mprec.o)
                0x0800bca4                __multadd
 .text.__hi0bits
                0x0800bd30       0x3e C:/STM_IDE/STM32CubeIDE_1.16.1/STM32CubeIDE/plugins/com.st.stm32cube.ide.mcu.externaltools.gnu-tools-for-stm32.12.3.rel1.win32_1.0.200.202406191623/tools/bin/../lib/gcc/arm-none-eabi/12.3.1/../../../../arm-none-eabi/lib/thumb/v7e-m+fp/hard\libc_nano.a(libc_a-mprec.o)
                0x0800bd30                __hi0bits
 .text.__lo0bits
                0x0800bd6e       0x5a C:/STM_IDE/STM32CubeIDE_1.16.1/STM32CubeIDE/plugins/com.st.stm32cube.ide.mcu.externaltools.gnu-tools-for-stm32.12.3.rel1.win32_1.0.200.202406191623/tools/bin/../lib/gcc/arm-none-eabi/12.3.1/../../../../arm-none-eabi/lib/thumb/v7e-m+fp/hard\libc_nano.a(libc_a-mprec.o)
                0x0800bd6e                __lo0bits
 .text.__i2b    0x0800bdc8       0x2c C:/STM_IDE/STM32CubeIDE_1.16.1/STM32CubeIDE/plugins/com.st.stm32cube.ide.mcu.externaltools.gnu-tools-for-stm32.12.3.rel1.win32_1.0.200.202406191623/tools/bin/../lib/gcc/arm-none-eabi/12.3.1/../../../../arm-none-eabi/lib/thumb/v7e-m+fp/hard\libc_nano.a(libc_a-mprec.o)
                0x0800bdc8                __i2b
 .text.__multiply
                0x0800bdf4      0x154 C:/STM_IDE/STM32CubeIDE_1.16.1/STM32CubeIDE/plugins/com.st.stm32cube.ide.mcu.externaltools.gnu-tools-for-stm32.12.3.rel1.win32_1.0.200.202406191623/tools/bin/../lib/gcc/arm-none-eabi/12.3.1/../../../../arm-none-eabi/lib/thumb/v7e-m+fp/hard\libc_nano.a(libc_a-mprec.o)
                0x0800bdf4                __multiply
 .text.__pow5mult
                0x0800bf48       0xb4 C:/STM_IDE/STM32CubeIDE_1.16.1/STM32CubeIDE/plugins/com.st.stm32cube.ide.mcu.externaltools.gnu-tools-for-stm32.12.3.rel1.win32_1.0.200.202406191623/tools/bin/../lib/gcc/arm-none-eabi/12.3.1/../../../../arm-none-eabi/lib/thumb/v7e-m+fp/hard\libc_nano.a(libc_a-mprec.o)
                0x0800bf48                __pow5mult
 .text.__lshift
                0x0800bffc       0xd8 C:/STM_IDE/STM32CubeIDE_1.16.1/STM32CubeIDE/plugins/com.st.stm32cube.ide.mcu.externaltools.gnu-tools-for-stm32.12.3.rel1.win32_1.0.200.202406191623/tools/bin/../lib/gcc/arm-none-eabi/12.3.1/../../../../arm-none-eabi/lib/thumb/v7e-m+fp/hard\libc_nano.a(libc_a-mprec.o)
                0x0800bffc                __lshift
 .text.__mcmp   0x0800c0d4       0x36 C:/STM_IDE/STM32CubeIDE_1.16.1/STM32CubeIDE/plugins/com.st.stm32cube.ide.mcu.externaltools.gnu-tools-for-stm32.12.3.rel1.win32_1.0.200.202406191623/tools/bin/../lib/gcc/arm-none-eabi/12.3.1/../../../../arm-none-eabi/lib/thumb/v7e-m+fp/hard\libc_nano.a(libc_a-mprec.o)
                0x0800c0d4                __mcmp
 *fill*         0x0800c10a        0x2 
 .text.__mdiff  0x0800c10c      0x128 C:/STM_IDE/STM32CubeIDE_1.16.1/STM32CubeIDE/plugins/com.st.stm32cube.ide.mcu.externaltools.gnu-tools-for-stm32.12.3.rel1.win32_1.0.200.202406191623/tools/bin/../lib/gcc/arm-none-eabi/12.3.1/../../../../arm-none-eabi/lib/thumb/v7e-m+fp/hard\libc_nano.a(libc_a-mprec.o)
                0x0800c10c                __mdiff
 .text.__d2b    0x0800c234       0xb0 C:/STM_IDE/STM32CubeIDE_1.16.1/STM32CubeIDE/plugins/com.st.stm32cube.ide.mcu.externaltools.gnu-tools-for-stm32.12.3.rel1.win32_1.0.200.202406191623/tools/bin/../lib/gcc/arm-none-eabi/12.3.1/../../../../arm-none-eabi/lib/thumb/v7e-m+fp/hard\libc_nano.a(libc_a-mprec.o)
                0x0800c234                __d2b
 .text.__ssputs_r
                0x0800c2e4       0xb6 C:/STM_IDE/STM32CubeIDE_1.16.1/STM32CubeIDE/plugins/com.st.stm32cube.ide.mcu.externaltools.gnu-tools-for-stm32.12.3.rel1.win32_1.0.200.202406191623/tools/bin/../lib/gcc/arm-none-eabi/12.3.1/../../../../arm-none-eabi/lib/thumb/v7e-m+fp/hard\libc_nano.a(libc_a-nano-svfprintf.o)
                0x0800c2e4                __ssputs_r
 *fill*         0x0800c39a        0x2 
 .text._svfprintf_r
                0x0800c39c      0x1f8 C:/STM_IDE/STM32CubeIDE_1.16.1/STM32CubeIDE/plugins/com.st.stm32cube.ide.mcu.externaltools.gnu-tools-for-stm32.12.3.rel1.win32_1.0.200.202406191623/tools/bin/../lib/gcc/arm-none-eabi/12.3.1/../../../../arm-none-eabi/lib/thumb/v7e-m+fp/hard\libc_nano.a(libc_a-nano-svfprintf.o)
                0x0800c39c                _svfiprintf_r
                0x0800c39c                _svfprintf_r
 .text.__sflush_r
                0x0800c594      0x108 C:/STM_IDE/STM32CubeIDE_1.16.1/STM32CubeIDE/plugins/com.st.stm32cube.ide.mcu.externaltools.gnu-tools-for-stm32.12.3.rel1.win32_1.0.200.202406191623/tools/bin/../lib/gcc/arm-none-eabi/12.3.1/../../../../arm-none-eabi/lib/thumb/v7e-m+fp/hard\libc_nano.a(libc_a-fflush.o)
                0x0800c594                __sflush_r
 .text._fflush_r
                0x0800c69c       0x50 C:/STM_IDE/STM32CubeIDE_1.16.1/STM32CubeIDE/plugins/com.st.stm32cube.ide.mcu.externaltools.gnu-tools-for-stm32.12.3.rel1.win32_1.0.200.202406191623/tools/bin/../lib/gcc/arm-none-eabi/12.3.1/../../../../arm-none-eabi/lib/thumb/v7e-m+fp/hard\libc_nano.a(libc_a-fflush.o)
                0x0800c69c                _fflush_r
 .text.memmove  0x0800c6ec       0x34 C:/STM_IDE/STM32CubeIDE_1.16.1/STM32CubeIDE/plugins/com.st.stm32cube.ide.mcu.externaltools.gnu-tools-for-stm32.12.3.rel1.win32_1.0.200.202406191623/tools/bin/../lib/gcc/arm-none-eabi/12.3.1/../../../../arm-none-eabi/lib/thumb/v7e-m+fp/hard\libc_nano.a(libc_a-memmove.o)
                0x0800c6ec                memmove
 .text._sbrk_r  0x0800c720       0x20 C:/STM_IDE/STM32CubeIDE_1.16.1/STM32CubeIDE/plugins/com.st.stm32cube.ide.mcu.externaltools.gnu-tools-for-stm32.12.3.rel1.win32_1.0.200.202406191623/tools/bin/../lib/gcc/arm-none-eabi/12.3.1/../../../../arm-none-eabi/lib/thumb/v7e-m+fp/hard\libc_nano.a(libc_a-sbrkr.o)
                0x0800c720                _sbrk_r
 .text.__assert_func
                0x0800c740       0x3c C:/STM_IDE/STM32CubeIDE_1.16.1/STM32CubeIDE/plugins/com.st.stm32cube.ide.mcu.externaltools.gnu-tools-for-stm32.12.3.rel1.win32_1.0.200.202406191623/tools/bin/../lib/gcc/arm-none-eabi/12.3.1/../../../../arm-none-eabi/lib/thumb/v7e-m+fp/hard\libc_nano.a(libc_a-assert.o)
                0x0800c740                __assert_func
 .text._calloc_r
                0x0800c77c       0x28 C:/STM_IDE/STM32CubeIDE_1.16.1/STM32CubeIDE/plugins/com.st.stm32cube.ide.mcu.externaltools.gnu-tools-for-stm32.12.3.rel1.win32_1.0.200.202406191623/tools/bin/../lib/gcc/arm-none-eabi/12.3.1/../../../../arm-none-eabi/lib/thumb/v7e-m+fp/hard\libc_nano.a(libc_a-callocr.o)
                0x0800c77c                _calloc_r
 .text.__ascii_mbtowc
                0x0800c7a4       0x24 C:/STM_IDE/STM32CubeIDE_1.16.1/STM32CubeIDE/plugins/com.st.stm32cube.ide.mcu.externaltools.gnu-tools-for-stm32.12.3.rel1.win32_1.0.200.202406191623/tools/bin/../lib/gcc/arm-none-eabi/12.3.1/../../../../arm-none-eabi/lib/thumb/v7e-m+fp/hard\libc_nano.a(libc_a-mbtowc_r.o)
                0x0800c7a4                __ascii_mbtowc
 .text._realloc_r
                0x0800c7c8       0x5c C:/STM_IDE/STM32CubeIDE_1.16.1/STM32CubeIDE/plugins/com.st.stm32cube.ide.mcu.externaltools.gnu-tools-for-stm32.12.3.rel1.win32_1.0.200.202406191623/tools/bin/../lib/gcc/arm-none-eabi/12.3.1/../../../../arm-none-eabi/lib/thumb/v7e-m+fp/hard\libc_nano.a(libc_a-reallocr.o)
                0x0800c7c8                _realloc_r
 .text.__ascii_wctomb
                0x0800c824       0x1a C:/STM_IDE/STM32CubeIDE_1.16.1/STM32CubeIDE/plugins/com.st.stm32cube.ide.mcu.externaltools.gnu-tools-for-stm32.12.3.rel1.win32_1.0.200.202406191623/tools/bin/../lib/gcc/arm-none-eabi/12.3.1/../../../../arm-none-eabi/lib/thumb/v7e-m+fp/hard\libc_nano.a(libc_a-wctomb_r.o)
                0x0800c824                __ascii_wctomb
 *fill*         0x0800c83e        0x2 
 .text.fprintf  0x0800c840       0x24 C:/STM_IDE/STM32CubeIDE_1.16.1/STM32CubeIDE/plugins/com.st.stm32cube.ide.mcu.externaltools.gnu-tools-for-stm32.12.3.rel1.win32_1.0.200.202406191623/tools/bin/../lib/gcc/arm-none-eabi/12.3.1/../../../../arm-none-eabi/lib/thumb/v7e-m+fp/hard\libc_nano.a(libc_a-fprintf.o)
                0x0800c840                fiprintf
                0x0800c840                fprintf
 .text.abort    0x0800c864        0xe C:/STM_IDE/STM32CubeIDE_1.16.1/STM32CubeIDE/plugins/com.st.stm32cube.ide.mcu.externaltools.gnu-tools-for-stm32.12.3.rel1.win32_1.0.200.202406191623/tools/bin/../lib/gcc/arm-none-eabi/12.3.1/../../../../arm-none-eabi/lib/thumb/v7e-m+fp/hard\libc_nano.a(libc_a-abort.o)
                0x0800c864                abort
 .text._malloc_usable_size_r
                0x0800c872       0x10 C:/STM_IDE/STM32CubeIDE_1.16.1/STM32CubeIDE/plugins/com.st.stm32cube.ide.mcu.externaltools.gnu-tools-for-stm32.12.3.rel1.win32_1.0.200.202406191623/tools/bin/../lib/gcc/arm-none-eabi/12.3.1/../../../../arm-none-eabi/lib/thumb/v7e-m+fp/hard\libc_nano.a(libc_a-msizer.o)
                0x0800c872                _malloc_usable_size_r
 .text.__sfputc_r
                0x0800c882       0x2e C:/STM_IDE/STM32CubeIDE_1.16.1/STM32CubeIDE/plugins/com.st.stm32cube.ide.mcu.externaltools.gnu-tools-for-stm32.12.3.rel1.win32_1.0.200.202406191623/tools/bin/../lib/gcc/arm-none-eabi/12.3.1/../../../../arm-none-eabi/lib/thumb/v7e-m+fp/hard\libc_nano.a(libc_a-nano-vfprintf.o)
 .text.__sfputs_r
                0x0800c8b0       0x24 C:/STM_IDE/STM32CubeIDE_1.16.1/STM32CubeIDE/plugins/com.st.stm32cube.ide.mcu.externaltools.gnu-tools-for-stm32.12.3.rel1.win32_1.0.200.202406191623/tools/bin/../lib/gcc/arm-none-eabi/12.3.1/../../../../arm-none-eabi/lib/thumb/v7e-m+fp/hard\libc_nano.a(libc_a-nano-vfprintf.o)
                0x0800c8b0                __sfputs_r
 .text._vfprintf_r
                0x0800c8d4      0x230 C:/STM_IDE/STM32CubeIDE_1.16.1/STM32CubeIDE/plugins/com.st.stm32cube.ide.mcu.externaltools.gnu-tools-for-stm32.12.3.rel1.win32_1.0.200.202406191623/tools/bin/../lib/gcc/arm-none-eabi/12.3.1/../../../../arm-none-eabi/lib/thumb/v7e-m+fp/hard\libc_nano.a(libc_a-nano-vfprintf.o)
                0x0800c8d4                _vfprintf_r
                0x0800c8d4                _vfiprintf_r
 .text.__swbuf_r
                0x0800cb04       0x7c C:/STM_IDE/STM32CubeIDE_1.16.1/STM32CubeIDE/plugins/com.st.stm32cube.ide.mcu.externaltools.gnu-tools-for-stm32.12.3.rel1.win32_1.0.200.202406191623/tools/bin/../lib/gcc/arm-none-eabi/12.3.1/../../../../arm-none-eabi/lib/thumb/v7e-m+fp/hard\libc_nano.a(libc_a-wbuf.o)
                0x0800cb04                __swbuf_r
 .text.__swsetup_r
                0x0800cb80       0xac C:/STM_IDE/STM32CubeIDE_1.16.1/STM32CubeIDE/plugins/com.st.stm32cube.ide.mcu.externaltools.gnu-tools-for-stm32.12.3.rel1.win32_1.0.200.202406191623/tools/bin/../lib/gcc/arm-none-eabi/12.3.1/../../../../arm-none-eabi/lib/thumb/v7e-m+fp/hard\libc_nano.a(libc_a-wsetup.o)
                0x0800cb80                __swsetup_r
 .text._raise_r
                0x0800cc2c       0x50 C:/STM_IDE/STM32CubeIDE_1.16.1/STM32CubeIDE/plugins/com.st.stm32cube.ide.mcu.externaltools.gnu-tools-for-stm32.12.3.rel1.win32_1.0.200.202406191623/tools/bin/../lib/gcc/arm-none-eabi/12.3.1/../../../../arm-none-eabi/lib/thumb/v7e-m+fp/hard\libc_nano.a(libc_a-signal.o)
                0x0800cc2c                _raise_r
 .text.raise    0x0800cc7c       0x10 C:/STM_IDE/STM32CubeIDE_1.16.1/STM32CubeIDE/plugins/com.st.stm32cube.ide.mcu.externaltools.gnu-tools-for-stm32.12.3.rel1.win32_1.0.200.202406191623/tools/bin/../lib/gcc/arm-none-eabi/12.3.1/../../../../arm-none-eabi/lib/thumb/v7e-m+fp/hard\libc_nano.a(libc_a-signal.o)
                0x0800cc7c                raise
 .text._kill_r  0x0800cc8c       0x24 C:/STM_IDE/STM32CubeIDE_1.16.1/STM32CubeIDE/plugins/com.st.stm32cube.ide.mcu.externaltools.gnu-tools-for-stm32.12.3.rel1.win32_1.0.200.202406191623/tools/bin/../lib/gcc/arm-none-eabi/12.3.1/../../../../arm-none-eabi/lib/thumb/v7e-m+fp/hard\libc_nano.a(libc_a-signalr.o)
                0x0800cc8c                _kill_r
 .text._getpid_r
                0x0800ccb0        0x4 C:/STM_IDE/STM32CubeIDE_1.16.1/STM32CubeIDE/plugins/com.st.stm32cube.ide.mcu.externaltools.gnu-tools-for-stm32.12.3.rel1.win32_1.0.200.202406191623/tools/bin/../lib/gcc/arm-none-eabi/12.3.1/../../../../arm-none-eabi/lib/thumb/v7e-m+fp/hard\libc_nano.a(libc_a-signalr.o)
                0x0800ccb0                _getpid_r
 .text.__swhatbuf_r
                0x0800ccb4       0x4c C:/STM_IDE/STM32CubeIDE_1.16.1/STM32CubeIDE/plugins/com.st.stm32cube.ide.mcu.externaltools.gnu-tools-for-stm32.12.3.rel1.win32_1.0.200.202406191623/tools/bin/../lib/gcc/arm-none-eabi/12.3.1/../../../../arm-none-eabi/lib/thumb/v7e-m+fp/hard\libc_nano.a(libc_a-makebuf.o)
                0x0800ccb4                __swhatbuf_r
 .text.__smakebuf_r
                0x0800cd00       0x78 C:/STM_IDE/STM32CubeIDE_1.16.1/STM32CubeIDE/plugins/com.st.stm32cube.ide.mcu.externaltools.gnu-tools-for-stm32.12.3.rel1.win32_1.0.200.202406191623/tools/bin/../lib/gcc/arm-none-eabi/12.3.1/../../../../arm-none-eabi/lib/thumb/v7e-m+fp/hard\libc_nano.a(libc_a-makebuf.o)
                0x0800cd00                __smakebuf_r
 .text._fstat_r
                0x0800cd78       0x24 C:/STM_IDE/STM32CubeIDE_1.16.1/STM32CubeIDE/plugins/com.st.stm32cube.ide.mcu.externaltools.gnu-tools-for-stm32.12.3.rel1.win32_1.0.200.202406191623/tools/bin/../lib/gcc/arm-none-eabi/12.3.1/../../../../arm-none-eabi/lib/thumb/v7e-m+fp/hard\libc_nano.a(libc_a-fstatr.o)
                0x0800cd78                _fstat_r
 .text._isatty_r
                0x0800cd9c       0x20 C:/STM_IDE/STM32CubeIDE_1.16.1/STM32CubeIDE/plugins/com.st.stm32cube.ide.mcu.externaltools.gnu-tools-for-stm32.12.3.rel1.win32_1.0.200.202406191623/tools/bin/../lib/gcc/arm-none-eabi/12.3.1/../../../../arm-none-eabi/lib/thumb/v7e-m+fp/hard\libc_nano.a(libc_a-isattyr.o)
                0x0800cd9c                _isatty_r
 *fill*         0x0800cdbc        0x4 
 .text.log      0x0800cdc0       0x7c C:/STM_IDE/STM32CubeIDE_1.16.1/STM32CubeIDE/plugins/com.st.stm32cube.ide.mcu.externaltools.gnu-tools-for-stm32.12.3.rel1.win32_1.0.200.202406191623/tools/bin/../lib/gcc/arm-none-eabi/12.3.1/../../../../arm-none-eabi/lib/thumb/v7e-m+fp/hard\libm.a(libm_a-w_log.o)
                0x0800cdc0                log
 *fill*         0x0800ce3c        0x4 
 .text.nan      0x0800ce40       0x10 C:/STM_IDE/STM32CubeIDE_1.16.1/STM32CubeIDE/plugins/com.st.stm32cube.ide.mcu.externaltools.gnu-tools-for-stm32.12.3.rel1.win32_1.0.200.202406191623/tools/bin/../lib/gcc/arm-none-eabi/12.3.1/../../../../arm-none-eabi/lib/thumb/v7e-m+fp/hard\libm.a(libm_a-s_nan.o)
                0x0800ce40                nan
 .text.__ieee754_log
                0x0800ce50      0x36c C:/STM_IDE/STM32CubeIDE_1.16.1/STM32CubeIDE/plugins/com.st.stm32cube.ide.mcu.externaltools.gnu-tools-for-stm32.12.3.rel1.win32_1.0.200.202406191623/tools/bin/../lib/gcc/arm-none-eabi/12.3.1/../../../../arm-none-eabi/lib/thumb/v7e-m+fp/hard\libm.a(libm_a-e_log.o)
                0x0800ce50                __ieee754_log
 *(.glue_7)
 .glue_7        0x0800d1bc        0x0 linker stubs
 *(.glue_7t)
 .glue_7t       0x0800d1bc        0x0 linker stubs
 *(.eh_frame)
 .eh_frame      0x0800d1bc        0x0 C:/STM_IDE/STM32CubeIDE_1.16.1/STM32CubeIDE/plugins/com.st.stm32cube.ide.mcu.externaltools.gnu-tools-for-stm32.12.3.rel1.win32_1.0.200.202406191623/tools/bin/../lib/gcc/arm-none-eabi/12.3.1/thumb/v7e-m+fp/hard/crtbegin.o
 *(.init)
 .init          0x0800d1bc        0x4 C:/STM_IDE/STM32CubeIDE_1.16.1/STM32CubeIDE/plugins/com.st.stm32cube.ide.mcu.externaltools.gnu-tools-for-stm32.12.3.rel1.win32_1.0.200.202406191623/tools/bin/../lib/gcc/arm-none-eabi/12.3.1/thumb/v7e-m+fp/hard/crti.o
                0x0800d1bc                _init
 .init          0x0800d1c0        0x8 C:/STM_IDE/STM32CubeIDE_1.16.1/STM32CubeIDE/plugins/com.st.stm32cube.ide.mcu.externaltools.gnu-tools-for-stm32.12.3.rel1.win32_1.0.200.202406191623/tools/bin/../lib/gcc/arm-none-eabi/12.3.1/thumb/v7e-m+fp/hard/crtn.o
 *(.fini)
 .fini          0x0800d1c8        0x4 C:/STM_IDE/STM32CubeIDE_1.16.1/STM32CubeIDE/plugins/com.st.stm32cube.ide.mcu.externaltools.gnu-tools-for-stm32.12.3.rel1.win32_1.0.200.202406191623/tools/bin/../lib/gcc/arm-none-eabi/12.3.1/thumb/v7e-m+fp/hard/crti.o
                0x0800d1c8                _fini
 .fini          0x0800d1cc        0x8 C:/STM_IDE/STM32CubeIDE_1.16.1/STM32CubeIDE/plugins/com.st.stm32cube.ide.mcu.externaltools.gnu-tools-for-stm32.12.3.rel1.win32_1.0.200.202406191623/tools/bin/../lib/gcc/arm-none-eabi/12.3.1/thumb/v7e-m+fp/hard/crtn.o
                0x0800d1d4                        . = ALIGN (0x4)
                0x0800d1d4                        _etext = .

.vfp11_veneer   0x0800d1d4        0x0
 .vfp11_veneer  0x0800d1d4        0x0 linker stubs

.v4_bx          0x0800d1d4        0x0
 .v4_bx         0x0800d1d4        0x0 linker stubs

.iplt           0x0800d1d4        0x0
 .iplt          0x0800d1d4        0x0 C:/STM_IDE/STM32CubeIDE_1.16.1/STM32CubeIDE/plugins/com.st.stm32cube.ide.mcu.externaltools.gnu-tools-for-stm32.12.3.rel1.win32_1.0.200.202406191623/tools/bin/../lib/gcc/arm-none-eabi/12.3.1/thumb/v7e-m+fp/hard/crtbegin.o

.rodata         0x0800d1d8     0x13e0
                0x0800d1d8                        . = ALIGN (0x4)
 *(.rodata)
 .rodata        0x0800d1d8       0x1a ./Core/Src/bms_data/bms_data.o
 *fill*         0x0800d1f2        0x2 
 .rodata        0x0800d1f4       0x93 ./Core/Src/display/oled_display.o
 *fill*         0x0800d287        0x1 
 .rodata        0x0800d288      0x21f ./Core/Src/main.o
 *fill*         0x0800d4a7        0x1 
 .rodata        0x0800d4a8        0x5 ./Middlewares/Third_Party/FreeRTOS/Source/tasks.o
 *(.rodata*)
 *fill*         0x0800d4ad        0x3 
 .rodata.Font7x10
                0x0800d4b0      0x76c ./Core/Src/display/ssd1306_fonts.o
 .rodata.Font6x8
                0x0800dc1c      0x5f0 ./Core/Src/display/ssd1306_fonts.o
 .rodata.Font_6x8
                0x0800e20c        0xc ./Core/Src/display/ssd1306_fonts.o
                0x0800e20c                Font_6x8
 .rodata.Font_7x10
                0x0800e218        0xc ./Core/Src/display/ssd1306_fonts.o
                0x0800e218                Font_7x10
 .rodata.AHBPrescTable
                0x0800e224       0x10 ./Core/Src/system_stm32f4xx.o
                0x0800e224                AHBPrescTable
 .rodata.APBPrescTable
                0x0800e234        0x8 ./Core/Src/system_stm32f4xx.o
                0x0800e234                APBPrescTable
 .rodata.flagBitshiftOffset.0
                0x0800e23c        0x8 ./Drivers/STM32F4xx_HAL_Driver/Src/stm32f4xx_hal_dma.o
 .rodata._printf_float.str1.1
                0x0800e244       0x12 C:/STM_IDE/STM32CubeIDE_1.16.1/STM32CubeIDE/plugins/com.st.stm32cube.ide.mcu.externaltools.gnu-tools-for-stm32.12.3.rel1.win32_1.0.200.202406191623/tools/bin/../lib/gcc/arm-none-eabi/12.3.1/../../../../arm-none-eabi/lib/thumb/v7e-m+fp/hard\libc_nano.a(libc_a-nano-vfprintf_float.o)
 .rodata._printf_i.str1.1
                0x0800e256       0x22 C:/STM_IDE/STM32CubeIDE_1.16.1/STM32CubeIDE/plugins/com.st.stm32cube.ide.mcu.externaltools.gnu-tools-for-stm32.12.3.rel1.win32_1.0.200.202406191623/tools/bin/../lib/gcc/arm-none-eabi/12.3.1/../../../../arm-none-eabi/lib/thumb/v7e-m+fp/hard\libc_nano.a(libc_a-nano-vfprintf_i.o)
 .rodata._dtoa_r.str1.1
                0x0800e278       0x8d C:/STM_IDE/STM32CubeIDE_1.16.1/STM32CubeIDE/plugins/com.st.stm32cube.ide.mcu.externaltools.gnu-tools-for-stm32.12.3.rel1.win32_1.0.200.202406191623/tools/bin/../lib/gcc/arm-none-eabi/12.3.1/../../../../arm-none-eabi/lib/thumb/v7e-m+fp/hard\libc_nano.a(libc_a-dtoa.o)
                                 0x8f (size before relaxing)
 .rodata._Balloc.str1.1
                0x0800e305       0x59 C:/STM_IDE/STM32CubeIDE_1.16.1/STM32CubeIDE/plugins/com.st.stm32cube.ide.mcu.externaltools.gnu-tools-for-stm32.12.3.rel1.win32_1.0.200.202406191623/tools/bin/../lib/gcc/arm-none-eabi/12.3.1/../../../../arm-none-eabi/lib/thumb/v7e-m+fp/hard\libc_nano.a(libc_a-mprec.o)
                                 0x70 (size before relaxing)
 .rodata.__multadd.str1.1
                0x0800e35e       0x11 C:/STM_IDE/STM32CubeIDE_1.16.1/STM32CubeIDE/plugins/com.st.stm32cube.ide.mcu.externaltools.gnu-tools-for-stm32.12.3.rel1.win32_1.0.200.202406191623/tools/bin/../lib/gcc/arm-none-eabi/12.3.1/../../../../arm-none-eabi/lib/thumb/v7e-m+fp/hard\libc_nano.a(libc_a-mprec.o)
 *fill*         0x0800e35e        0x2 
 .rodata.p05.0  0x0800e360        0xc C:/STM_IDE/STM32CubeIDE_1.16.1/STM32CubeIDE/plugins/com.st.stm32cube.ide.mcu.externaltools.gnu-tools-for-stm32.12.3.rel1.win32_1.0.200.202406191623/tools/bin/../lib/gcc/arm-none-eabi/12.3.1/../../../../arm-none-eabi/lib/thumb/v7e-m+fp/hard\libc_nano.a(libc_a-mprec.o)
 *fill*         0x0800e36c        0x4 
 .rodata.__mprec_bigtens
                0x0800e370       0x28 C:/STM_IDE/STM32CubeIDE_1.16.1/STM32CubeIDE/plugins/com.st.stm32cube.ide.mcu.externaltools.gnu-tools-for-stm32.12.3.rel1.win32_1.0.200.202406191623/tools/bin/../lib/gcc/arm-none-eabi/12.3.1/../../../../arm-none-eabi/lib/thumb/v7e-m+fp/hard\libc_nano.a(libc_a-mprec.o)
                0x0800e370                __mprec_bigtens
 .rodata.__mprec_tens
                0x0800e398       0xc8 C:/STM_IDE/STM32CubeIDE_1.16.1/STM32CubeIDE/plugins/com.st.stm32cube.ide.mcu.externaltools.gnu-tools-for-stm32.12.3.rel1.win32_1.0.200.202406191623/tools/bin/../lib/gcc/arm-none-eabi/12.3.1/../../../../arm-none-eabi/lib/thumb/v7e-m+fp/hard\libc_nano.a(libc_a-mprec.o)
                0x0800e398                __mprec_tens
 .rodata._svfprintf_r.str1.1
                0x0800e460       0x11 C:/STM_IDE/STM32CubeIDE_1.16.1/STM32CubeIDE/plugins/com.st.stm32cube.ide.mcu.externaltools.gnu-tools-for-stm32.12.3.rel1.win32_1.0.200.202406191623/tools/bin/../lib/gcc/arm-none-eabi/12.3.1/../../../../arm-none-eabi/lib/thumb/v7e-m+fp/hard\libc_nano.a(libc_a-nano-svfprintf.o)
 .rodata._setlocale_r.str1.1
                0x0800e471        0x8 C:/STM_IDE/STM32CubeIDE_1.16.1/STM32CubeIDE/plugins/com.st.stm32cube.ide.mcu.externaltools.gnu-tools-for-stm32.12.3.rel1.win32_1.0.200.202406191623/tools/bin/../lib/gcc/arm-none-eabi/12.3.1/../../../../arm-none-eabi/lib/thumb/v7e-m+fp/hard\libc_nano.a(libc_a-locale.o)
                                  0x9 (size before relaxing)
 .rodata.str1.1
                0x0800e479        0x2 C:/STM_IDE/STM32CubeIDE_1.16.1/STM32CubeIDE/plugins/com.st.stm32cube.ide.mcu.externaltools.gnu-tools-for-stm32.12.3.rel1.win32_1.0.200.202406191623/tools/bin/../lib/gcc/arm-none-eabi/12.3.1/../../../../arm-none-eabi/lib/thumb/v7e-m+fp/hard\libc_nano.a(libc_a-locale.o)
 .rodata.__assert_func.str1.1
                0x0800e47b       0x3c C:/STM_IDE/STM32CubeIDE_1.16.1/STM32CubeIDE/plugins/com.st.stm32cube.ide.mcu.externaltools.gnu-tools-for-stm32.12.3.rel1.win32_1.0.200.202406191623/tools/bin/../lib/gcc/arm-none-eabi/12.3.1/../../../../arm-none-eabi/lib/thumb/v7e-m+fp/hard\libc_nano.a(libc_a-assert.o)
                                 0x3d (size before relaxing)
 .rodata._ctype_
                0x0800e4b7      0x101 C:/STM_IDE/STM32CubeIDE_1.16.1/STM32CubeIDE/plugins/com.st.stm32cube.ide.mcu.externaltools.gnu-tools-for-stm32.12.3.rel1.win32_1.0.200.202406191623/tools/bin/../lib/gcc/arm-none-eabi/12.3.1/../../../../arm-none-eabi/lib/thumb/v7e-m+fp/hard\libc_nano.a(libc_a-ctype_.o)
                0x0800e4b7                _ctype_
 .rodata._vfprintf_r.str1.1
                0x0800e5b8       0x11 C:/STM_IDE/STM32CubeIDE_1.16.1/STM32CubeIDE/plugins/com.st.stm32cube.ide.mcu.externaltools.gnu-tools-for-stm32.12.3.rel1.win32_1.0.200.202406191623/tools/bin/../lib/gcc/arm-none-eabi/12.3.1/../../../../arm-none-eabi/lib/thumb/v7e-m+fp/hard\libc_nano.a(libc_a-nano-vfprintf.o)
 .rodata.log.str1.1
                0x0800e5b8        0x1 C:/STM_IDE/STM32CubeIDE_1.16.1/STM32CubeIDE/plugins/com.st.stm32cube.ide.mcu.externaltools.gnu-tools-for-stm32.12.3.rel1.win32_1.0.200.202406191623/tools/bin/../lib/gcc/arm-none-eabi/12.3.1/../../../../arm-none-eabi/lib/thumb/v7e-m+fp/hard\libm.a(libm_a-w_log.o)
                0x0800e5cc                        . = ALIGN (0x4)

.ARM.extab      0x0800e5b8        0x0
                0x0800e5b8                        . = ALIGN (0x4)
 *(.ARM.extab* .gnu.linkonce.armextab.*)
                0x0800e5b8                        . = ALIGN (0x4)

.ARM            0x0800e5b8        0x8
                0x0800e5b8                        . = ALIGN (0x4)
                0x0800e5b8                        __exidx_start = .
 *(.ARM.exidx*)
 .ARM.exidx     0x0800e5b8        0x8 C:/STM_IDE/STM32CubeIDE_1.16.1/STM32CubeIDE/plugins/com.st.stm32cube.ide.mcu.externaltools.gnu-tools-for-stm32.12.3.rel1.win32_1.0.200.202406191623/tools/bin/../lib/gcc/arm-none-eabi/12.3.1/../../../../arm-none-eabi/lib/thumb/v7e-m+fp/hard\libc_nano.a(libc_a-memchr.o)
 .ARM.exidx     0x0800e5c0        0x0 C:/STM_IDE/STM32CubeIDE_1.16.1/STM32CubeIDE/plugins/com.st.stm32cube.ide.mcu.externaltools.gnu-tools-for-stm32.12.3.rel1.win32_1.0.200.202406191623/tools/bin/../lib/gcc/arm-none-eabi/12.3.1/../../../../arm-none-eabi/lib/thumb/v7e-m+fp/hard\libc_nano.a(libc_a-strlen.o)
                                  0x8 (size before relaxing)
 .ARM.exidx     0x0800e5c0        0x0 C:/STM_IDE/STM32CubeIDE_1.16.1/STM32CubeIDE/plugins/com.st.stm32cube.ide.mcu.externaltools.gnu-tools-for-stm32.12.3.rel1.win32_1.0.200.202406191623/tools/bin/../lib/gcc/arm-none-eabi/12.3.1/thumb/v7e-m+fp/hard\libgcc.a(_udivmoddi4.o)
                                  0x8 (size before relaxing)
                0x0800e5c0                        __exidx_end = .
                0x0800e5c0                        . = ALIGN (0x4)

.preinit_array  0x0800e5c0        0x0
                0x0800e5c0                        . = ALIGN (0x4)
                0x0800e5c0                        PROVIDE (__preinit_array_start = .)