../Core/Src/sensing/sensing.c:36:6:reconfigure_to_dual_mode	8	static
../Core/Src/sensing/sensing.c:47:6:reconfigure_to_temperature_channel	40	static
../Core/Src/sensing/sensing.c:93:6:read_temperature	8	static
../Core/Src/sensing/sensing.c:113:21:convert_adc_raw_voltage_in_mV	16	static
../Core/Src/sensing/sensing.c:118:21:convert_adc_raw_current_in_mA	24	static
../Core/Src/sensing/sensing.c:123:21:convert_adc_raw_temperature	32	static
../Core/Src/sensing/sensing.c:130:6:process_voltage_and_current_data	16	static
