../Core/Src/sensing/sensing.c:37:6:reconfigure_to_dual_mode	8	static
../Core/Src/sensing/sensing.c:48:6:reconfigure_to_temperature_channel	40	static
../Core/Src/sensing/sensing.c:95:6:read_temperature	8	static
../Core/Src/sensing/sensing.c:115:21:convert_adc_raw_voltage_in_mV	16	static
../Core/Src/sensing/sensing.c:120:21:convert_adc_raw_current_in_mA	24	static
../Core/Src/sensing/sensing.c:125:21:convert_adc_raw_temperature	32	static
../Core/Src/sensing/sensing.c:131:13:determine_status	4	static
../Core/Src/sensing/sensing.c:159:6:process_voltage_and_current_data	16	static
